ASxxxx Linker V03.00 + NoICE + sdld,  page 1.
Hexadecimal  [32-Bits]

Area                                    Addr        Size        Decimal Bytes (Attributes)
--------------------------------        ----        ----        ------- ----- ------------
CABS                                00000000    00000000 =           0. bytes (ABS,CON,CODE)

      Value  Global                              Global Defined In Module
      -----  --------------------------------   ------------------------
C:   00000000  l_CABS                          
C:   00000000  l_CONST                         
C:   00000000  l_GSINIT1                       
C:   00000000  l_GSINIT5                       
C:   00000000  l_IABS                          
C:   00000000  l_OSEG                          
C:   00000000  l_PSEG                          
C:   00000000  l_REG_BANK_2                    
C:   00000000  l_REG_BANK_3                    
C:   00000000  l_RSEG                          
C:   00000000  l_RSEG0                         
C:   00000000  l_RSEG1                         
C:   00000000  l_XABS                          
C:   00000000  l_XINIT                         
C:   00000000  l_XISEG                         
C:   00000000  l_XSEG                          
C:   00000000  l__CODE                         
C:   00000000  s_BSEG                          
C:   00000000  s_CABS                          
C:   00000000  s_DSEG                          
C:   00000000  s_HOME                          
C:   00000000  s_IABS                          
C:   00000000  s_REG_BANK_0                    
C:   00000000  s_RSEG                          
C:   00000000  s_RSEG0                         
C:   00000000  s_RSEG1                         
C:   00000000  s_XABS                          
C:   00000001  l_BIT_BANK                      
C:   00000001  l_BSEG                          
C:   00000001  l_BSEG_BYTES                    
C:   00000001  s_PSEG                          
C:   00000001  s_XISEG                         
C:   00000001  s_XSEG                          
C:   00000003  l_GSFINAL                       
C:   00000003  l_GSINIT0                       
C:   00000008  l_REG_BANK_0                    
C:   00000008  l_REG_BANK_1                    
C:   00000008  s_REG_BANK_1                    
C:   0000000A  l_GSINIT2                       
C:   00000010  s_REG_BANK_2                    
C:   00000018  s_REG_BANK_3                    
C:   00000020  s_BSEG_BYTES                    
C:   00000020  s__CODE                         
C:   00000021  s_BIT_BANK                      
C:   00000021  s_OSEG                          
C:   00000022  l_GSINIT3                       
C:   00000029  l_HOME                          
C:   00000029  s_GSINIT0                       
C:   0000002A  l_GSINIT4                       
C:   0000002C  s_GSINIT1                       
ASxxxx Linker V03.00 + NoICE + sdld,  page 2.
Hexadecimal  [32-Bits]

Area                                    Addr        Size        Decimal Bytes (Attributes)
--------------------------------        ----        ----        ------- ----- ------------
CABS                                00000000    00000000 =           0. bytes (ABS,CON,CODE)

      Value  Global                              Global Defined In Module
      -----  --------------------------------   ------------------------
C:   0000002C  s_GSINIT2                       
C:   00000036  s_GSINIT3                       
C:   00000039  s_ISEG                          
C:   00000044  l_GSINIT                        
C:   00000051  l_ISEG                          
C:   00000058  s_GSINIT4                       
C:   00000070  l_DSEG                          
C:   00000076  l_SSEG                          
C:   00000082  s_GSINIT                        
C:   00000082  s_GSINIT5                       
C:   0000008A  s_SSEG                          
C:   000000C6  s_GSFINAL                       
C:   000000C9  s_CSEG                          
C:   00000100  l_IRAM                          
C:   0000030C  l_CSEG                          
C:   000003D5  s_CONST                         
C:   000003D5  s_XINIT                         

ASxxxx Linker V03.00 + NoICE + sdld,  page 3.
Hexadecimal  [32-Bits]

Area                                    Addr        Size        Decimal Bytes (Attributes)
--------------------------------        ----        ----        ------- ----- ------------
.  .ABS.                            00000000    00000000 =           0. bytes (ABS,CON)

      Value  Global                              Global Defined In Module
      -----  --------------------------------   ------------------------
     00000000  .__.ABS.                           _startup
     00000080  G$P0$0_0$0                         main
     00000080  G$P0_0$0_0$0                       main
     00000080  _P0                                main
     00000080  _P0_0                              main
     00000081  G$P0_1$0_0$0                       main
     00000081  G$SP$0_0$0                         main
     00000081  _P0_1                              main
     00000081  _SP                                main
     00000082  G$DPL$0_0$0                        main
     00000082  G$P0_2$0_0$0                       main
     00000082  _DPL                               main
     00000082  _P0_2                              main
     00000083  G$DPH$0_0$0                        main
     00000083  G$P0_3$0_0$0                       main
     00000083  _DPH                               main
     00000083  _P0_3                              main
     00000084  G$P0_4$0_0$0                       main
     00000084  _P0_4                              main
     00000085  G$P0_5$0_0$0                       main
     00000085  _P0_5                              main
     00000086  G$P0_6$0_0$0                       main
     00000086  _P0_6                              main
     00000087  G$P0_7$0_0$0                       main
     00000087  G$PCON$0_0$0                       main
     00000087  _P0_7                              main
     00000087  _PCON                              main
     00000088  G$IT0$0_0$0                        main
     00000088  G$TCON$0_0$0                       main
     00000088  _IT0                               main
     00000088  _TCON                              main
     00000089  G$IE0$0_0$0                        main
     00000089  G$TMOD$0_0$0                       main
     00000089  _IE0                               main
     00000089  _TMOD                              main
     0000008A  G$IT1$0_0$0                        main
     0000008A  G$TL0$0_0$0                        main
     0000008A  _IT1                               main
     0000008A  _TL0                               main
     0000008B  G$IE1$0_0$0                        main
     0000008B  G$TL1$0_0$0                        main
     0000008B  _IE1                               main
     0000008B  _TL1                               main
     0000008C  G$TH0$0_0$0                        main
     0000008C  G$TR0$0_0$0                        main
     0000008C  _TH0                               main
     0000008C  _TR0                               main
     0000008D  G$TF0$0_0$0                        main
     0000008D  G$TH1$0_0$0                        main
     0000008D  _TF0                               main
ASxxxx Linker V03.00 + NoICE + sdld,  page 4.
Hexadecimal  [32-Bits]

Area                                    Addr        Size        Decimal Bytes (Attributes)
--------------------------------        ----        ----        ------- ----- ------------
.  .ABS.                            00000000    00000000 =           0. bytes (ABS,CON)

      Value  Global                              Global Defined In Module
      -----  --------------------------------   ------------------------
     0000008D  _TH1                               main
     0000008E  G$TR1$0_0$0                        main
     0000008E  Lmain.Uart_Init$AUXR$1_0$48        main
     0000008E  Lmain.systick_init$AUXR$1_0$42     main
     0000008E  _TR1                               main
     0000008F  G$TF1$0_0$0                        main
     0000008F  _TF1                               main
     00000090  G$P1$0_0$0                         main
     00000090  G$P1_0$0_0$0                       main
     00000090  _P1                                main
     00000090  _P1_0                              main
     00000091  G$P1_1$0_0$0                       main
     00000091  Lmain.LS_Deinit$P1M1$1_0$29        main
     00000091  Lmain.LS_Init$P1M1$1_0$28          main
     00000091  _P1_1                              main
     00000092  G$P1_2$0_0$0                       main
     00000092  Lmain.LS_Deinit$P1M0$1_0$29        main
     00000092  Lmain.LS_Init$P1M0$1_0$28          main
     00000092  _P1_2                              main
     00000093  G$P1_3$0_0$0                       main
     00000093  _P1_3                              main
     00000094  G$P1_4$0_0$0                       main
     00000094  _P1_4                              main
     00000095  G$P1_5$0_0$0                       main
     00000095  _P1_5                              main
     00000096  G$P1_6$0_0$0                       main
     00000096  _P1_6                              main
     00000097  G$P1_7$0_0$0                       main
     00000097  _P1_7                              main
     00000098  G$RI$0_0$0                         main
     00000098  G$SCON$0_0$0                       main
     00000098  _RI                                main
     00000098  _SCON                              main
     00000099  G$SBUF$0_0$0                       main
     00000099  G$TI$0_0$0                         main
     00000099  _SBUF                              main
     00000099  _TI                                main
     0000009A  G$RB8$0_0$0                        main
     0000009A  _RB8                               main
     0000009B  G$TB8$0_0$0                        main
     0000009B  _TB8                               main
     0000009C  G$REN$0_0$0                        main
     0000009C  _REN                               main
     0000009D  G$SM2$0_0$0                        main
     0000009D  _SM2                               main
     0000009E  G$SM1$0_0$0                        main
     0000009E  _SM1                               main
     0000009F  G$SM0$0_0$0                        main
     0000009F  _SM0                               main
     000000A0  G$P2$0_0$0                         main
     000000A0  G$P2_0$0_0$0                       main
ASxxxx Linker V03.00 + NoICE + sdld,  page 5.
Hexadecimal  [32-Bits]

Area                                    Addr        Size        Decimal Bytes (Attributes)
--------------------------------        ----        ----        ------- ----- ------------
.  .ABS.                            00000000    00000000 =           0. bytes (ABS,CON)

      Value  Global                              Global Defined In Module
      -----  --------------------------------   ------------------------
     000000A0  _P2                                main
     000000A0  _P2_0                              main
     000000A0  __XPAGE                            
     000000A1  G$P2_1$0_0$0                       main
     000000A1  _P2_1                              main
     000000A2  G$P2_2$0_0$0                       main
     000000A2  Lmain.Uart_Init$P_SW1$1_0$48       main
     000000A2  _P2_2                              main
     000000A3  G$P2_3$0_0$0                       main
     000000A3  _P2_3                              main
     000000A4  G$P2_4$0_0$0                       main
     000000A4  _P2_4                              main
     000000A5  G$P2_5$0_0$0                       main
     000000A5  _P2_5                              main
     000000A6  G$P2_6$0_0$0                       main
     000000A6  _P2_6                              main
     000000A7  G$P2_7$0_0$0                       main
     000000A7  _P2_7                              main
     000000A8  G$EX0$0_0$0                        main
     000000A8  G$IE$0_0$0                         main
     000000A8  _EX0                               main
     000000A8  _IE                                main
     000000A9  G$ET0$0_0$0                        main
     000000A9  _ET0                               main
     000000AA  G$EX1$0_0$0                        main
     000000AA  _EX1                               main
     000000AB  G$ET1$0_0$0                        main
     000000AB  _ET1                               main
     000000AC  G$ES$0_0$0                         main
     000000AC  _ES                                main
     000000AF  G$EA$0_0$0                         main
     000000AF  _EA                                main
     000000B0  G$P3$0_0$0                         main
     000000B0  G$P3_0$0_0$0                       main
     000000B0  G$RXD$0_0$0                        main
     000000B0  _P3                                main
     000000B0  _P3_0                              main
     000000B0  _RXD                               main
     000000B1  G$P3_1$0_0$0                       main
     000000B1  G$TXD$0_0$0                        main
     000000B1  Lmain.Clk_In_Init$P3M1$1_0$58      main
     000000B1  Lmain.systick_init$P3M1$1_1$43     main
     000000B1  _P3_1                              main
     000000B1  _TXD                               main
     000000B2  G$INT0$0_0$0                       main
     000000B2  G$P3_2$0_0$0                       main
     000000B2  Lmain.Clk_In_Init$P3M0$1_0$58      main
     000000B2  Lmain.systick_init$P3M0$1_1$43     main
     000000B2  _INT0                              main
     000000B2  _P3_2                              main
     000000B3  G$INT1$0_0$0                       main
ASxxxx Linker V03.00 + NoICE + sdld,  page 6.
Hexadecimal  [32-Bits]

Area                                    Addr        Size        Decimal Bytes (Attributes)
--------------------------------        ----        ----        ------- ----- ------------
.  .ABS.                            00000000    00000000 =           0. bytes (ABS,CON)

      Value  Global                              Global Defined In Module
      -----  --------------------------------   ------------------------
     000000B3  G$P3_3$0_0$0                       main
     000000B3  _INT1                              main
     000000B3  _P3_3                              main
     000000B4  G$P3_4$0_0$0                       main
     000000B4  G$T0$0_0$0                         main
     000000B4  _P3_4                              main
     000000B4  _T0                                main
     000000B5  G$P3_5$0_0$0                       main
     000000B5  G$T1$0_0$0                         main
     000000B5  _P3_5                              main
     000000B5  _T1                                main
     000000B6  G$P3_6$0_0$0                       main
     000000B6  G$WR$0_0$0                         main
     000000B6  _P3_6                              main
     000000B6  _WR                                main
     000000B7  G$P3_7$0_0$0                       main
     000000B7  G$RD$0_0$0                         main
     000000B7  _P3_7                              main
     000000B7  _RD                                main
     000000B8  G$IP$0_0$0                         main
     000000B8  G$PX0$0_0$0                        main
     000000B8  _IP                                main
     000000B8  _PX0                               main
     000000B9  G$PT0$0_0$0                        main
     000000B9  _PT0                               main
     000000BA  G$PX1$0_0$0                        main
     000000BA  _PX1                               main
     000000BB  G$PT1$0_0$0                        main
     000000BB  _PT1                               main
     000000BC  G$PS$0_0$0                         main
     000000BC  _PS                                main
     000000D0  G$P$0_0$0                          main
     000000D0  G$PSW$0_0$0                        main
     000000D0  _P                                 main
     000000D0  _PSW                               main
     000000D1  G$F1$0_0$0                         main
     000000D1  _F1                                main
     000000D2  G$OV$0_0$0                         main
     000000D2  _OV                                main
     000000D3  G$RS0$0_0$0                        main
     000000D3  _RS0                               main
     000000D4  G$RS1$0_0$0                        main
     000000D4  _RS1                               main
     000000D5  G$F0$0_0$0                         main
     000000D5  _F0                                main
     000000D6  G$AC$0_0$0                         main
     000000D6  Lmain.Uart_Init$T2H$1_0$48         main
     000000D6  _AC                                main
     000000D7  G$CY$0_0$0                         main
     000000D7  Lmain.Uart_Init$T2L$1_0$48         main
     000000D7  _CY                                main
ASxxxx Linker V03.00 + NoICE + sdld,  page 7.
Hexadecimal  [32-Bits]

Area                                    Addr        Size        Decimal Bytes (Attributes)
--------------------------------        ----        ----        ------- ----- ------------
.  .ABS.                            00000000    00000000 =           0. bytes (ABS,CON)

      Value  Global                              Global Defined In Module
      -----  --------------------------------   ------------------------
     000000E0  G$ACC$0_0$0                        main
     000000E0  _ACC                               main
     000000F0  G$B$0_0$0                          main
     000000F0  _B                                 main
ASxxxx Linker V03.00 + NoICE + sdld,  page 8.
Hexadecimal  [32-Bits]

Area                                    Addr        Size        Decimal Bytes (Attributes)
--------------------------------        ----        ----        ------- ----- ------------
BSEG_BYTES                          00000020    00000001 =           1. bytes (REL,CON)

      Value  Global                              Global Defined In Module
      -----  --------------------------------   ------------------------
ASxxxx Linker V03.00 + NoICE + sdld,  page 9.
Hexadecimal  [32-Bits]

Area                                    Addr        Size        Decimal Bytes (Attributes)
--------------------------------        ----        ----        ------- ----- ------------
REG_BANK_0                          00000000    00000008 =           8. bytes (REL,OVR)

      Value  Global                              Global Defined In Module
      -----  --------------------------------   ------------------------
ASxxxx Linker V03.00 + NoICE + sdld,  page 10.
Hexadecimal  [32-Bits]

Area                                    Addr        Size        Decimal Bytes (Attributes)
--------------------------------        ----        ----        ------- ----- ------------
REG_BANK_1                          00000008    00000008 =           8. bytes (REL,OVR)

      Value  Global                              Global Defined In Module
      -----  --------------------------------   ------------------------
ASxxxx Linker V03.00 + NoICE + sdld,  page 11.
Hexadecimal  [32-Bits]

Area                                    Addr        Size        Decimal Bytes (Attributes)
--------------------------------        ----        ----        ------- ----- ------------
BIT_BANK                            00000021    00000001 =           1. bytes (REL,OVR)

      Value  Global                              Global Defined In Module
      -----  --------------------------------   ------------------------
ASxxxx Linker V03.00 + NoICE + sdld,  page 12.
Hexadecimal  [32-Bits]

Area                                    Addr        Size        Decimal Bytes (Attributes)
--------------------------------        ----        ----        ------- ----- ------------
DSEG                                00000000    00000070 =         112. bytes (REL,CON)

      Value  Global                              Global Defined In Module
      -----  --------------------------------   ------------------------
     00000022  G$LS_RAM$0_0$0                     main
     00000022  _LS_RAM                            main
     0000002A  Lmain.LS_595_DataOut$Col_Data$1_   main
     0000002A  _LS_595_DataOut_PARM_2             main
     0000002B  Lmain.LS_DisplayOneRow$Col_Index   main
     0000002B  _LS_DisplayOneRow_PARM_2           main
     0000002C  Lmain.LS_Refresh$i$1_0$41          main
     0000002D  Lmain.systick_interrupt$sloc0$0_   main
     00000035  Lmain.On_Uart_Idle$length$1_0$62   main
     00000035  _On_Uart_Idle_PARM_2               main
     00000037  Lmain.On_Uart_Buff_Full$length$1   main
     00000037  _On_Uart_Buff_Full_PARM_2          main
ASxxxx Linker V03.00 + NoICE + sdld,  page 13.
Hexadecimal  [32-Bits]

Area                                    Addr        Size        Decimal Bytes (Attributes)
--------------------------------        ----        ----        ------- ----- ------------
ISEG                                00000039    00000051 =          81. bytes (REL,CON)

      Value  Global                              Global Defined In Module
      -----  --------------------------------   ------------------------
     00000039  G$systick$0_0$0                    main
     00000039  _systick                           main
     00000041  G$Uart_Receive_Buff$0_0$0          main
     00000041  _Uart_Receive_Buff                 main
     00000081  G$Uart_Receive_Buff_Index$0_0$0    main
     00000081  _Uart_Receive_Buff_Index           main
     00000082  G$Last_Receive_Tick$0_0$0          main
     00000082  _Last_Receive_Tick                 main

ASxxxx Linker V03.00 + NoICE + sdld,  page 14.
Hexadecimal  [32-Bits]

Area                                    Addr        Size        Decimal Bytes (Attributes)
--------------------------------        ----        ----        ------- ----- ------------
SSEG                                0000008A    00000076 =         118. bytes (REL,OVR)

      Value  Global                              Global Defined In Module
      -----  --------------------------------   ------------------------
     0000008A  __start__stack                     main

ASxxxx Linker V03.00 + NoICE + sdld,  page 15.
Hexadecimal  [32-Bits]

Area                                    Addr        Size        Decimal Bytes (Attributes)
--------------------------------        ----        ----        ------- ----- ------------
HOME                                00000000    00000029 =          41. bytes (REL,CON,CODE)

      Value  Global                              Global Defined In Module
      -----  --------------------------------   ------------------------
C:   00000000  A$main$476                         main
C:   00000003  A$main$477                         main
C:   0000000B  A$main$479                         main
C:   00000013  A$main$481                         main
C:   0000001B  A$main$483                         main
C:   00000023  A$main$485                         main
C:   00000026  A$main$571                         main
C:   00000026  __sdcc_program_startup             main

ASxxxx Linker V03.00 + NoICE + sdld,  page 16.
Hexadecimal  [32-Bits]

Area                                    Addr        Size        Decimal Bytes (Attributes)
--------------------------------        ----        ----        ------- ----- ------------
GSINIT0                             00000029    00000003 =           3. bytes (REL,CON,CODE)

      Value  Global                              Global Defined In Module
      -----  --------------------------------   ------------------------
C:   00000029  __sdcc_gsinit_startup              

ASxxxx Linker V03.00 + NoICE + sdld,  page 17.
Hexadecimal  [32-Bits]

Area                                    Addr        Size        Decimal Bytes (Attributes)
--------------------------------        ----        ----        ------- ----- ------------
GSINIT2                             0000002C    0000000A =          10. bytes (REL,CON,CODE)

      Value  Global                              Global Defined In Module
      -----  --------------------------------   ------------------------
ASxxxx Linker V03.00 + NoICE + sdld,  page 18.
Hexadecimal  [32-Bits]

Area                                    Addr        Size        Decimal Bytes (Attributes)
--------------------------------        ----        ----        ------- ----- ------------
GSINIT3                             00000036    00000022 =          34. bytes (REL,CON,CODE)

      Value  Global                              Global Defined In Module
      -----  --------------------------------   ------------------------
C:   00000036  __mcs51_genXINIT                   

ASxxxx Linker V03.00 + NoICE + sdld,  page 19.
Hexadecimal  [32-Bits]

Area                                    Addr        Size        Decimal Bytes (Attributes)
--------------------------------        ----        ----        ------- ----- ------------
GSINIT4                             00000058    0000002A =          42. bytes (REL,CON,CODE)

      Value  Global                              Global Defined In Module
      -----  --------------------------------   ------------------------
C:   00000058  __mcs51_genRAMCLEAR                
C:   0000005E  __mcs51_genXRAMCLEAR               

ASxxxx Linker V03.00 + NoICE + sdld,  page 20.
Hexadecimal  [32-Bits]

Area                                    Addr        Size        Decimal Bytes (Attributes)
--------------------------------        ----        ----        ------- ----- ------------
GSINIT                              00000082    00000044 =          68. bytes (REL,CON,CODE)

      Value  Global                              Global Defined In Module
      -----  --------------------------------   ------------------------
C:   00000082  A$main$507                         main
C:   00000082  C$LatticeScreen.c$94$1_0$41        main
C:   00000085  A$main$510                         main
C:   00000085  C$LatticeScreen.c$3$1_0$69         main
C:   00000088  A$main$511                         main
C:   0000008B  A$main$512                         main
C:   0000008E  A$main$513                         main
C:   00000091  A$main$514                         main
C:   00000094  A$main$515                         main
C:   00000097  A$main$516                         main
C:   0000009A  A$main$517                         main
C:   0000009D  A$main$520                         main
C:   0000009D  C$main.c$24$1_0$69                 main
C:   0000009F  A$main$521                         main
C:   000000A0  A$main$522                         main
C:   000000A1  A$main$523                         main
C:   000000A2  A$main$524                         main
C:   000000A3  A$main$525                         main
C:   000000A4  A$main$526                         main
C:   000000A5  A$main$527                         main
C:   000000A6  A$main$528                         main
C:   000000A7  A$main$529                         main
C:   000000A8  A$main$530                         main
C:   000000A9  A$main$531                         main
C:   000000AA  A$main$532                         main
C:   000000AB  A$main$533                         main
C:   000000AC  A$main$534                         main
C:   000000AD  A$main$535                         main
C:   000000AE  A$main$536                         main
C:   000000AF  A$main$539                         main
C:   000000AF  C$main.c$135$1_0$69                main
C:   000000B1  A$main$540                         main
C:   000000B3  A$main$543                         main
C:   000000B3  C$main.c$136$1_0$69                main
C:   000000B5  A$main$544                         main
C:   000000B6  A$main$545                         main
C:   000000B7  A$main$546                         main
C:   000000B8  A$main$547                         main
C:   000000B9  A$main$548                         main
C:   000000BA  A$main$549                         main
C:   000000BB  A$main$550                         main
C:   000000BC  A$main$551                         main
C:   000000BD  A$main$552                         main
C:   000000BE  A$main$553                         main
C:   000000BF  A$main$554                         main
C:   000000C0  A$main$555                         main
C:   000000C1  A$main$556                         main
C:   000000C2  A$main$557                         main
C:   000000C3  A$main$558                         main
C:   000000C4  A$main$562                         main
ASxxxx Linker V03.00 + NoICE + sdld,  page 21.
Hexadecimal  [32-Bits]

Area                                    Addr        Size        Decimal Bytes (Attributes)
--------------------------------        ----        ----        ------- ----- ------------
GSINIT                              00000082    00000044 =          68. bytes (REL,CON,CODE)

      Value  Global                              Global Defined In Module
      -----  --------------------------------   ------------------------
C:   000000C4  C$main.c$77$1_0$69                 main
ASxxxx Linker V03.00 + NoICE + sdld,  page 22.
Hexadecimal  [32-Bits]

Area                                    Addr        Size        Decimal Bytes (Attributes)
--------------------------------        ----        ----        ------- ----- ------------
GSFINAL                             000000C6    00000003 =           3. bytes (REL,CON,CODE)

      Value  Global                              Global Defined In Module
      -----  --------------------------------   ------------------------
C:   000000C6  A$main$564                         main

ASxxxx Linker V03.00 + NoICE + sdld,  page 23.
Hexadecimal  [32-Bits]

Area                                    Addr        Size        Decimal Bytes (Attributes)
--------------------------------        ----        ----        ------- ----- ------------
CSEG                                000000C9    0000030C =         780. bytes (REL,CON,CODE)

      Value  Global                              Global Defined In Module
      -----  --------------------------------   ------------------------
C:   000000C9  A$main$600                         main
C:   000000C9  C$LatticeScreen.c$14$1_0$28        main
C:   000000C9  C$LatticeScreen.c$7$0_0$28         main
C:   000000C9  G$LS_Init$0$0                      main
C:   000000C9  _LS_Init                           main
C:   000000CC  A$main$603                         main
C:   000000CC  C$LatticeScreen.c$15$1_0$28        main
C:   000000CF  A$main$607                         main
C:   000000CF  C$LatticeScreen.c$18$1_0$28        main
C:   000000D1  A$main$611                         main
C:   000000D1  C$LatticeScreen.c$19$1_0$28        main
C:   000000D3  A$main$615                         main
C:   000000D3  C$LatticeScreen.c$22$1_0$28        main
C:   000000D5  A$main$619                         main
C:   000000D5  C$LatticeScreen.c$23$1_0$28        main
C:   000000D7  A$main$623                         main
C:   000000D7  C$LatticeScreen.c$25$1_0$28        main
C:   000000D9  A$main$628                         main
C:   000000D9  C$LatticeScreen.c$26$1_0$28        main
C:   000000D9  XG$LS_Init$0$0                     main
C:   000000DA  A$main$644                         main
C:   000000DA  C$LatticeScreen.c$28$1_0$29        main
C:   000000DA  C$LatticeScreen.c$34$1_0$29        main
C:   000000DA  G$LS_Deinit$0$0                    main
C:   000000DA  _LS_Deinit                         main
C:   000000DD  A$main$647                         main
C:   000000DD  C$LatticeScreen.c$35$1_0$29        main
C:   000000E0  A$main$651                         main
C:   000000E0  C$LatticeScreen.c$38$1_0$29        main
C:   000000E2  A$main$655                         main
C:   000000E2  C$LatticeScreen.c$39$1_0$29        main
C:   000000E4  A$main$659                         main
C:   000000E4  C$LatticeScreen.c$42$1_0$29        main
C:   000000E6  A$main$663                         main
C:   000000E6  C$LatticeScreen.c$44$1_0$29        main
C:   000000E8  A$main$668                         main
C:   000000E8  C$LatticeScreen.c$45$1_0$29        main
C:   000000E8  XG$LS_Deinit$0$0                   main
C:   000000E9  A$main$683                         main
C:   000000E9  C$LatticeScreen.c$47$1_0$31        main
C:   000000E9  G$LS_595_DataOut$0$0               main
C:   000000E9  _LS_595_DataOut                    main
C:   000000EB  A$main$687                         main
C:   000000EB  C$LatticeScreen.c$51$1_0$31        main
C:   000000ED  A$main$691                         main
C:   000000ED  C$LatticeScreen.c$52$1_0$31        main
C:   000000EF  A$main$694                         main
C:   000000F1  A$main$699                         main
C:   000000F1  C$LatticeScreen.c$56$3_0$33        main
C:   000000F3  A$main$702                         main
ASxxxx Linker V03.00 + NoICE + sdld,  page 24.
Hexadecimal  [32-Bits]

Area                                    Addr        Size        Decimal Bytes (Attributes)
--------------------------------        ----        ----        ------- ----- ------------
CSEG                                000000C9    0000030C =         780. bytes (REL,CON,CODE)

      Value  Global                              Global Defined In Module
      -----  --------------------------------   ------------------------
C:   000000F3  C$LatticeScreen.c$57$3_0$33        main
C:   000000F5  A$main$703                         main
C:   000000F7  A$main$704                         main
C:   000000F9  A$main$705                         main
C:   000000FB  A$main$706                         main
C:   000000FD  A$main$708                         main
C:   000000FE  A$main$709                         main
C:   000000FF  A$main$710                         main
C:   00000100  A$main$711                         main
C:   00000101  A$main$712                         main
C:   00000102  A$main$713                         main
C:   00000103  A$main$715                         main
C:   00000106  A$main$716                         main
C:   00000108  A$main$717                         main
C:   0000010A  A$main$718                         main
C:   0000010B  A$main$719                         main
C:   0000010D  A$main$720                         main
C:   0000010E  A$main$721                         main
C:   00000110  A$main$722                         main
C:   00000111  A$main$723                         main
C:   00000112  A$main$724                         main
C:   00000114  A$main$728                         main
C:   00000114  C$LatticeScreen.c$59$4_0$34        main
C:   00000116  A$main$729                         main
C:   00000118  A$main$734                         main
C:   00000118  C$LatticeScreen.c$63$4_0$35        main
C:   0000011A  A$main$738                         main
C:   0000011A  C$LatticeScreen.c$66$3_0$33        main
C:   0000011C  A$main$739                         main
C:   0000011E  A$main$740                         main
C:   00000120  A$main$741                         main
C:   00000122  A$main$742                         main
C:   00000124  A$main$744                         main
C:   00000125  A$main$745                         main
C:   00000126  A$main$746                         main
C:   00000127  A$main$747                         main
C:   00000128  A$main$748                         main
C:   00000129  A$main$749                         main
C:   0000012A  A$main$751                         main
C:   0000012D  A$main$752                         main
C:   0000012F  A$main$753                         main
C:   00000131  A$main$754                         main
C:   00000132  A$main$755                         main
C:   00000134  A$main$756                         main
C:   00000135  A$main$757                         main
C:   00000137  A$main$758                         main
C:   00000138  A$main$759                         main
C:   00000139  A$main$760                         main
C:   0000013B  A$main$764                         main
C:   0000013B  C$LatticeScreen.c$68$4_0$36        main
C:   0000013D  A$main$765                         main
ASxxxx Linker V03.00 + NoICE + sdld,  page 25.
Hexadecimal  [32-Bits]

Area                                    Addr        Size        Decimal Bytes (Attributes)
--------------------------------        ----        ----        ------- ----- ------------
CSEG                                000000C9    0000030C =         780. bytes (REL,CON,CODE)

      Value  Global                              Global Defined In Module
      -----  --------------------------------   ------------------------
C:   0000013F  A$main$770                         main
C:   0000013F  C$LatticeScreen.c$72$4_0$37        main
C:   00000141  A$main$775                         main
C:   00000141  C$LatticeScreen.c$75$3_0$33        main
C:   00000143  A$main$778                         main
C:   00000143  C$LatticeScreen.c$54$2_0$32        main
C:   00000144  A$main$779                         main
C:   00000147  A$main$781                         main
C:   00000149  A$main$785                         main
C:   00000149  C$LatticeScreen.c$78$1_0$31        main
C:   0000014B  A$main$790                         main
C:   0000014B  C$LatticeScreen.c$80$1_0$31        main
C:   0000014B  XG$LS_595_DataOut$0$0              main
C:   0000014C  A$main$804                         main
C:   0000014C  C$LatticeScreen.c$83$1_0$39        main
C:   0000014C  G$LS_DisplayOneRow$0$0             main
C:   0000014C  _LS_DisplayOneRow                  main
C:   0000014E  A$main$807                         main
C:   0000014E  C$LatticeScreen.c$85$1_0$39        main
C:   00000150  A$main$808                         main
C:   00000152  A$main$809                         main
C:   00000154  A$main$812                         main
C:   00000154  C$LatticeScreen.c$87$2_0$40        main
C:   00000156  A$main$813                         main
C:   00000158  A$main$814                         main
C:   0000015A  A$main$815                         main
C:   0000015C  A$main$816                         main
C:   0000015E  A$main$818                         main
C:   00000160  A$main$820                         main
C:   00000163  A$main$821                         main
C:   00000164  A$main$822                         main
C:   00000166  A$main$823                         main
C:   00000168  A$main$824                         main
C:   0000016B  A$main$830                         main
C:   0000016B  C$LatticeScreen.c$90$1_0$39        main
C:   0000016B  XG$LS_DisplayOneRow$0$0            main
C:   0000016C  A$main$845                         main
C:   0000016C  C$LatticeScreen.c$92$1_0$41        main
C:   0000016C  C$LatticeScreen.c$95$1_0$41        main
C:   0000016C  G$LS_Refresh$0$0                   main
C:   0000016C  _LS_Refresh                        main
C:   0000016E  A$main$846                         main
C:   00000170  A$main$847                         main
C:   00000171  A$main$848                         main
C:   00000173  A$main$849                         main
C:   00000176  A$main$850                         main
C:   00000178  A$main$851                         main
C:   0000017B  A$main$854                         main
C:   0000017B  C$LatticeScreen.c$96$1_0$41        main
C:   0000017D  A$main$855                         main
C:   0000017F  A$main$856                         main
ASxxxx Linker V03.00 + NoICE + sdld,  page 26.
Hexadecimal  [32-Bits]

Area                                    Addr        Size        Decimal Bytes (Attributes)
--------------------------------        ----        ----        ------- ----- ------------
CSEG                                000000C9    0000030C =         780. bytes (REL,CON,CODE)

      Value  Global                              Global Defined In Module
      -----  --------------------------------   ------------------------
C:   00000181  A$main$859                         main
C:   00000181  C$LatticeScreen.c$97$1_0$41        main
C:   00000184  A$main$865                         main
C:   00000184  C$LatticeScreen.c$98$1_0$41        main
C:   00000184  XG$LS_Refresh$0$0                  main
C:   00000185  A$main$882                         main
C:   00000185  C$main.c$25$1_0$42                 main
C:   00000185  C$main.c$28$1_0$42                 main
C:   00000185  G$systick_init$0$0                 main
C:   00000185  _systick_init                      main
C:   00000188  A$main$885                         main
C:   00000188  C$main.c$29$1_0$42                 main
C:   0000018B  A$main$888                         main
C:   0000018B  C$main.c$30$1_0$42                 main
C:   0000018E  A$main$891                         main
C:   0000018E  C$main.c$31$1_0$42                 main
C:   00000191  A$main$895                         main
C:   00000191  C$main.c$32$1_0$42                 main
C:   00000193  A$main$899                         main
C:   00000193  C$main.c$33$1_0$42                 main
C:   00000195  A$main$903                         main
C:   00000195  C$main.c$34$1_0$42                 main
C:   00000197  A$main$906                         main
C:   00000197  C$main.c$39$1_1$43                 main
C:   0000019A  A$main$909                         main
C:   0000019A  C$main.c$40$1_1$43                 main
C:   0000019D  A$main$914                         main
C:   0000019D  C$main.c$42$1_1$42                 main
C:   0000019D  XG$systick_init$0$0                main
C:   0000019E  A$main$935                         main
C:   0000019E  C$main.c$49$1_1$45                 main
C:   0000019E  G$systick_interrupt$0$0            main
C:   0000019E  _systick_interrupt                 main
C:   000001A0  A$main$936                         main
C:   000001A2  A$main$937                         main
C:   000001A4  A$main$938                         main
C:   000001A6  A$main$939                         main
C:   000001A8  A$main$940                         main
C:   000001AA  A$main$941                         main
C:   000001AC  A$main$942                         main
C:   000001AE  A$main$943                         main
C:   000001B0  A$main$944                         main
C:   000001B2  A$main$945                         main
C:   000001B4  A$main$946                         main
C:   000001B6  A$main$947                         main
C:   000001B8  A$main$948                         main
C:   000001BA  A$main$949                         main
C:   000001BD  A$main$952                         main
C:   000001BD  C$main.c$51$1_0$45                 main
C:   000001BF  A$main$953                         main
C:   000001C0  A$main$954                         main
ASxxxx Linker V03.00 + NoICE + sdld,  page 27.
Hexadecimal  [32-Bits]

Area                                    Addr        Size        Decimal Bytes (Attributes)
--------------------------------        ----        ----        ------- ----- ------------
CSEG                                000000C9    0000030C =         780. bytes (REL,CON,CODE)

      Value  Global                              Global Defined In Module
      -----  --------------------------------   ------------------------
C:   000001C3  A$main$955                         main
C:   000001C4  A$main$956                         main
C:   000001C5  A$main$957                         main
C:   000001C8  A$main$958                         main
C:   000001C9  A$main$959                         main
C:   000001CA  A$main$960                         main
C:   000001CD  A$main$961                         main
C:   000001CE  A$main$962                         main
C:   000001CF  A$main$963                         main
C:   000001D2  A$main$964                         main
C:   000001D3  A$main$965                         main
C:   000001D4  A$main$966                         main
C:   000001D7  A$main$967                         main
C:   000001D8  A$main$968                         main
C:   000001D9  A$main$969                         main
C:   000001DC  A$main$970                         main
C:   000001DD  A$main$971                         main
C:   000001DE  A$main$972                         main
C:   000001E1  A$main$973                         main
C:   000001E2  A$main$974                         main
C:   000001E3  A$main$978                         main
C:   000001E3  C$main.c$52$1_0$45                 main
C:   000001E5  A$main$979                         main
C:   000001E6  A$main$980                         main
C:   000001E8  A$main$983                         main
C:   000001E8  C$main.c$54$2_0$46                 main
C:   000001EA  A$main$984                         main
C:   000001EC  A$main$985                         main
C:   000001ED  A$main$986                         main
C:   000001EF  A$main$987                         main
C:   000001F0  A$main$988                         main
C:   000001F1  A$main$989                         main
C:   000001F2  A$main$990                         main
C:   000001F4  A$main$991                         main
C:   000001F5  A$main$992                         main
C:   000001F6  A$main$993                         main
C:   000001F7  A$main$994                         main
C:   000001F9  A$main$995                         main
C:   000001FA  A$main$996                         main
C:   000001FB  A$main$997                         main
C:   000001FC  A$main$998                         main
C:   000001FE  A$main$999                         main
C:   000001FF  A$main$1000                        main
C:   00000200  A$main$1001                        main
C:   00000201  A$main$1002                        main
C:   00000203  A$main$1003                        main
C:   00000204  A$main$1004                        main
C:   00000205  A$main$1005                        main
C:   00000206  A$main$1006                        main
C:   00000208  A$main$1007                        main
C:   00000209  A$main$1008                        main
ASxxxx Linker V03.00 + NoICE + sdld,  page 28.
Hexadecimal  [32-Bits]

Area                                    Addr        Size        Decimal Bytes (Attributes)
--------------------------------        ----        ----        ------- ----- ------------
CSEG                                000000C9    0000030C =         780. bytes (REL,CON,CODE)

      Value  Global                              Global Defined In Module
      -----  --------------------------------   ------------------------
C:   0000020A  A$main$1009                        main
C:   0000020B  A$main$1010                        main
C:   0000020D  A$main$1011                        main
C:   0000020E  A$main$1012                        main
C:   0000020F  A$main$1013                        main
C:   00000210  A$main$1014                        main
C:   00000212  A$main$1015                        main
C:   00000214  A$main$1016                        main
C:   00000215  A$main$1017                        main
C:   00000217  A$main$1018                        main
C:   00000218  A$main$1019                        main
C:   0000021A  A$main$1020                        main
C:   0000021B  A$main$1021                        main
C:   0000021C  A$main$1022                        main
C:   0000021E  A$main$1023                        main
C:   0000021F  A$main$1024                        main
C:   00000220  A$main$1025                        main
C:   00000222  A$main$1026                        main
C:   00000223  A$main$1027                        main
C:   00000224  A$main$1028                        main
C:   00000226  A$main$1029                        main
C:   00000227  A$main$1030                        main
C:   00000228  A$main$1031                        main
C:   0000022A  A$main$1032                        main
C:   0000022B  A$main$1033                        main
C:   0000022C  A$main$1034                        main
C:   0000022E  A$main$1035                        main
C:   0000022F  A$main$1036                        main
C:   00000230  A$main$1037                        main
C:   00000232  A$main$1038                        main
C:   00000233  A$main$1039                        main
C:   00000234  A$main$1040                        main
C:   00000236  A$main$1043                        main
C:   00000236  C$main.c$56$3_0$47                 main
C:   00000238  A$main$1044                        main
C:   0000023A  A$main$1045                        main
C:   0000023D  A$main$1046                        main
C:   00000240  A$main$1047                        main
C:   00000243  A$main$1048                        main
C:   00000246  A$main$1049                        main
C:   00000249  A$main$1052                        main
C:   00000249  C$main.c$57$3_0$47                 main
C:   0000024B  A$main$1053                        main
C:   0000024D  A$main$1057                        main
C:   0000024D  C$main.c$61$1_0$45                 main
C:   0000024F  A$main$1060                        main
C:   0000024F  C$main.c$63$1_0$45                 main
C:   00000252  A$main$1061                        main
C:   00000255  A$main$1062                        main
C:   00000258  A$main$1065                        main
C:   0000025A  A$main$1066                        main
ASxxxx Linker V03.00 + NoICE + sdld,  page 29.
Hexadecimal  [32-Bits]

Area                                    Addr        Size        Decimal Bytes (Attributes)
--------------------------------        ----        ----        ------- ----- ------------
CSEG                                000000C9    0000030C =         780. bytes (REL,CON,CODE)

      Value  Global                              Global Defined In Module
      -----  --------------------------------   ------------------------
C:   0000025C  A$main$1067                        main
C:   0000025E  A$main$1068                        main
C:   00000260  A$main$1069                        main
C:   00000262  A$main$1070                        main
C:   00000264  A$main$1071                        main
C:   00000266  A$main$1072                        main
C:   00000268  A$main$1073                        main
C:   0000026A  A$main$1074                        main
C:   0000026C  A$main$1075                        main
C:   0000026E  A$main$1076                        main
C:   00000270  A$main$1077                        main
C:   00000272  A$main$1078                        main
C:   00000274  A$main$1081                        main
C:   00000274  C$main.c$64$1_0$45                 main
C:   00000274  XG$systick_interrupt$0$0           main
C:   00000275  A$main$1107                        main
C:   00000275  C$main.c$78$1_0$48                 main
C:   00000275  C$main.c$84$1_0$48                 main
C:   00000275  G$Uart_Init$0$0                    main
C:   00000275  _Uart_Init                         main
C:   00000278  A$main$1110                        main
C:   00000278  C$main.c$85$1_0$48                 main
C:   0000027B  A$main$1113                        main
C:   0000027B  C$main.c$86$1_0$48                 main
C:   0000027E  A$main$1116                        main
C:   0000027E  C$main.c$98$1_0$48                 main
C:   00000281  A$main$1119                        main
C:   00000281  C$main.c$105$1_0$48                main
C:   00000284  A$main$1122                        main
C:   00000284  C$main.c$106$1_0$48                main
C:   00000287  A$main$1125                        main
C:   00000287  C$main.c$107$1_0$48                main
C:   0000028A  A$main$1128                        main
C:   0000028A  C$main.c$108$1_0$48                main
C:   0000028D  A$main$1132                        main
C:   0000028D  C$main.c$109$1_0$48                main
C:   0000028F  A$main$1136                        main
C:   0000028F  C$main.c$110$1_0$48                main
C:   00000291  A$main$1141                        main
C:   00000291  C$main.c$111$1_0$48                main
C:   00000291  XG$Uart_Init$0$0                   main
C:   00000292  A$main$1154                        main
C:   00000292  C$main.c$112$1_0$50                main
C:   00000292  G$Uart_Send$0$0                    main
C:   00000292  _Uart_Send                         main
C:   00000294  A$main$1158                        main
C:   00000294  C$main.c$114$1_0$50                main
C:   00000297  A$main$1161                        main
C:   00000297  C$main.c$115$1_0$50                main
C:   00000299  A$main$1164                        main
C:   00000299  C$main.c$116$1_0$50                main
ASxxxx Linker V03.00 + NoICE + sdld,  page 30.
Hexadecimal  [32-Bits]

Area                                    Addr        Size        Decimal Bytes (Attributes)
--------------------------------        ----        ----        ------- ----- ------------
CSEG                                000000C9    0000030C =         780. bytes (REL,CON,CODE)

      Value  Global                              Global Defined In Module
      -----  --------------------------------   ------------------------
C:   0000029B  A$main$1168                        main
C:   0000029B  C$main.c$132$1_0$50                main
C:   0000029D  A$main$1171                        main
C:   0000029D  C$main.c$133$1_0$50                main
C:   000002A0  A$main$1176                        main
C:   000002A0  C$main.c$134$1_0$50                main
C:   000002A0  XG$Uart_Send$0$0                   main
C:   000002A1  A$main$1187                        main
C:   000002A1  C$main.c$138$1_0$54                main
C:   000002A1  G$Uart_Interrupt$0$0               main
C:   000002A1  _Uart_Interrupt                    main
C:   000002A3  A$main$1188                        main
C:   000002A5  A$main$1189                        main
C:   000002A7  A$main$1190                        main
C:   000002A9  A$main$1191                        main
C:   000002AB  A$main$1192                        main
C:   000002AD  A$main$1193                        main
C:   000002AF  A$main$1194                        main
C:   000002B1  A$main$1195                        main
C:   000002B3  A$main$1196                        main
C:   000002B5  A$main$1197                        main
C:   000002B7  A$main$1198                        main
C:   000002B9  A$main$1199                        main
C:   000002BB  A$main$1200                        main
C:   000002BD  A$main$1201                        main
C:   000002C0  A$main$1207                        main
C:   000002C0  C$main.c$140$1_0$54                main
C:   000002C0  C$main.c$142$2_0$55                main
C:   000002C3  A$main$1208                        main
C:   000002C5  A$main$1213                        main
C:   000002C5  C$main.c$143$2_0$55                main
C:   000002C7  A$main$1217                        main
C:   000002C7  C$main.c$145$1_0$54                main
C:   000002CA  A$main$1220                        main
C:   000002CA  C$main.c$159$2_0$56                main
C:   000002CC  A$main$1221                        main
C:   000002CE  A$main$1222                        main
C:   000002D0  A$main$1223                        main
C:   000002D1  A$main$1224                        main
C:   000002D2  A$main$1225                        main
C:   000002D3  A$main$1226                        main
C:   000002D4  A$main$1227                        main
C:   000002D6  A$main$1228                        main
C:   000002D7  A$main$1229                        main
C:   000002D9  A$main$1232                        main
C:   000002D9  C$main.c$160$2_0$56                main
C:   000002DB  A$main$1233                        main
C:   000002DE  A$main$1235                        main
C:   000002E0  A$main$1238                        main
C:   000002E0  C$main.c$162$3_0$57                main
C:   000002E3  A$main$1239                        main
ASxxxx Linker V03.00 + NoICE + sdld,  page 31.
Hexadecimal  [32-Bits]

Area                                    Addr        Size        Decimal Bytes (Attributes)
--------------------------------        ----        ----        ------- ----- ------------
CSEG                                000000C9    0000030C =         780. bytes (REL,CON,CODE)

      Value  Global                              Global Defined In Module
      -----  --------------------------------   ------------------------
C:   000002E6  A$main$1240                        main
C:   000002E9  A$main$1241                        main
C:   000002EC  A$main$1244                        main
C:   000002EC  C$main.c$163$3_0$57                main
C:   000002EE  A$main$1245                        main
C:   000002F0  A$main$1249                        main
C:   000002F0  C$main.c$165$2_0$56                main
C:   000002F2  A$main$1250                        main
C:   000002F4  A$main$1251                        main
C:   000002F5  A$main$1252                        main
C:   000002F6  A$main$1253                        main
C:   000002F7  A$main$1254                        main
C:   000002F8  A$main$1255                        main
C:   000002F9  A$main$1256                        main
C:   000002FA  A$main$1257                        main
C:   000002FB  A$main$1258                        main
C:   000002FC  A$main$1259                        main
C:   000002FD  A$main$1260                        main
C:   000002FE  A$main$1261                        main
C:   000002FF  A$main$1262                        main
C:   00000300  A$main$1263                        main
C:   00000301  A$main$1264                        main
C:   00000302  A$main$1265                        main
C:   00000303  A$main$1266                        main
C:   00000304  A$main$1267                        main
C:   00000305  A$main$1268                        main
C:   00000306  A$main$1269                        main
C:   00000307  A$main$1270                        main
C:   00000308  A$main$1271                        main
C:   00000309  A$main$1272                        main
C:   0000030A  A$main$1273                        main
C:   0000030B  A$main$1274                        main
C:   0000030C  A$main$1275                        main
C:   0000030D  A$main$1276                        main
C:   0000030E  A$main$1277                        main
C:   0000030F  A$main$1278                        main
C:   00000310  A$main$1279                        main
C:   00000311  A$main$1280                        main
C:   00000312  A$main$1284                        main
C:   00000312  C$main.c$166$2_0$56                main
C:   00000314  A$main$1288                        main
C:   00000316  A$main$1289                        main
C:   00000318  A$main$1290                        main
C:   0000031A  A$main$1291                        main
C:   0000031C  A$main$1292                        main
C:   0000031E  A$main$1293                        main
C:   00000320  A$main$1294                        main
C:   00000322  A$main$1295                        main
C:   00000324  A$main$1296                        main
C:   00000326  A$main$1297                        main
C:   00000328  A$main$1298                        main
ASxxxx Linker V03.00 + NoICE + sdld,  page 32.
Hexadecimal  [32-Bits]

Area                                    Addr        Size        Decimal Bytes (Attributes)
--------------------------------        ----        ----        ------- ----- ------------
CSEG                                000000C9    0000030C =         780. bytes (REL,CON,CODE)

      Value  Global                              Global Defined In Module
      -----  --------------------------------   ------------------------
C:   0000032A  A$main$1299                        main
C:   0000032C  A$main$1300                        main
C:   0000032E  A$main$1301                        main
C:   00000330  A$main$1304                        main
C:   00000330  C$main.c$168$1_0$54                main
C:   00000330  XG$Uart_Interrupt$0$0              main
C:   00000331  A$main$1320                        main
C:   00000331  C$main.c$170$1_0$58                main
C:   00000331  C$main.c$175$1_0$58                main
C:   00000331  G$Clk_In_Init$0$0                  main
C:   00000331  _Clk_In_Init                       main
C:   00000334  A$main$1323                        main
C:   00000334  C$main.c$176$1_0$58                main
C:   00000337  A$main$1327                        main
C:   00000337  C$main.c$178$1_0$58                main
C:   00000339  A$main$1331                        main
C:   00000339  C$main.c$180$1_0$58                main
C:   0000033B  A$main$1335                        main
C:   0000033B  C$main.c$181$1_0$58                main
C:   0000033D  A$main$1339                        main
C:   0000033D  C$main.c$182$1_0$58                main
C:   0000033F  A$main$1343                        main
C:   0000033F  C$main.c$183$1_0$58                main
C:   00000341  A$main$1348                        main
C:   00000341  C$main.c$185$1_0$58                main
C:   00000341  XG$Clk_In_Init$0$0                 main
C:   00000342  A$main$1359                        main
C:   00000342  C$main.c$187$1_0$59                main
C:   00000342  G$Clk_In_Interrupt$0$0             main
C:   00000342  _Clk_In_Interrupt                  main
C:   00000344  A$main$1360                        main
C:   00000346  A$main$1361                        main
C:   00000348  A$main$1362                        main
C:   0000034A  A$main$1363                        main
C:   0000034C  A$main$1364                        main
C:   0000034E  A$main$1365                        main
C:   00000350  A$main$1366                        main
C:   00000352  A$main$1367                        main
C:   00000354  A$main$1368                        main
C:   00000356  A$main$1369                        main
C:   00000358  A$main$1370                        main
C:   0000035A  A$main$1371                        main
C:   0000035C  A$main$1372                        main
C:   0000035E  A$main$1373                        main
C:   00000361  A$main$1379                        main
C:   00000361  C$main.c$189$1_0$59                main
C:   00000361  C$main.c$191$2_0$60                main
C:   00000364  A$main$1380                        main
C:   00000366  A$main$1385                        main
C:   00000366  C$main.c$192$2_0$60                main
C:   00000368  A$main$1388                        main
ASxxxx Linker V03.00 + NoICE + sdld,  page 33.
Hexadecimal  [32-Bits]

Area                                    Addr        Size        Decimal Bytes (Attributes)
--------------------------------        ----        ----        ------- ----- ------------
CSEG                                000000C9    0000030C =         780. bytes (REL,CON,CODE)

      Value  Global                              Global Defined In Module
      -----  --------------------------------   ------------------------
C:   00000368  C$main.c$193$2_0$60                main
C:   0000036A  A$main$1389                        main
C:   0000036B  A$main$1390                        main
C:   0000036C  A$main$1391                        main
C:   0000036D  A$main$1392                        main
C:   0000036E  A$main$1393                        main
C:   0000036F  A$main$1394                        main
C:   00000370  A$main$1395                        main
C:   00000371  A$main$1396                        main
C:   00000372  A$main$1397                        main
C:   00000373  A$main$1398                        main
C:   00000374  A$main$1399                        main
C:   00000375  A$main$1400                        main
C:   00000376  A$main$1401                        main
C:   00000377  A$main$1402                        main
C:   00000378  A$main$1403                        main
C:   00000379  A$main$1404                        main
C:   0000037A  A$main$1408                        main
C:   0000037A  C$main.c$195$1_0$59                main
C:   0000037D  A$main$1411                        main
C:   0000037F  A$main$1412                        main
C:   00000381  A$main$1413                        main
C:   00000383  A$main$1414                        main
C:   00000385  A$main$1415                        main
C:   00000387  A$main$1416                        main
C:   00000389  A$main$1417                        main
C:   0000038B  A$main$1418                        main
C:   0000038D  A$main$1419                        main
C:   0000038F  A$main$1420                        main
C:   00000391  A$main$1421                        main
C:   00000393  A$main$1422                        main
C:   00000395  A$main$1423                        main
C:   00000397  A$main$1424                        main
C:   00000399  A$main$1427                        main
C:   00000399  C$main.c$196$1_0$59                main
C:   00000399  XG$Clk_In_Interrupt$0$0            main
C:   0000039A  A$main$1440                        main
C:   0000039A  C$main.c$200$1_0$61                main
C:   0000039A  C$main.c$202$1_0$61                main
C:   0000039A  G$On_SysTick_Timer$0$0             main
C:   0000039A  _On_SysTick_Timer                  main
C:   0000039D  A$main$1445                        main
C:   0000039D  C$main.c$203$1_0$61                main
C:   0000039D  XG$On_SysTick_Timer$0$0            main
C:   0000039E  A$main$1460                        main
C:   0000039E  C$main.c$205$1_0$63                main
C:   0000039E  G$On_Uart_Idle$0$0                 main
C:   0000039E  _On_Uart_Idle                      main
C:   000003A0  A$main$1463                        main
C:   000003A0  C$main.c$207$1_0$63                main
C:   000003A2  A$main$1464                        main
ASxxxx Linker V03.00 + NoICE + sdld,  page 34.
Hexadecimal  [32-Bits]

Area                                    Addr        Size        Decimal Bytes (Attributes)
--------------------------------        ----        ----        ------- ----- ------------
CSEG                                000000C9    0000030C =         780. bytes (REL,CON,CODE)

      Value  Global                              Global Defined In Module
      -----  --------------------------------   ------------------------
C:   000003A5  A$main$1465                        main
C:   000003A6  A$main$1466                        main
C:   000003A9  A$main$1467                        main
C:   000003AB  A$main$1469                        main
C:   000003AD  A$main$1473                        main
C:   000003AF  A$main$1477                        main
C:   000003AF  C$main.c$212$4_0$66                main
C:   000003B0  A$main$1478                        main
C:   000003B2  A$main$1479                        main
C:   000003B3  A$main$1480                        main
C:   000003B4  A$main$1481                        main
C:   000003B5  A$main$1482                        main
C:   000003B6  A$main$1483                        main
C:   000003B8  A$main$1484                        main
C:   000003BA  A$main$1487                        main
C:   000003BA  C$main.c$210$3_0$65                main
C:   000003BB  A$main$1488                        main
C:   000003BE  A$main$1490                        main
C:   000003C0  A$main$1496                        main
C:   000003C0  C$main.c$215$1_0$63                main
C:   000003C0  XG$On_Uart_Idle$0$0                main
C:   000003C1  A$main$1516                        main
C:   000003C1  C$main.c$216$1_0$68                main
C:   000003C1  C$main.c$219$1_0$68                main
C:   000003C1  C$main.c$221$1_0$68                main
C:   000003C1  G$On_Uart_Buff_Full$0$0            main
C:   000003C1  XG$On_Uart_Buff_Full$0$0           main
C:   000003C1  _On_Uart_Buff_Full                 main
C:   000003C2  A$main$1529                        main
C:   000003C2  C$main.c$223$1_0$69                main
C:   000003C2  C$main.c$225$1_0$69                main
C:   000003C2  G$main$0$0                         main
C:   000003C2  _main                              main
C:   000003C5  A$main$1532                        main
C:   000003C5  C$main.c$226$1_0$69                main
C:   000003C8  A$main$1535                        main
C:   000003C8  C$main.c$227$1_0$69                main
C:   000003CB  A$main$1538                        main
C:   000003CB  C$main.c$228$1_0$69                main
C:   000003CE  A$main$1542                        main
C:   000003CE  C$main.c$230$1_0$69                main
C:   000003D0  A$main$1547                        main
C:   000003D0  C$main.c$245$1_0$69                main
C:   000003D0  XG$main$0$0                        main
C:   000003D1  __sdcc_external_startup            _startup

ASxxxx Linker V03.00 + NoICE + sdld,  page 35.

Files Linked                              [ module(s) ]

main.rel                                  [  ]


Libraries Linked                          [ object file ]

D:\windows_10_software\Program Files\SDCC\bin\..\lib\small/mcs51.lib
                                          [ crtclear.rel ]
D:\windows_10_software\Program Files\SDCC\bin\..\lib\small/mcs51.lib
                                          [ crtxinit.rel ]
D:\windows_10_software\Program Files\SDCC\bin\..\lib\small/mcs51.lib
                                          [ crtxclear.rel ]
D:\windows_10_software\Program Files\SDCC\bin\..\lib\small/mcs51.lib
                                          [ crtpagesfr.rel ]
D:\windows_10_software\Program Files\SDCC\bin\..\lib\small/mcs51.lib
                                          [ crtstart.rel ]
D:\windows_10_software\Program Files\SDCC\bin\..\lib\small/libsdcc.lib
                                          [ _startup.rel ]

ASxxxx Linker V03.00 + NoICE + sdld,  page 36.

User Base Address Definitions

HOME = 0x0000
XSEG = 0x0001
PSEG = 0x0001
ISEG = 0x0000
BSEG = 0x0000

