ASxxxx Linker V03.00 + NoICE + sdld,  page 1.
Hexadecimal  [32-Bits]

Area                                    Addr        Size        Decimal Bytes (Attributes)
--------------------------------        ----        ----        ------- ----- ------------
CABS                                00000000    00000000 =           0. bytes (ABS,CON,CODE)

      Value  Global                              Global Defined In Module
      -----  --------------------------------   ------------------------
C:   00000000  l_CABS                          
C:   00000000  l_GSINIT1                       
C:   00000000  l_GSINIT5                       
C:   00000000  l_IABS                          
C:   00000000  l_PSEG                          
C:   00000000  l_REG_BANK_2                    
C:   00000000  l_REG_BANK_3                    
C:   00000000  l_RSEG                          
C:   00000000  l_RSEG0                         
C:   00000000  l_RSEG1                         
C:   00000000  l_XABS                          
C:   00000000  l_XINIT                         
C:   00000000  l_XISEG                         
C:   00000000  l_XSEG                          
C:   00000000  l__CODE                         
C:   00000000  s_BSEG                          
C:   00000000  s_CABS                          
C:   00000000  s_DSEG                          
C:   00000000  s_HOME                          
C:   00000000  s_IABS                          
C:   00000000  s_REG_BANK_0                    
C:   00000000  s_RSEG                          
C:   00000000  s_RSEG0                         
C:   00000000  s_RSEG1                         
C:   00000000  s_XABS                          
C:   00000001  l_BIT_BANK                      
C:   00000001  l_BSEG_BYTES                    
C:   00000001  s_PSEG                          
C:   00000001  s_XISEG                         
C:   00000001  s_XSEG                          
C:   00000002  l_OSEG                          
C:   00000003  l_BSEG                          
C:   00000003  l_GSFINAL                       
C:   00000003  l_GSINIT0                       
C:   00000008  l_REG_BANK_0                    
C:   00000008  l_REG_BANK_1                    
C:   00000008  s_REG_BANK_1                    
C:   0000000A  l_GSINIT2                       
C:   00000010  s_REG_BANK_2                    
C:   00000016  s_OSEG                          
C:   00000018  s_REG_BANK_3                    
C:   00000020  s_BSEG_BYTES                    
C:   00000020  s__CODE                         
C:   00000021  s_BIT_BANK                      
C:   00000022  l_GSINIT3                       
C:   00000022  s_ISEG                          
C:   00000029  l_HOME                          
C:   00000029  s_GSINIT0                       
C:   0000002A  l_GSINIT4                       
C:   0000002C  s_GSINIT1                       
ASxxxx Linker V03.00 + NoICE + sdld,  page 2.
Hexadecimal  [32-Bits]

Area                                    Addr        Size        Decimal Bytes (Attributes)
--------------------------------        ----        ----        ------- ----- ------------
CABS                                00000000    00000000 =           0. bytes (ABS,CON,CODE)

      Value  Global                              Global Defined In Module
      -----  --------------------------------   ------------------------
C:   0000002C  s_GSINIT2                       
C:   00000036  s_GSINIT3                       
C:   00000048  l_GSINIT                        
C:   00000054  l_ISEG                          
C:   00000058  s_GSINIT4                       
C:   00000076  s_SSEG                          
C:   00000078  l_DSEG                          
C:   00000082  s_GSINIT                        
C:   00000082  s_GSINIT5                       
C:   0000008A  l_SSEG                          
C:   000000CA  s_GSFINAL                       
C:   000000CD  s_CSEG                          
C:   00000100  l_IRAM                          
C:   000001E0  l_CONST                         
C:   000004D2  l_CSEG                          
C:   0000059F  s_CONST                         
C:   0000077F  s_XINIT                         

ASxxxx Linker V03.00 + NoICE + sdld,  page 3.
Hexadecimal  [32-Bits]

Area                                    Addr        Size        Decimal Bytes (Attributes)
--------------------------------        ----        ----        ------- ----- ------------
.  .ABS.                            00000000    00000000 =           0. bytes (ABS,CON)

      Value  Global                              Global Defined In Module
      -----  --------------------------------   ------------------------
     00000000  .__.ABS.                           _startup
     00000080  G$P0$0_0$0                         main
     00000080  G$P0_0$0_0$0                       main
     00000080  _P0                                main
     00000080  _P0_0                              main
     00000081  G$P0_1$0_0$0                       main
     00000081  G$SP$0_0$0                         main
     00000081  _P0_1                              main
     00000081  _SP                                main
     00000082  G$DPL$0_0$0                        main
     00000082  G$P0_2$0_0$0                       main
     00000082  _DPL                               main
     00000082  _P0_2                              main
     00000083  G$DPH$0_0$0                        main
     00000083  G$P0_3$0_0$0                       main
     00000083  _DPH                               main
     00000083  _P0_3                              main
     00000084  G$P0_4$0_0$0                       main
     00000084  _P0_4                              main
     00000085  G$P0_5$0_0$0                       main
     00000085  _P0_5                              main
     00000086  G$P0_6$0_0$0                       main
     00000086  _P0_6                              main
     00000087  G$P0_7$0_0$0                       main
     00000087  G$PCON$0_0$0                       main
     00000087  _P0_7                              main
     00000087  _PCON                              main
     00000088  G$IT0$0_0$0                        main
     00000088  G$TCON$0_0$0                       main
     00000088  _IT0                               main
     00000088  _TCON                              main
     00000089  G$IE0$0_0$0                        main
     00000089  G$TMOD$0_0$0                       main
     00000089  _IE0                               main
     00000089  _TMOD                              main
     0000008A  G$IT1$0_0$0                        main
     0000008A  G$TL0$0_0$0                        main
     0000008A  _IT1                               main
     0000008A  _TL0                               main
     0000008B  G$IE1$0_0$0                        main
     0000008B  G$TL1$0_0$0                        main
     0000008B  _IE1                               main
     0000008B  _TL1                               main
     0000008C  G$TH0$0_0$0                        main
     0000008C  G$TR0$0_0$0                        main
     0000008C  _TH0                               main
     0000008C  _TR0                               main
     0000008D  G$TF0$0_0$0                        main
     0000008D  G$TH1$0_0$0                        main
     0000008D  _TF0                               main
ASxxxx Linker V03.00 + NoICE + sdld,  page 4.
Hexadecimal  [32-Bits]

Area                                    Addr        Size        Decimal Bytes (Attributes)
--------------------------------        ----        ----        ------- ----- ------------
.  .ABS.                            00000000    00000000 =           0. bytes (ABS,CON)

      Value  Global                              Global Defined In Module
      -----  --------------------------------   ------------------------
     0000008D  _TH1                               main
     0000008E  G$TR1$0_0$0                        main
     0000008E  Lmain.Uart_Init$AUXR$1_0$55        main
     0000008E  Lmain.systick_init$AUXR$1_0$49     main
     0000008E  _TR1                               main
     0000008F  G$TF1$0_0$0                        main
     0000008F  _TF1                               main
     00000090  G$P1$0_0$0                         main
     00000090  G$P1_0$0_0$0                       main
     00000090  _P1                                main
     00000090  _P1_0                              main
     00000091  G$P1_1$0_0$0                       main
     00000091  Lmain.LS_Deinit$P1M1$1_0$30        main
     00000091  Lmain.LS_Init$P1M1$1_0$29          main
     00000091  _P1_1                              main
     00000092  G$P1_2$0_0$0                       main
     00000092  Lmain.LS_Deinit$P1M0$1_0$30        main
     00000092  Lmain.LS_Init$P1M0$1_0$29          main
     00000092  _P1_2                              main
     00000093  G$P1_3$0_0$0                       main
     00000093  _P1_3                              main
     00000094  G$P1_4$0_0$0                       main
     00000094  _P1_4                              main
     00000095  G$P1_5$0_0$0                       main
     00000095  _P1_5                              main
     00000096  G$P1_6$0_0$0                       main
     00000096  _P1_6                              main
     00000097  G$P1_7$0_0$0                       main
     00000097  _P1_7                              main
     00000098  G$RI$0_0$0                         main
     00000098  G$SCON$0_0$0                       main
     00000098  _RI                                main
     00000098  _SCON                              main
     00000099  G$SBUF$0_0$0                       main
     00000099  G$TI$0_0$0                         main
     00000099  _SBUF                              main
     00000099  _TI                                main
     0000009A  G$RB8$0_0$0                        main
     0000009A  _RB8                               main
     0000009B  G$TB8$0_0$0                        main
     0000009B  _TB8                               main
     0000009C  G$REN$0_0$0                        main
     0000009C  _REN                               main
     0000009D  G$SM2$0_0$0                        main
     0000009D  _SM2                               main
     0000009E  G$SM1$0_0$0                        main
     0000009E  _SM1                               main
     0000009F  G$SM0$0_0$0                        main
     0000009F  _SM0                               main
     000000A0  G$P2$0_0$0                         main
     000000A0  G$P2_0$0_0$0                       main
ASxxxx Linker V03.00 + NoICE + sdld,  page 5.
Hexadecimal  [32-Bits]

Area                                    Addr        Size        Decimal Bytes (Attributes)
--------------------------------        ----        ----        ------- ----- ------------
.  .ABS.                            00000000    00000000 =           0. bytes (ABS,CON)

      Value  Global                              Global Defined In Module
      -----  --------------------------------   ------------------------
     000000A0  _P2                                main
     000000A0  _P2_0                              main
     000000A0  __XPAGE                            
     000000A1  G$P2_1$0_0$0                       main
     000000A1  _P2_1                              main
     000000A2  G$P2_2$0_0$0                       main
     000000A2  Lmain.Uart_Init$P_SW1$1_0$55       main
     000000A2  _P2_2                              main
     000000A3  G$P2_3$0_0$0                       main
     000000A3  _P2_3                              main
     000000A4  G$P2_4$0_0$0                       main
     000000A4  _P2_4                              main
     000000A5  G$P2_5$0_0$0                       main
     000000A5  _P2_5                              main
     000000A6  G$P2_6$0_0$0                       main
     000000A6  _P2_6                              main
     000000A7  G$P2_7$0_0$0                       main
     000000A7  _P2_7                              main
     000000A8  G$EX0$0_0$0                        main
     000000A8  G$IE$0_0$0                         main
     000000A8  _EX0                               main
     000000A8  _IE                                main
     000000A9  G$ET0$0_0$0                        main
     000000A9  _ET0                               main
     000000AA  G$EX1$0_0$0                        main
     000000AA  _EX1                               main
     000000AB  G$ET1$0_0$0                        main
     000000AB  _ET1                               main
     000000AC  G$ES$0_0$0                         main
     000000AC  _ES                                main
     000000AF  G$EA$0_0$0                         main
     000000AF  _EA                                main
     000000B0  G$P3$0_0$0                         main
     000000B0  G$P3_0$0_0$0                       main
     000000B0  G$RXD$0_0$0                        main
     000000B0  _P3                                main
     000000B0  _P3_0                              main
     000000B0  _RXD                               main
     000000B1  G$P3_1$0_0$0                       main
     000000B1  G$TXD$0_0$0                        main
     000000B1  Lmain.Clk_In_Init$P3M1$1_0$70      main
     000000B1  Lmain.systick_init$P3M1$1_1$50     main
     000000B1  _P3_1                              main
     000000B1  _TXD                               main
     000000B2  G$INT0$0_0$0                       main
     000000B2  G$P3_2$0_0$0                       main
     000000B2  Lmain.Clk_In_Init$P3M0$1_0$70      main
     000000B2  Lmain.systick_init$P3M0$1_1$50     main
     000000B2  _INT0                              main
     000000B2  _P3_2                              main
     000000B3  G$INT1$0_0$0                       main
ASxxxx Linker V03.00 + NoICE + sdld,  page 6.
Hexadecimal  [32-Bits]

Area                                    Addr        Size        Decimal Bytes (Attributes)
--------------------------------        ----        ----        ------- ----- ------------
.  .ABS.                            00000000    00000000 =           0. bytes (ABS,CON)

      Value  Global                              Global Defined In Module
      -----  --------------------------------   ------------------------
     000000B3  G$P3_3$0_0$0                       main
     000000B3  _INT1                              main
     000000B3  _P3_3                              main
     000000B4  G$P3_4$0_0$0                       main
     000000B4  G$T0$0_0$0                         main
     000000B4  _P3_4                              main
     000000B4  _T0                                main
     000000B5  G$P3_5$0_0$0                       main
     000000B5  G$T1$0_0$0                         main
     000000B5  _P3_5                              main
     000000B5  _T1                                main
     000000B6  G$P3_6$0_0$0                       main
     000000B6  G$WR$0_0$0                         main
     000000B6  _P3_6                              main
     000000B6  _WR                                main
     000000B7  G$P3_7$0_0$0                       main
     000000B7  G$RD$0_0$0                         main
     000000B7  _P3_7                              main
     000000B7  _RD                                main
     000000B8  G$IP$0_0$0                         main
     000000B8  G$PX0$0_0$0                        main
     000000B8  _IP                                main
     000000B8  _PX0                               main
     000000B9  G$PT0$0_0$0                        main
     000000B9  _PT0                               main
     000000BA  G$PX1$0_0$0                        main
     000000BA  _PX1                               main
     000000BB  G$PT1$0_0$0                        main
     000000BB  _PT1                               main
     000000BC  G$PS$0_0$0                         main
     000000BC  _PS                                main
     000000D0  G$P$0_0$0                          main
     000000D0  G$PSW$0_0$0                        main
     000000D0  _P                                 main
     000000D0  _PSW                               main
     000000D1  G$F1$0_0$0                         main
     000000D1  _F1                                main
     000000D2  G$OV$0_0$0                         main
     000000D2  _OV                                main
     000000D3  G$RS0$0_0$0                        main
     000000D3  _RS0                               main
     000000D4  G$RS1$0_0$0                        main
     000000D4  _RS1                               main
     000000D5  G$F0$0_0$0                         main
     000000D5  _F0                                main
     000000D6  G$AC$0_0$0                         main
     000000D6  Lmain.Uart_Init$T2H$1_0$55         main
     000000D6  _AC                                main
     000000D7  G$CY$0_0$0                         main
     000000D7  Lmain.Uart_Init$T2L$1_0$55         main
     000000D7  _CY                                main
ASxxxx Linker V03.00 + NoICE + sdld,  page 7.
Hexadecimal  [32-Bits]

Area                                    Addr        Size        Decimal Bytes (Attributes)
--------------------------------        ----        ----        ------- ----- ------------
.  .ABS.                            00000000    00000000 =           0. bytes (ABS,CON)

      Value  Global                              Global Defined In Module
      -----  --------------------------------   ------------------------
     000000E0  G$ACC$0_0$0                        main
     000000E0  _ACC                               main
     000000F0  G$B$0_0$0                          main
     000000F0  _B                                 main
ASxxxx Linker V03.00 + NoICE + sdld,  page 8.
Hexadecimal  [32-Bits]

Area                                    Addr        Size        Decimal Bytes (Attributes)
--------------------------------        ----        ----        ------- ----- ------------
BSEG_BYTES                          00000020    00000001 =           1. bytes (REL,CON)

      Value  Global                              Global Defined In Module
      -----  --------------------------------   ------------------------
ASxxxx Linker V03.00 + NoICE + sdld,  page 9.
Hexadecimal  [32-Bits]

Area                                    Addr        Size        Decimal Bytes (Attributes)
--------------------------------        ----        ----        ------- ----- ------------
REG_BANK_0                          00000000    00000008 =           8. bytes (REL,OVR)

      Value  Global                              Global Defined In Module
      -----  --------------------------------   ------------------------
ASxxxx Linker V03.00 + NoICE + sdld,  page 10.
Hexadecimal  [32-Bits]

Area                                    Addr        Size        Decimal Bytes (Attributes)
--------------------------------        ----        ----        ------- ----- ------------
REG_BANK_1                          00000008    00000008 =           8. bytes (REL,OVR)

      Value  Global                              Global Defined In Module
      -----  --------------------------------   ------------------------
ASxxxx Linker V03.00 + NoICE + sdld,  page 11.
Hexadecimal  [32-Bits]

Area                                    Addr        Size        Decimal Bytes (Attributes)
--------------------------------        ----        ----        ------- ----- ------------
BIT_BANK                            00000021    00000001 =           1. bytes (REL,OVR)

      Value  Global                              Global Defined In Module
      -----  --------------------------------   ------------------------
ASxxxx Linker V03.00 + NoICE + sdld,  page 12.
Hexadecimal  [32-Bits]

Area                                    Addr        Size        Decimal Bytes (Attributes)
--------------------------------        ----        ----        ------- ----- ------------
DSEG                                00000000    00000078 =         120. bytes (REL,CON)

      Value  Global                              Global Defined In Module
      -----  --------------------------------   ------------------------
     00000010  Lmain.LS_595_DataOut$Col_Data$1_   main
     00000010  _LS_595_DataOut_PARM_2             main
     00000011  Lmain.LS_DisplayOneCol$Row_Index   main
     00000011  _LS_DisplayOneCol_PARM_2           main
     00000012  Lmain.On_Uart_Idle$length$1_0$74   main
     00000012  _On_Uart_Idle_PARM_2               main
     00000014  Lmain.On_Uart_Buff_Full$length$1   main
     00000014  _On_Uart_Buff_Full_PARM_2          main

ASxxxx Linker V03.00 + NoICE + sdld,  page 13.
Hexadecimal  [32-Bits]

Area                                    Addr        Size        Decimal Bytes (Attributes)
--------------------------------        ----        ----        ------- ----- ------------
OSEG                                00000016    00000002 =           2. bytes (REL,OVR)

      Value  Global                              Global Defined In Module
      -----  --------------------------------   ------------------------
     00000016  __mulint_PARM_2                    _mulint

ASxxxx Linker V03.00 + NoICE + sdld,  page 14.
Hexadecimal  [32-Bits]

Area                                    Addr        Size        Decimal Bytes (Attributes)
--------------------------------        ----        ----        ------- ----- ------------
ISEG                                00000022    00000054 =          84. bytes (REL,CON)

      Value  Global                              Global Defined In Module
      -----  --------------------------------   ------------------------
     00000022  G$LS_RAM$0_0$0                     main
     00000022  _LS_RAM                            main
     0000002A  Fmain$LS_Current_Index$0_0$0       main
     0000002B  G$systick$0_0$0                    main
     0000002B  _systick                           main
     00000033  G$Uart_Receive_Buff$0_0$0          main
     00000033  _Uart_Receive_Buff                 main
     00000073  G$Uart_Receive_Buff_Index$0_0$0    main
     00000073  _Uart_Receive_Buff_Index           main
     00000074  G$Uart_Echo_To_Send$0_0$0          main
     00000074  _Uart_Echo_To_Send                 main
     00000075  G$Receive_Timeout_Tick$0_0$0       main
     00000075  _Receive_Timeout_Tick              main

ASxxxx Linker V03.00 + NoICE + sdld,  page 15.
Hexadecimal  [32-Bits]

Area                                    Addr        Size        Decimal Bytes (Attributes)
--------------------------------        ----        ----        ------- ----- ------------
SSEG                                00000076    0000008A =         138. bytes (REL,OVR)

      Value  Global                              Global Defined In Module
      -----  --------------------------------   ------------------------
     00000076  __start__stack                     main

ASxxxx Linker V03.00 + NoICE + sdld,  page 16.
Hexadecimal  [32-Bits]

Area                                    Addr        Size        Decimal Bytes (Attributes)
--------------------------------        ----        ----        ------- ----- ------------
HOME                                00000000    00000029 =          41. bytes (REL,CON,CODE)

      Value  Global                              Global Defined In Module
      -----  --------------------------------   ------------------------
C:   00000000  A$main$488                         main
C:   00000003  A$main$489                         main
C:   0000000B  A$main$491                         main
C:   00000013  A$main$493                         main
C:   0000001B  A$main$495                         main
C:   00000023  A$main$497                         main
C:   00000026  A$main$584                         main
C:   00000026  __sdcc_program_startup             main

ASxxxx Linker V03.00 + NoICE + sdld,  page 17.
Hexadecimal  [32-Bits]

Area                                    Addr        Size        Decimal Bytes (Attributes)
--------------------------------        ----        ----        ------- ----- ------------
GSINIT0                             00000029    00000003 =           3. bytes (REL,CON,CODE)

      Value  Global                              Global Defined In Module
      -----  --------------------------------   ------------------------
C:   00000029  __sdcc_gsinit_startup              

ASxxxx Linker V03.00 + NoICE + sdld,  page 18.
Hexadecimal  [32-Bits]

Area                                    Addr        Size        Decimal Bytes (Attributes)
--------------------------------        ----        ----        ------- ----- ------------
GSINIT2                             0000002C    0000000A =          10. bytes (REL,CON,CODE)

      Value  Global                              Global Defined In Module
      -----  --------------------------------   ------------------------
ASxxxx Linker V03.00 + NoICE + sdld,  page 19.
Hexadecimal  [32-Bits]

Area                                    Addr        Size        Decimal Bytes (Attributes)
--------------------------------        ----        ----        ------- ----- ------------
GSINIT3                             00000036    00000022 =          34. bytes (REL,CON,CODE)

      Value  Global                              Global Defined In Module
      -----  --------------------------------   ------------------------
C:   00000036  __mcs51_genXINIT                   

ASxxxx Linker V03.00 + NoICE + sdld,  page 20.
Hexadecimal  [32-Bits]

Area                                    Addr        Size        Decimal Bytes (Attributes)
--------------------------------        ----        ----        ------- ----- ------------
GSINIT4                             00000058    0000002A =          42. bytes (REL,CON,CODE)

      Value  Global                              Global Defined In Module
      -----  --------------------------------   ------------------------
C:   00000058  __mcs51_genRAMCLEAR                
C:   0000005E  __mcs51_genXRAMCLEAR               

ASxxxx Linker V03.00 + NoICE + sdld,  page 21.
Hexadecimal  [32-Bits]

Area                                    Addr        Size        Decimal Bytes (Attributes)
--------------------------------        ----        ----        ------- ----- ------------
GSINIT                              00000082    00000048 =          72. bytes (REL,CON,CODE)

      Value  Global                              Global Defined In Module
      -----  --------------------------------   ------------------------
C:   00000082  A$main$513                         main
C:   00000082  C$LatticeScreen.c$3$1_0$85         main
C:   00000084  A$main$514                         main
C:   00000086  A$main$515                         main
C:   00000088  A$main$516                         main
C:   0000008A  A$main$517                         main
C:   0000008C  A$main$518                         main
C:   0000008E  A$main$519                         main
C:   00000090  A$main$520                         main
C:   00000092  A$main$521                         main
C:   00000094  A$main$522                         main
C:   00000096  A$main$523                         main
C:   00000098  A$main$524                         main
C:   0000009A  A$main$525                         main
C:   0000009C  A$main$526                         main
C:   0000009E  A$main$527                         main
C:   000000A0  A$main$528                         main
C:   000000A2  A$main$531                         main
C:   000000A2  C$LatticeScreen.c$94$1_0$85        main
C:   000000A4  A$main$532                         main
C:   000000A6  A$main$535                         main
C:   000000A6  C$main.c$24$1_0$85                 main
C:   000000A8  A$main$536                         main
C:   000000A9  A$main$537                         main
C:   000000AA  A$main$538                         main
C:   000000AB  A$main$539                         main
C:   000000AC  A$main$540                         main
C:   000000AD  A$main$541                         main
C:   000000AE  A$main$542                         main
C:   000000AF  A$main$543                         main
C:   000000B0  A$main$544                         main
C:   000000B1  A$main$545                         main
C:   000000B2  A$main$546                         main
C:   000000B3  A$main$547                         main
C:   000000B4  A$main$548                         main
C:   000000B5  A$main$549                         main
C:   000000B6  A$main$550                         main
C:   000000B7  A$main$551                         main
C:   000000B8  A$main$554                         main
C:   000000BA  A$main$555                         main
C:   000000BC  A$main$558                         main
C:   000000BC  C$main.c$141$1_0$85                main
C:   000000BE  A$main$559                         main
C:   000000C0  A$main$562                         main
C:   000000C0  C$main.c$142$1_0$85                main
C:   000000C2  A$main$563                         main
C:   000000C4  A$main$567                         main
C:   000000C4  C$main.c$81$1_0$85                 main
C:   000000C6  A$main$571                         main
C:   000000C6  C$main.c$82$1_0$85                 main
ASxxxx Linker V03.00 + NoICE + sdld,  page 22.
Hexadecimal  [32-Bits]

Area                                    Addr        Size        Decimal Bytes (Attributes)
--------------------------------        ----        ----        ------- ----- ------------
GSINIT                              00000082    00000048 =          72. bytes (REL,CON,CODE)

      Value  Global                              Global Defined In Module
      -----  --------------------------------   ------------------------
C:   000000C8  A$main$575                         main
C:   000000C8  C$main.c$83$1_0$85                 main

ASxxxx Linker V03.00 + NoICE + sdld,  page 23.
Hexadecimal  [32-Bits]

Area                                    Addr        Size        Decimal Bytes (Attributes)
--------------------------------        ----        ----        ------- ----- ------------
GSFINAL                             000000CA    00000003 =           3. bytes (REL,CON,CODE)

      Value  Global                              Global Defined In Module
      -----  --------------------------------   ------------------------
C:   000000CA  A$main$577                         main

ASxxxx Linker V03.00 + NoICE + sdld,  page 24.
Hexadecimal  [32-Bits]

Area                                    Addr        Size        Decimal Bytes (Attributes)
--------------------------------        ----        ----        ------- ----- ------------
CSEG                                000000CD    000004D2 =        1234. bytes (REL,CON,CODE)

      Value  Global                              Global Defined In Module
      -----  --------------------------------   ------------------------
C:   000000CD  A$main$613                         main
C:   000000CD  C$LatticeScreen.c$16$1_0$29        main
C:   000000CD  C$LatticeScreen.c$9$0_0$29         main
C:   000000CD  G$LS_Init$0$0                      main
C:   000000CD  _LS_Init                           main
C:   000000D0  A$main$616                         main
C:   000000D0  C$LatticeScreen.c$17$1_0$29        main
C:   000000D3  A$main$620                         main
C:   000000D3  C$LatticeScreen.c$20$1_0$29        main
C:   000000D5  A$main$624                         main
C:   000000D5  C$LatticeScreen.c$21$1_0$29        main
C:   000000D7  A$main$628                         main
C:   000000D7  C$LatticeScreen.c$24$1_0$29        main
C:   000000D9  A$main$632                         main
C:   000000D9  C$LatticeScreen.c$25$1_0$29        main
C:   000000DB  A$main$636                         main
C:   000000DB  C$LatticeScreen.c$27$1_0$29        main
C:   000000DD  A$main$641                         main
C:   000000DD  C$LatticeScreen.c$28$1_0$29        main
C:   000000DD  XG$LS_Init$0$0                     main
C:   000000DE  A$main$657                         main
C:   000000DE  C$LatticeScreen.c$30$1_0$30        main
C:   000000DE  C$LatticeScreen.c$36$1_0$30        main
C:   000000DE  G$LS_Deinit$0$0                    main
C:   000000DE  _LS_Deinit                         main
C:   000000E1  A$main$660                         main
C:   000000E1  C$LatticeScreen.c$37$1_0$30        main
C:   000000E4  A$main$664                         main
C:   000000E4  C$LatticeScreen.c$40$1_0$30        main
C:   000000E6  A$main$668                         main
C:   000000E6  C$LatticeScreen.c$41$1_0$30        main
C:   000000E8  A$main$672                         main
C:   000000E8  C$LatticeScreen.c$44$1_0$30        main
C:   000000EA  A$main$676                         main
C:   000000EA  C$LatticeScreen.c$46$1_0$30        main
C:   000000EC  A$main$681                         main
C:   000000EC  C$LatticeScreen.c$47$1_0$30        main
C:   000000EC  XG$LS_Deinit$0$0                   main
C:   000000ED  A$main$696                         main
C:   000000ED  C$LatticeScreen.c$49$1_0$32        main
C:   000000ED  G$LS_595_DataOut$0$0               main
C:   000000ED  _LS_595_DataOut                    main
C:   000000EF  A$main$700                         main
C:   000000EF  C$LatticeScreen.c$53$1_0$32        main
C:   000000F1  A$main$704                         main
C:   000000F1  C$LatticeScreen.c$54$1_0$32        main
C:   000000F3  A$main$707                         main
C:   000000F5  A$main$712                         main
C:   000000F5  C$LatticeScreen.c$58$3_0$34        main
C:   000000F7  A$main$715                         main
ASxxxx Linker V03.00 + NoICE + sdld,  page 25.
Hexadecimal  [32-Bits]

Area                                    Addr        Size        Decimal Bytes (Attributes)
--------------------------------        ----        ----        ------- ----- ------------
CSEG                                000000CD    000004D2 =        1234. bytes (REL,CON,CODE)

      Value  Global                              Global Defined In Module
      -----  --------------------------------   ------------------------
C:   000000F7  C$LatticeScreen.c$59$3_0$34        main
C:   000000F9  A$main$716                         main
C:   000000FB  A$main$717                         main
C:   000000FD  A$main$718                         main
C:   000000FF  A$main$719                         main
C:   00000101  A$main$721                         main
C:   00000102  A$main$722                         main
C:   00000103  A$main$723                         main
C:   00000104  A$main$724                         main
C:   00000105  A$main$725                         main
C:   00000106  A$main$726                         main
C:   00000107  A$main$728                         main
C:   0000010A  A$main$729                         main
C:   0000010C  A$main$730                         main
C:   0000010E  A$main$731                         main
C:   0000010F  A$main$732                         main
C:   00000111  A$main$733                         main
C:   00000112  A$main$734                         main
C:   00000114  A$main$735                         main
C:   00000115  A$main$736                         main
C:   00000116  A$main$737                         main
C:   00000118  A$main$741                         main
C:   00000118  C$LatticeScreen.c$61$4_0$35        main
C:   0000011A  A$main$742                         main
C:   0000011C  A$main$747                         main
C:   0000011C  C$LatticeScreen.c$65$4_0$36        main
C:   0000011E  A$main$751                         main
C:   0000011E  C$LatticeScreen.c$68$3_0$34        main
C:   00000120  A$main$752                         main
C:   00000122  A$main$753                         main
C:   00000124  A$main$754                         main
C:   00000126  A$main$755                         main
C:   00000128  A$main$757                         main
C:   00000129  A$main$758                         main
C:   0000012A  A$main$759                         main
C:   0000012B  A$main$760                         main
C:   0000012C  A$main$761                         main
C:   0000012D  A$main$762                         main
C:   0000012E  A$main$764                         main
C:   00000131  A$main$765                         main
C:   00000133  A$main$766                         main
C:   00000135  A$main$767                         main
C:   00000136  A$main$768                         main
C:   00000138  A$main$769                         main
C:   00000139  A$main$770                         main
C:   0000013B  A$main$771                         main
C:   0000013C  A$main$772                         main
C:   0000013D  A$main$773                         main
C:   0000013F  A$main$777                         main
C:   0000013F  C$LatticeScreen.c$70$4_0$37        main
C:   00000141  A$main$778                         main
ASxxxx Linker V03.00 + NoICE + sdld,  page 26.
Hexadecimal  [32-Bits]

Area                                    Addr        Size        Decimal Bytes (Attributes)
--------------------------------        ----        ----        ------- ----- ------------
CSEG                                000000CD    000004D2 =        1234. bytes (REL,CON,CODE)

      Value  Global                              Global Defined In Module
      -----  --------------------------------   ------------------------
C:   00000143  A$main$783                         main
C:   00000143  C$LatticeScreen.c$74$4_0$38        main
C:   00000145  A$main$788                         main
C:   00000145  C$LatticeScreen.c$77$3_0$34        main
C:   00000147  A$main$791                         main
C:   00000147  C$LatticeScreen.c$56$2_0$33        main
C:   00000148  A$main$792                         main
C:   0000014B  A$main$794                         main
C:   0000014D  A$main$798                         main
C:   0000014D  C$LatticeScreen.c$80$1_0$32        main
C:   0000014F  A$main$803                         main
C:   0000014F  C$LatticeScreen.c$82$1_0$32        main
C:   0000014F  XG$LS_595_DataOut$0$0              main
C:   00000150  A$main$817                         main
C:   00000150  C$LatticeScreen.c$85$1_0$40        main
C:   00000150  G$LS_DisplayOneCol$0$0             main
C:   00000150  _LS_DisplayOneCol                  main
C:   00000152  A$main$820                         main
C:   00000152  C$LatticeScreen.c$87$1_0$40        main
C:   00000154  A$main$821                         main
C:   00000156  A$main$822                         main
C:   00000158  A$main$825                         main
C:   00000158  C$LatticeScreen.c$89$2_0$41        main
C:   0000015A  A$main$826                         main
C:   0000015C  A$main$827                         main
C:   0000015E  A$main$828                         main
C:   00000160  A$main$829                         main
C:   00000162  A$main$831                         main
C:   00000164  A$main$833                         main
C:   00000167  A$main$834                         main
C:   00000169  A$main$835                         main
C:   0000016A  A$main$836                         main
C:   0000016B  A$main$837                         main
C:   0000016D  A$main$838                         main
C:   00000170  A$main$844                         main
C:   00000170  C$LatticeScreen.c$92$1_0$40        main
C:   00000170  XG$LS_DisplayOneCol$0$0            main
C:   00000171  A$main$857                         main
C:   00000171  C$LatticeScreen.c$96$1_0$42        main
C:   00000171  C$LatticeScreen.c$99$1_0$42        main
C:   00000171  G$LS_Refresh$0$0                   main
C:   00000171  _LS_Refresh                        main
C:   00000173  A$main$858                         main
C:   00000174  A$main$859                         main
C:   00000176  A$main$860                         main
C:   00000177  A$main$861                         main
C:   00000179  A$main$862                         main
C:   0000017B  A$main$863                         main
C:   0000017D  A$main$864                         main
C:   0000017F  A$main$865                         main
C:   00000180  A$main$866                         main
ASxxxx Linker V03.00 + NoICE + sdld,  page 27.
Hexadecimal  [32-Bits]

Area                                    Addr        Size        Decimal Bytes (Attributes)
--------------------------------        ----        ----        ------- ----- ------------
CSEG                                000000CD    000004D2 =        1234. bytes (REL,CON,CODE)

      Value  Global                              Global Defined In Module
      -----  --------------------------------   ------------------------
C:   00000181  A$main$867                         main
C:   00000182  A$main$868                         main
C:   00000184  A$main$869                         main
C:   00000187  A$main$872                         main
C:   00000187  C$LatticeScreen.c$100$1_0$42       main
C:   00000189  A$main$873                         main
C:   0000018C  A$main$875                         main
C:   0000018E  A$main$878                         main
C:   0000018E  C$LatticeScreen.c$102$2_0$43       main
C:   00000190  A$main$879                         main
C:   00000192  A$main$885                         main
C:   00000192  C$LatticeScreen.c$105$1_0$42       main
C:   00000192  XG$LS_Refresh$0$0                  main
C:   00000193  A$main$900                         main
C:   00000193  C$LatticeScreen.c$208$1_0$45       main
C:   00000193  G$LS_Show_Char_Font5x7$0$0         main
C:   00000193  _LS_Show_Char_Font5x7              main
C:   00000195  A$main$903                         main
C:   00000195  C$LatticeScreen.c$210$1_0$45       main
C:   00000198  A$main$905                         main
C:   0000019A  A$main$908                         main
C:   0000019A  C$LatticeScreen.c$211$1_0$45       main
C:   0000019D  A$main$912                         main
C:   0000019D  C$LatticeScreen.c$212$1_0$45       main
C:   0000019F  A$main$913                         main
C:   000001A1  A$main$916                         main
C:   000001A1  C$LatticeScreen.c$213$1_0$45       main
C:   000001A3  A$main$917                         main
C:   000001A5  A$main$920                         main
C:   000001A5  C$LatticeScreen.c$214$1_0$45       main
C:   000001A7  A$main$923                         main
C:   000001A7  C$LatticeScreen.c$217$1_1$46       main
C:   000001A8  A$main$924                         main
C:   000001A9  A$main$925                         main
C:   000001AA  A$main$926                         main
C:   000001AB  A$main$927                         main
C:   000001AD  A$main$928                         main
C:   000001AF  A$main$929                         main
C:   000001B0  A$main$930                         main
C:   000001B2  A$main$931                         main
C:   000001B4  A$main$932                         main
C:   000001B7  A$main$933                         main
C:   000001BA  A$main$934                         main
C:   000001BC  A$main$935                         main
C:   000001BE  A$main$938                         main
C:   000001C0  A$main$942                         main
C:   000001C0  C$LatticeScreen.c$222$3_1$48       main
C:   000001C2  A$main$943                         main
C:   000001C4  A$main$944                         main
C:   000001C5  A$main$945                         main
C:   000001C7  A$main$946                         main
ASxxxx Linker V03.00 + NoICE + sdld,  page 28.
Hexadecimal  [32-Bits]

Area                                    Addr        Size        Decimal Bytes (Attributes)
--------------------------------        ----        ----        ------- ----- ------------
CSEG                                000000CD    000004D2 =        1234. bytes (REL,CON,CODE)

      Value  Global                              Global Defined In Module
      -----  --------------------------------   ------------------------
C:   000001C8  A$main$949                         main
C:   000001C8  C$LatticeScreen.c$223$3_1$48       main
C:   000001CA  A$main$950                         main
C:   000001CC  A$main$951                         main
C:   000001CD  A$main$952                         main
C:   000001CE  A$main$953                         main
C:   000001CF  A$main$954                         main
C:   000001D0  A$main$955                         main
C:   000001D1  A$main$956                         main
C:   000001D2  A$main$957                         main
C:   000001D3  A$main$958                         main
C:   000001D5  A$main$959                         main
C:   000001D7  A$main$960                         main
C:   000001D8  A$main$961                         main
C:   000001DA  A$main$962                         main
C:   000001DC  A$main$963                         main
C:   000001DD  A$main$964                         main
C:   000001DE  A$main$965                         main
C:   000001E1  A$main$966                         main
C:   000001E3  A$main$967                         main
C:   000001E5  A$main$968                         main
C:   000001E7  A$main$970                         main
C:   000001E9  A$main$971                         main
C:   000001EB  A$main$975                         main
C:   000001EB  C$LatticeScreen.c$224$3_1$48       main
C:   000001ED  A$main$976                         main
C:   000001EF  A$main$977                         main
C:   000001F0  A$main$978                         main
C:   000001F1  A$main$979                         main
C:   000001F2  A$main$980                         main
C:   000001F3  A$main$981                         main
C:   000001F4  A$main$982                         main
C:   000001F5  A$main$983                         main
C:   000001F6  A$main$984                         main
C:   000001F8  A$main$985                         main
C:   000001FA  A$main$986                         main
C:   000001FB  A$main$987                         main
C:   000001FD  A$main$988                         main
C:   000001FF  A$main$989                         main
C:   00000200  A$main$990                         main
C:   00000201  A$main$991                         main
C:   00000204  A$main$992                         main
C:   00000206  A$main$993                         main
C:   00000208  A$main$994                         main
C:   0000020A  A$main$996                         main
C:   0000020C  A$main$997                         main
C:   0000020E  A$main$999                         main
C:   0000020F  A$main$1000                        main
C:   00000210  A$main$1001                        main
C:   00000211  A$main$1004                        main
C:   00000211  C$LatticeScreen.c$225$3_1$48       main
ASxxxx Linker V03.00 + NoICE + sdld,  page 29.
Hexadecimal  [32-Bits]

Area                                    Addr        Size        Decimal Bytes (Attributes)
--------------------------------        ----        ----        ------- ----- ------------
CSEG                                000000CD    000004D2 =        1234. bytes (REL,CON,CODE)

      Value  Global                              Global Defined In Module
      -----  --------------------------------   ------------------------
C:   00000213  A$main$1005                        main
C:   00000215  A$main$1006                        main
C:   00000216  A$main$1007                        main
C:   00000217  A$main$1008                        main
C:   00000218  A$main$1009                        main
C:   00000219  A$main$1010                        main
C:   0000021A  A$main$1011                        main
C:   0000021B  A$main$1012                        main
C:   0000021C  A$main$1013                        main
C:   0000021E  A$main$1014                        main
C:   00000220  A$main$1015                        main
C:   00000221  A$main$1016                        main
C:   00000223  A$main$1017                        main
C:   00000225  A$main$1018                        main
C:   00000226  A$main$1019                        main
C:   00000227  A$main$1020                        main
C:   0000022A  A$main$1021                        main
C:   0000022C  A$main$1022                        main
C:   0000022E  A$main$1023                        main
C:   00000230  A$main$1025                        main
C:   00000232  A$main$1026                        main
C:   00000234  A$main$1028                        main
C:   00000235  A$main$1029                        main
C:   00000236  A$main$1030                        main
C:   00000237  A$main$1033                        main
C:   00000237  C$LatticeScreen.c$226$3_1$48       main
C:   00000239  A$main$1034                        main
C:   0000023B  A$main$1035                        main
C:   0000023C  A$main$1036                        main
C:   0000023D  A$main$1037                        main
C:   0000023E  A$main$1038                        main
C:   0000023F  A$main$1039                        main
C:   00000240  A$main$1040                        main
C:   00000241  A$main$1041                        main
C:   00000242  A$main$1042                        main
C:   00000244  A$main$1043                        main
C:   00000246  A$main$1044                        main
C:   00000247  A$main$1045                        main
C:   00000249  A$main$1046                        main
C:   0000024B  A$main$1047                        main
C:   0000024C  A$main$1048                        main
C:   0000024D  A$main$1049                        main
C:   00000250  A$main$1050                        main
C:   00000252  A$main$1051                        main
C:   00000254  A$main$1052                        main
C:   00000256  A$main$1054                        main
C:   00000258  A$main$1055                        main
C:   0000025A  A$main$1057                        main
C:   0000025B  A$main$1058                        main
C:   0000025C  A$main$1059                        main
C:   0000025D  A$main$1062                        main
ASxxxx Linker V03.00 + NoICE + sdld,  page 30.
Hexadecimal  [32-Bits]

Area                                    Addr        Size        Decimal Bytes (Attributes)
--------------------------------        ----        ----        ------- ----- ------------
CSEG                                000000CD    000004D2 =        1234. bytes (REL,CON,CODE)

      Value  Global                              Global Defined In Module
      -----  --------------------------------   ------------------------
C:   0000025D  C$LatticeScreen.c$227$3_1$48       main
C:   0000025F  A$main$1063                        main
C:   00000261  A$main$1064                        main
C:   00000262  A$main$1065                        main
C:   00000263  A$main$1066                        main
C:   00000264  A$main$1067                        main
C:   00000265  A$main$1068                        main
C:   00000266  A$main$1069                        main
C:   00000267  A$main$1070                        main
C:   00000268  A$main$1071                        main
C:   0000026A  A$main$1072                        main
C:   0000026C  A$main$1073                        main
C:   0000026D  A$main$1074                        main
C:   0000026F  A$main$1075                        main
C:   00000271  A$main$1076                        main
C:   00000272  A$main$1077                        main
C:   00000273  A$main$1078                        main
C:   00000276  A$main$1079                        main
C:   00000278  A$main$1080                        main
C:   0000027A  A$main$1081                        main
C:   0000027C  A$main$1083                        main
C:   0000027E  A$main$1084                        main
C:   00000280  A$main$1086                        main
C:   00000281  A$main$1087                        main
C:   00000282  A$main$1088                        main
C:   00000283  A$main$1091                        main
C:   00000283  C$LatticeScreen.c$228$3_1$48       main
C:   00000285  A$main$1092                        main
C:   00000287  A$main$1093                        main
C:   00000288  A$main$1094                        main
C:   00000289  A$main$1095                        main
C:   0000028A  A$main$1096                        main
C:   0000028B  A$main$1097                        main
C:   0000028C  A$main$1098                        main
C:   0000028D  A$main$1099                        main
C:   0000028E  A$main$1100                        main
C:   00000290  A$main$1101                        main
C:   00000292  A$main$1102                        main
C:   00000293  A$main$1103                        main
C:   00000295  A$main$1104                        main
C:   00000297  A$main$1105                        main
C:   00000298  A$main$1106                        main
C:   00000299  A$main$1107                        main
C:   0000029C  A$main$1108                        main
C:   0000029E  A$main$1109                        main
C:   000002A0  A$main$1110                        main
C:   000002A2  A$main$1112                        main
C:   000002A4  A$main$1113                        main
C:   000002A6  A$main$1115                        main
C:   000002A7  A$main$1116                        main
C:   000002A8  A$main$1117                        main
ASxxxx Linker V03.00 + NoICE + sdld,  page 31.
Hexadecimal  [32-Bits]

Area                                    Addr        Size        Decimal Bytes (Attributes)
--------------------------------        ----        ----        ------- ----- ------------
CSEG                                000000CD    000004D2 =        1234. bytes (REL,CON,CODE)

      Value  Global                              Global Defined In Module
      -----  --------------------------------   ------------------------
C:   000002A9  A$main$1120                        main
C:   000002A9  C$LatticeScreen.c$229$3_1$48       main
C:   000002AB  A$main$1121                        main
C:   000002AD  A$main$1122                        main
C:   000002AE  A$main$1123                        main
C:   000002AF  A$main$1124                        main
C:   000002B0  A$main$1125                        main
C:   000002B1  A$main$1126                        main
C:   000002B2  A$main$1127                        main
C:   000002B3  A$main$1128                        main
C:   000002B4  A$main$1129                        main
C:   000002B6  A$main$1130                        main
C:   000002B8  A$main$1131                        main
C:   000002B9  A$main$1132                        main
C:   000002BB  A$main$1133                        main
C:   000002BD  A$main$1134                        main
C:   000002BE  A$main$1135                        main
C:   000002BF  A$main$1136                        main
C:   000002C2  A$main$1137                        main
C:   000002C4  A$main$1138                        main
C:   000002C6  A$main$1139                        main
C:   000002C8  A$main$1141                        main
C:   000002CA  A$main$1142                        main
C:   000002CC  A$main$1144                        main
C:   000002CD  A$main$1145                        main
C:   000002CE  A$main$1146                        main
C:   000002CF  A$main$1149                        main
C:   000002CF  C$LatticeScreen.c$230$3_1$48       main
C:   000002D1  A$main$1150                        main
C:   000002D3  A$main$1151                        main
C:   000002D4  A$main$1152                        main
C:   000002D5  A$main$1153                        main
C:   000002D6  A$main$1154                        main
C:   000002D7  A$main$1155                        main
C:   000002D8  A$main$1156                        main
C:   000002D9  A$main$1157                        main
C:   000002DA  A$main$1158                        main
C:   000002DC  A$main$1159                        main
C:   000002DE  A$main$1160                        main
C:   000002DF  A$main$1161                        main
C:   000002E1  A$main$1162                        main
C:   000002E3  A$main$1163                        main
C:   000002E4  A$main$1164                        main
C:   000002E5  A$main$1165                        main
C:   000002E8  A$main$1166                        main
C:   000002EA  A$main$1167                        main
C:   000002EC  A$main$1168                        main
C:   000002EE  A$main$1170                        main
C:   000002F0  A$main$1171                        main
C:   000002F2  A$main$1173                        main
C:   000002F3  A$main$1174                        main
ASxxxx Linker V03.00 + NoICE + sdld,  page 32.
Hexadecimal  [32-Bits]

Area                                    Addr        Size        Decimal Bytes (Attributes)
--------------------------------        ----        ----        ------- ----- ------------
CSEG                                000000CD    000004D2 =        1234. bytes (REL,CON,CODE)

      Value  Global                              Global Defined In Module
      -----  --------------------------------   ------------------------
C:   000002F4  A$main$1175                        main
C:   000002F5  A$main$1178                        main
C:   000002F5  C$LatticeScreen.c$218$2_1$47       main
C:   000002F6  A$main$1179                        main
C:   000002F9  A$main$1181                        main
C:   000002FB  A$main$1182                        main
C:   000002FE  A$main$1189                        main
C:   000002FE  C$LatticeScreen.c$234$2_1$45       main
C:   000002FE  XG$LS_Show_Char_Font5x7$0$0        main
C:   000002FF  A$main$1206                        main
C:   000002FF  C$main.c$25$2_1$49                 main
C:   000002FF  C$main.c$28$1_0$49                 main
C:   000002FF  G$systick_init$0$0                 main
C:   000002FF  _systick_init                      main
C:   00000302  A$main$1209                        main
C:   00000302  C$main.c$29$1_0$49                 main
C:   00000305  A$main$1212                        main
C:   00000305  C$main.c$30$1_0$49                 main
C:   00000308  A$main$1215                        main
C:   00000308  C$main.c$31$1_0$49                 main
C:   0000030B  A$main$1219                        main
C:   0000030B  C$main.c$32$1_0$49                 main
C:   0000030D  A$main$1223                        main
C:   0000030D  C$main.c$33$1_0$49                 main
C:   0000030F  A$main$1227                        main
C:   0000030F  C$main.c$34$1_0$49                 main
C:   00000311  A$main$1230                        main
C:   00000311  C$main.c$39$1_1$50                 main
C:   00000314  A$main$1233                        main
C:   00000314  C$main.c$40$1_1$50                 main
C:   00000317  A$main$1238                        main
C:   00000317  C$main.c$42$1_1$49                 main
C:   00000317  XG$systick_init$0$0                main
C:   00000318  A$main$1257                        main
C:   00000318  C$main.c$50$1_1$52                 main
C:   00000318  G$systick_interrupt$0$0            main
C:   00000318  _systick_interrupt                 main
C:   0000031A  A$main$1258                        main
C:   0000031C  A$main$1259                        main
C:   0000031E  A$main$1260                        main
C:   00000320  A$main$1261                        main
C:   00000322  A$main$1262                        main
C:   00000324  A$main$1263                        main
C:   00000326  A$main$1264                        main
C:   00000328  A$main$1265                        main
C:   0000032A  A$main$1266                        main
C:   0000032C  A$main$1267                        main
C:   0000032E  A$main$1268                        main
C:   00000330  A$main$1269                        main
C:   00000332  A$main$1270                        main
C:   00000334  A$main$1271                        main
ASxxxx Linker V03.00 + NoICE + sdld,  page 33.
Hexadecimal  [32-Bits]

Area                                    Addr        Size        Decimal Bytes (Attributes)
--------------------------------        ----        ----        ------- ----- ------------
CSEG                                000000CD    000004D2 =        1234. bytes (REL,CON,CODE)

      Value  Global                              Global Defined In Module
      -----  --------------------------------   ------------------------
C:   00000337  A$main$1274                        main
C:   00000337  C$main.c$52$1_0$52                 main
C:   00000339  A$main$1275                        main
C:   0000033A  A$main$1276                        main
C:   0000033D  A$main$1277                        main
C:   0000033E  A$main$1278                        main
C:   0000033F  A$main$1279                        main
C:   00000342  A$main$1280                        main
C:   00000343  A$main$1281                        main
C:   00000344  A$main$1282                        main
C:   00000347  A$main$1283                        main
C:   00000348  A$main$1284                        main
C:   00000349  A$main$1285                        main
C:   0000034C  A$main$1286                        main
C:   0000034D  A$main$1287                        main
C:   0000034E  A$main$1288                        main
C:   00000351  A$main$1289                        main
C:   00000352  A$main$1290                        main
C:   00000353  A$main$1291                        main
C:   00000356  A$main$1292                        main
C:   00000357  A$main$1293                        main
C:   00000358  A$main$1294                        main
C:   0000035B  A$main$1295                        main
C:   0000035C  A$main$1296                        main
C:   0000035D  A$main$1300                        main
C:   0000035D  C$main.c$53$1_0$52                 main
C:   0000035F  A$main$1301                        main
C:   00000360  A$main$1302                        main
C:   00000362  A$main$1305                        main
C:   00000362  C$main.c$55$2_0$53                 main
C:   00000364  A$main$1306                        main
C:   00000365  A$main$1309                        main
C:   00000365  C$main.c$56$2_0$53                 main
C:   00000368  A$main$1310                        main
C:   0000036B  A$main$1311                        main
C:   0000036D  A$main$1312                        main
C:   0000036F  A$main$1313                        main
C:   00000370  A$main$1314                        main
C:   00000371  A$main$1315                        main
C:   00000372  A$main$1316                        main
C:   00000374  A$main$1320                        main
C:   00000374  C$main.c$57$2_0$53                 main
C:   00000376  A$main$1321                        main
C:   00000377  A$main$1322                        main
C:   00000379  A$main$1323                        main
C:   0000037B  A$main$1324                        main
C:   0000037E  A$main$1325                        main
C:   00000380  A$main$1326                        main
C:   00000382  A$main$1329                        main
C:   00000382  C$main.c$59$3_0$54                 main
C:   00000384  A$main$1330                        main
ASxxxx Linker V03.00 + NoICE + sdld,  page 34.
Hexadecimal  [32-Bits]

Area                                    Addr        Size        Decimal Bytes (Attributes)
--------------------------------        ----        ----        ------- ----- ------------
CSEG                                000000CD    000004D2 =        1234. bytes (REL,CON,CODE)

      Value  Global                              Global Defined In Module
      -----  --------------------------------   ------------------------
C:   00000386  A$main$1331                        main
C:   00000389  A$main$1332                        main
C:   0000038C  A$main$1333                        main
C:   0000038F  A$main$1334                        main
C:   00000392  A$main$1335                        main
C:   00000395  A$main$1338                        main
C:   00000395  C$main.c$60$3_0$54                 main
C:   00000397  A$main$1339                        main
C:   00000399  A$main$1342                        main
C:   00000399  C$main.c$61$3_0$54                 main
C:   0000039B  A$main$1343                        main
C:   0000039D  A$main$1347                        main
C:   0000039D  C$main.c$65$1_0$52                 main
C:   0000039F  A$main$1350                        main
C:   0000039F  C$main.c$67$1_0$52                 main
C:   000003A2  A$main$1351                        main
C:   000003A5  A$main$1352                        main
C:   000003A8  A$main$1355                        main
C:   000003AA  A$main$1356                        main
C:   000003AC  A$main$1357                        main
C:   000003AE  A$main$1358                        main
C:   000003B0  A$main$1359                        main
C:   000003B2  A$main$1360                        main
C:   000003B4  A$main$1361                        main
C:   000003B6  A$main$1362                        main
C:   000003B8  A$main$1363                        main
C:   000003BA  A$main$1364                        main
C:   000003BC  A$main$1365                        main
C:   000003BE  A$main$1366                        main
C:   000003C0  A$main$1367                        main
C:   000003C2  A$main$1368                        main
C:   000003C4  A$main$1371                        main
C:   000003C4  C$main.c$68$1_0$52                 main
C:   000003C4  XG$systick_interrupt$0$0           main
C:   000003C5  A$main$1397                        main
C:   000003C5  C$main.c$84$1_0$55                 main
C:   000003C5  C$main.c$90$1_0$55                 main
C:   000003C5  G$Uart_Init$0$0                    main
C:   000003C5  _Uart_Init                         main
C:   000003C8  A$main$1400                        main
C:   000003C8  C$main.c$91$1_0$55                 main
C:   000003CB  A$main$1403                        main
C:   000003CB  C$main.c$92$1_0$55                 main
C:   000003CE  A$main$1406                        main
C:   000003CE  C$main.c$104$1_0$55                main
C:   000003D1  A$main$1409                        main
C:   000003D1  C$main.c$111$1_0$55                main
C:   000003D4  A$main$1412                        main
C:   000003D4  C$main.c$112$1_0$55                main
C:   000003D7  A$main$1415                        main
C:   000003D7  C$main.c$113$1_0$55                main
ASxxxx Linker V03.00 + NoICE + sdld,  page 35.
Hexadecimal  [32-Bits]

Area                                    Addr        Size        Decimal Bytes (Attributes)
--------------------------------        ----        ----        ------- ----- ------------
CSEG                                000000CD    000004D2 =        1234. bytes (REL,CON,CODE)

      Value  Global                              Global Defined In Module
      -----  --------------------------------   ------------------------
C:   000003DA  A$main$1418                        main
C:   000003DA  C$main.c$114$1_0$55                main
C:   000003DD  A$main$1422                        main
C:   000003DD  C$main.c$115$1_0$55                main
C:   000003DF  A$main$1426                        main
C:   000003DF  C$main.c$116$1_0$55                main
C:   000003E1  A$main$1431                        main
C:   000003E1  C$main.c$117$1_0$55                main
C:   000003E1  XG$Uart_Init$0$0                   main
C:   000003E2  A$main$1444                        main
C:   000003E2  C$main.c$118$1_0$57                main
C:   000003E2  G$Uart_Send$0$0                    main
C:   000003E2  _Uart_Send                         main
C:   000003E4  A$main$1448                        main
C:   000003E4  C$main.c$120$1_0$57                main
C:   000003E7  A$main$1451                        main
C:   000003E7  C$main.c$121$1_0$57                main
C:   000003E9  A$main$1454                        main
C:   000003E9  C$main.c$122$1_0$57                main
C:   000003EB  A$main$1458                        main
C:   000003EB  C$main.c$138$1_0$57                main
C:   000003ED  A$main$1461                        main
C:   000003ED  C$main.c$139$1_0$57                main
C:   000003F0  A$main$1466                        main
C:   000003F0  C$main.c$140$1_0$57                main
C:   000003F0  XG$Uart_Send$0$0                   main
C:   000003F1  A$main$1477                        main
C:   000003F1  C$main.c$144$1_0$61                main
C:   000003F1  G$Uart_Interrupt$0$0               main
C:   000003F1  _Uart_Interrupt                    main
C:   000003F3  A$main$1478                        main
C:   000003F5  A$main$1479                        main
C:   000003F7  A$main$1480                        main
C:   000003F9  A$main$1481                        main
C:   000003FB  A$main$1482                        main
C:   000003FD  A$main$1483                        main
C:   000003FF  A$main$1484                        main
C:   00000401  A$main$1485                        main
C:   00000403  A$main$1486                        main
C:   00000405  A$main$1487                        main
C:   00000407  A$main$1488                        main
C:   00000409  A$main$1489                        main
C:   0000040B  A$main$1490                        main
C:   0000040D  A$main$1491                        main
C:   00000410  A$main$1497                        main
C:   00000410  C$main.c$146$1_0$61                main
C:   00000410  C$main.c$148$2_0$62                main
C:   00000413  A$main$1498                        main
C:   00000415  A$main$1503                        main
C:   00000415  C$main.c$149$2_0$62                main
C:   00000417  A$main$1507                        main
ASxxxx Linker V03.00 + NoICE + sdld,  page 36.
Hexadecimal  [32-Bits]

Area                                    Addr        Size        Decimal Bytes (Attributes)
--------------------------------        ----        ----        ------- ----- ------------
CSEG                                000000CD    000004D2 =        1234. bytes (REL,CON,CODE)

      Value  Global                              Global Defined In Module
      -----  --------------------------------   ------------------------
C:   00000417  C$main.c$151$1_0$61                main
C:   0000041A  A$main$1510                        main
C:   0000041A  C$main.c$166$2_0$63                main
C:   0000041C  A$main$1511                        main
C:   0000041E  A$main$1512                        main
C:   00000420  A$main$1513                        main
C:   00000421  A$main$1514                        main
C:   00000422  A$main$1515                        main
C:   00000423  A$main$1516                        main
C:   00000424  A$main$1517                        main
C:   00000426  A$main$1518                        main
C:   00000427  A$main$1519                        main
C:   00000429  A$main$1522                        main
C:   00000429  C$main.c$167$2_0$63                main
C:   0000042C  A$main$1526                        main
C:   0000042C  C$main.c$169$3_0$64                main
C:   0000042E  A$main$1530                        main
C:   0000042E  C$main.c$171$2_0$63                main
C:   00000430  A$main$1531                        main
C:   00000433  A$main$1533                        main
C:   00000435  A$main$1536                        main
C:   00000435  C$main.c$173$3_0$65                main
C:   00000438  A$main$1537                        main
C:   0000043B  A$main$1538                        main
C:   0000043E  A$main$1539                        main
C:   00000441  A$main$1542                        main
C:   00000441  C$main.c$174$3_0$65                main
C:   00000443  A$main$1543                        main
C:   00000445  A$main$1546                        main
C:   00000445  C$main.c$175$3_0$65                main
C:   00000447  A$main$1547                        main
C:   00000449  A$main$1551                        main
C:   00000449  C$main.c$177$2_0$63                main
C:   0000044B  A$main$1552                        main
C:   0000044D  A$main$1556                        main
C:   0000044D  C$main.c$178$2_0$63                main
C:   0000044F  A$main$1560                        main
C:   00000451  A$main$1561                        main
C:   00000453  A$main$1562                        main
C:   00000455  A$main$1563                        main
C:   00000457  A$main$1564                        main
C:   00000459  A$main$1565                        main
C:   0000045B  A$main$1566                        main
C:   0000045D  A$main$1567                        main
C:   0000045F  A$main$1568                        main
C:   00000461  A$main$1569                        main
C:   00000463  A$main$1570                        main
C:   00000465  A$main$1571                        main
C:   00000467  A$main$1572                        main
C:   00000469  A$main$1573                        main
C:   0000046B  A$main$1576                        main
ASxxxx Linker V03.00 + NoICE + sdld,  page 37.
Hexadecimal  [32-Bits]

Area                                    Addr        Size        Decimal Bytes (Attributes)
--------------------------------        ----        ----        ------- ----- ------------
CSEG                                000000CD    000004D2 =        1234. bytes (REL,CON,CODE)

      Value  Global                              Global Defined In Module
      -----  --------------------------------   ------------------------
C:   0000046B  C$main.c$181$1_0$61                main
C:   0000046B  XG$Uart_Interrupt$0$0              main
C:   0000046C  A$main$1589                        main
C:   0000046C  C$main.c$183$1_0$66                main
C:   0000046C  C$main.c$185$1_0$66                main
C:   0000046C  G$Check_Uart_Echo$0$0              main
C:   0000046C  _Check_Uart_Echo                   main
C:   0000046F  A$main$1592                        main
C:   0000046F  C$main.c$187$2_0$67                main
C:   00000472  A$main$1596                        main
C:   00000472  C$main.c$190$3_0$68                main
C:   00000474  A$main$1597                        main
C:   00000476  A$main$1598                        main
C:   00000477  A$main$1599                        main
C:   00000478  A$main$1600                        main
C:   00000479  A$main$1601                        main
C:   0000047B  A$main$1604                        main
C:   0000047B  C$main.c$191$3_0$68                main
C:   0000047D  A$main$1605                        main
C:   0000047F  A$main$1606                        main
C:   00000481  A$main$1607                        main
C:   00000482  A$main$1608                        main
C:   00000483  A$main$1609                        main
C:   00000484  A$main$1610                        main
C:   00000485  A$main$1611                        main
C:   00000487  A$main$1612                        main
C:   00000488  A$main$1613                        main
C:   0000048A  A$main$1614                        main
C:   0000048D  A$main$1615                        main
C:   0000048F  A$main$1619                        main
C:   0000048F  C$main.c$193$3_0$68                main
C:   00000491  A$main$1620                        main
C:   00000493  A$main$1621                        main
C:   00000494  A$main$1622                        main
C:   00000495  A$main$1623                        main
C:   00000496  A$main$1624                        main
C:   00000498  A$main$1627                        main
C:   00000498  C$main.c$194$3_0$68                main
C:   0000049A  A$main$1628                        main
C:   0000049C  A$main$1629                        main
C:   0000049E  A$main$1633                        main
C:   0000049E  C$main.c$199$2_0$69                main
C:   000004A0  A$main$1634                        main
C:   000004A1  A$main$1635                        main
C:   000004A3  A$main$1636                        main
C:   000004A4  A$main$1641                        main
C:   000004A4  C$main.c$201$1_0$66                main
C:   000004A6  A$main$1646                        main
C:   000004A6  C$main.c$202$1_0$66                main
C:   000004A6  XG$Check_Uart_Echo$0$0             main
C:   000004A7  A$main$1662                        main
ASxxxx Linker V03.00 + NoICE + sdld,  page 38.
Hexadecimal  [32-Bits]

Area                                    Addr        Size        Decimal Bytes (Attributes)
--------------------------------        ----        ----        ------- ----- ------------
CSEG                                000000CD    000004D2 =        1234. bytes (REL,CON,CODE)

      Value  Global                              Global Defined In Module
      -----  --------------------------------   ------------------------
C:   000004A7  C$main.c$205$1_0$70                main
C:   000004A7  C$main.c$210$1_0$70                main
C:   000004A7  G$Clk_In_Init$0$0                  main
C:   000004A7  _Clk_In_Init                       main
C:   000004AA  A$main$1665                        main
C:   000004AA  C$main.c$211$1_0$70                main
C:   000004AD  A$main$1669                        main
C:   000004AD  C$main.c$213$1_0$70                main
C:   000004AF  A$main$1673                        main
C:   000004AF  C$main.c$215$1_0$70                main
C:   000004B1  A$main$1677                        main
C:   000004B1  C$main.c$216$1_0$70                main
C:   000004B3  A$main$1681                        main
C:   000004B3  C$main.c$217$1_0$70                main
C:   000004B5  A$main$1685                        main
C:   000004B5  C$main.c$218$1_0$70                main
C:   000004B7  A$main$1690                        main
C:   000004B7  C$main.c$220$1_0$70                main
C:   000004B7  XG$Clk_In_Init$0$0                 main
C:   000004B8  A$main$1701                        main
C:   000004B8  C$main.c$222$1_0$71                main
C:   000004B8  G$Clk_In_Interrupt$0$0             main
C:   000004B8  _Clk_In_Interrupt                  main
C:   000004BA  A$main$1702                        main
C:   000004BC  A$main$1703                        main
C:   000004BE  A$main$1704                        main
C:   000004C0  A$main$1705                        main
C:   000004C2  A$main$1706                        main
C:   000004C4  A$main$1707                        main
C:   000004C6  A$main$1708                        main
C:   000004C8  A$main$1709                        main
C:   000004CA  A$main$1710                        main
C:   000004CC  A$main$1711                        main
C:   000004CE  A$main$1712                        main
C:   000004D0  A$main$1713                        main
C:   000004D2  A$main$1714                        main
C:   000004D4  A$main$1715                        main
C:   000004D7  A$main$1721                        main
C:   000004D7  C$main.c$224$1_0$71                main
C:   000004D7  C$main.c$226$2_0$72                main
C:   000004DA  A$main$1722                        main
C:   000004DC  A$main$1727                        main
C:   000004DC  C$main.c$227$2_0$72                main
C:   000004DE  A$main$1730                        main
C:   000004DE  C$main.c$228$2_0$72                main
C:   000004E0  A$main$1731                        main
C:   000004E1  A$main$1732                        main
C:   000004E2  A$main$1733                        main
C:   000004E3  A$main$1734                        main
C:   000004E4  A$main$1735                        main
C:   000004E5  A$main$1736                        main
ASxxxx Linker V03.00 + NoICE + sdld,  page 39.
Hexadecimal  [32-Bits]

Area                                    Addr        Size        Decimal Bytes (Attributes)
--------------------------------        ----        ----        ------- ----- ------------
CSEG                                000000CD    000004D2 =        1234. bytes (REL,CON,CODE)

      Value  Global                              Global Defined In Module
      -----  --------------------------------   ------------------------
C:   000004E6  A$main$1737                        main
C:   000004E7  A$main$1738                        main
C:   000004E8  A$main$1739                        main
C:   000004E9  A$main$1740                        main
C:   000004EA  A$main$1741                        main
C:   000004EB  A$main$1742                        main
C:   000004EC  A$main$1743                        main
C:   000004ED  A$main$1744                        main
C:   000004EE  A$main$1745                        main
C:   000004EF  A$main$1746                        main
C:   000004F0  A$main$1750                        main
C:   000004F0  C$main.c$230$1_0$71                main
C:   000004F3  A$main$1753                        main
C:   000004F5  A$main$1754                        main
C:   000004F7  A$main$1755                        main
C:   000004F9  A$main$1756                        main
C:   000004FB  A$main$1757                        main
C:   000004FD  A$main$1758                        main
C:   000004FF  A$main$1759                        main
C:   00000501  A$main$1760                        main
C:   00000503  A$main$1761                        main
C:   00000505  A$main$1762                        main
C:   00000507  A$main$1763                        main
C:   00000509  A$main$1764                        main
C:   0000050B  A$main$1765                        main
C:   0000050D  A$main$1766                        main
C:   0000050F  A$main$1769                        main
C:   0000050F  C$main.c$231$1_0$71                main
C:   0000050F  XG$Clk_In_Interrupt$0$0            main
C:   00000510  A$main$1782                        main
C:   00000510  C$main.c$235$1_0$73                main
C:   00000510  C$main.c$237$1_0$73                main
C:   00000510  G$On_SysTick_Timer$0$0             main
C:   00000510  _On_SysTick_Timer                  main
C:   00000513  A$main$1787                        main
C:   00000513  C$main.c$238$1_0$73                main
C:   00000513  XG$On_SysTick_Timer$0$0            main
C:   00000514  A$main$1802                        main
C:   00000514  C$main.c$240$1_0$75                main
C:   00000514  G$On_Uart_Idle$0$0                 main
C:   00000514  _On_Uart_Idle                      main
C:   00000516  A$main$1805                        main
C:   00000516  C$main.c$242$1_0$75                main
C:   00000518  A$main$1806                        main
C:   0000051B  A$main$1807                        main
C:   0000051C  A$main$1808                        main
C:   0000051F  A$main$1809                        main
C:   00000521  A$main$1811                        main
C:   00000523  A$main$1815                        main
C:   00000523  C$main.c$244$2_0$76                main
C:   00000525  A$main$1816                        main
ASxxxx Linker V03.00 + NoICE + sdld,  page 40.
Hexadecimal  [32-Bits]

Area                                    Addr        Size        Decimal Bytes (Attributes)
--------------------------------        ----        ----        ------- ----- ------------
CSEG                                000000CD    000004D2 =        1234. bytes (REL,CON,CODE)

      Value  Global                              Global Defined In Module
      -----  --------------------------------   ------------------------
C:   00000528  A$main$1818                        main
C:   0000052A  A$main$1819                        main
C:   0000052D  A$main$1821                        main
C:   0000052F  A$main$1824                        main
C:   0000052F  C$main.c$246$3_0$77                main
C:   00000531  A$main$1825                        main
C:   00000533  A$main$1826                        main
C:   00000536  A$main$1827                        main
C:   00000538  A$main$1831                        main
C:   00000538  C$main.c$249$2_0$76                main
C:   0000053A  A$main$1832                        main
C:   0000053D  A$main$1836                        main
C:   0000053D  C$main.c$251$3_0$78                main
C:   0000053F  A$main$1840                        main
C:   0000053F  C$main.c$253$2_0$76                main
C:   00000540  A$main$1841                        main
C:   00000542  A$main$1845                        main
C:   00000542  C$main.c$255$3_0$79                main
C:   00000544  A$main$1849                        main
C:   00000544  C$main.c$258$1_0$75                main
C:   00000546  A$main$1850                        main
C:   00000549  A$main$1851                        main
C:   0000054A  A$main$1852                        main
C:   0000054D  A$main$1853                        main
C:   0000054F  A$main$1855                        main
C:   00000551  A$main$1859                        main
C:   00000553  A$main$1863                        main
C:   00000553  C$main.c$263$4_0$82                main
C:   00000554  A$main$1864                        main
C:   00000556  A$main$1865                        main
C:   00000557  A$main$1866                        main
C:   00000558  A$main$1867                        main
C:   00000559  A$main$1868                        main
C:   0000055A  A$main$1869                        main
C:   0000055C  A$main$1870                        main
C:   0000055E  A$main$1871                        main
C:   00000560  A$main$1872                        main
C:   00000562  A$main$1873                        main
C:   00000564  A$main$1876                        main
C:   00000564  C$main.c$261$3_0$81                main
C:   00000565  A$main$1877                        main
C:   00000568  A$main$1879                        main
C:   0000056A  A$main$1885                        main
C:   0000056A  C$main.c$266$1_0$75                main
C:   0000056A  XG$On_Uart_Idle$0$0                main
C:   0000056B  A$main$1905                        main
C:   0000056B  C$main.c$267$1_0$84                main
C:   0000056B  C$main.c$270$1_0$84                main
C:   0000056B  C$main.c$272$1_0$84                main
C:   0000056B  G$On_Uart_Buff_Full$0$0            main
C:   0000056B  XG$On_Uart_Buff_Full$0$0           main
ASxxxx Linker V03.00 + NoICE + sdld,  page 41.
Hexadecimal  [32-Bits]

Area                                    Addr        Size        Decimal Bytes (Attributes)
--------------------------------        ----        ----        ------- ----- ------------
CSEG                                000000CD    000004D2 =        1234. bytes (REL,CON,CODE)

      Value  Global                              Global Defined In Module
      -----  --------------------------------   ------------------------
C:   0000056B  _On_Uart_Buff_Full                 main
C:   0000056C  A$main$1918                        main
C:   0000056C  C$main.c$274$1_0$85                main
C:   0000056C  C$main.c$276$1_0$85                main
C:   0000056C  G$main$0$0                         main
C:   0000056C  _main                              main
C:   0000056F  A$main$1921                        main
C:   0000056F  C$main.c$277$1_0$85                main
C:   00000572  A$main$1924                        main
C:   00000572  C$main.c$278$1_0$85                main
C:   00000575  A$main$1927                        main
C:   00000575  C$main.c$279$1_0$85                main
C:   00000578  A$main$1933                        main
C:   00000578  C$main.c$281$1_0$85                main
C:   00000578  C$main.c$283$2_0$86                main
C:   0000057B  A$main$1934                        main
C:   0000057D  A$main$1939                        main
C:   0000057D  C$main.c$301$1_0$85                main
C:   0000057D  XG$main$0$0                        main
C:   0000057E  __mulint                           _mulint
C:   0000057E  __mulint_dummy                     _mulint
C:   0000059B  __sdcc_external_startup            _startup
ASxxxx Linker V03.00 + NoICE + sdld,  page 42.
Hexadecimal  [32-Bits]

Area                                    Addr        Size        Decimal Bytes (Attributes)
--------------------------------        ----        ----        ------- ----- ------------
CONST                               0000059F    000001E0 =         480. bytes (REL,CON,CODE)

      Value  Global                              Global Defined In Module
      -----  --------------------------------   ------------------------
C:   0000059F  G$Font5x7$0_0$0                    main
C:   0000059F  _Font5x7                           main

ASxxxx Linker V03.00 + NoICE + sdld,  page 43.

Files Linked                              [ module(s) ]

main.rel                                  [  ]


Libraries Linked                          [ object file ]

D:\windows_10_software\Program Files\SDCC\bin\..\lib\small/mcs51.lib
                                          [ crtclear.rel ]
D:\windows_10_software\Program Files\SDCC\bin\..\lib\small/mcs51.lib
                                          [ crtxinit.rel ]
D:\windows_10_software\Program Files\SDCC\bin\..\lib\small/libint.lib
                                          [ _mulint.rel ]
D:\windows_10_software\Program Files\SDCC\bin\..\lib\small/mcs51.lib
                                          [ crtxclear.rel ]
D:\windows_10_software\Program Files\SDCC\bin\..\lib\small/mcs51.lib
                                          [ crtpagesfr.rel ]
D:\windows_10_software\Program Files\SDCC\bin\..\lib\small/mcs51.lib
                                          [ crtstart.rel ]
D:\windows_10_software\Program Files\SDCC\bin\..\lib\small/libsdcc.lib
                                          [ _startup.rel ]

ASxxxx Linker V03.00 + NoICE + sdld,  page 44.

User Base Address Definitions

HOME = 0x0000
XSEG = 0x0001
PSEG = 0x0001
ISEG = 0x0000
BSEG = 0x0000

