ASxxxx Linker V03.00 + NoICE + sdld,  page 1.
Hexadecimal  [32-Bits]

Area                                    Addr        Size        Decimal Bytes (Attributes)
--------------------------------        ----        ----        ------- ----- ------------
CABS                                00000000    00000000 =           0. bytes (ABS,CON,CODE)

      Value  Global                              Global Defined In Module
      -----  --------------------------------   ------------------------
C:   00000000  l_BSEG                          
C:   00000000  l_BSEG_BYTES                    
C:   00000000  l_CABS                          
C:   00000000  l_CONST                         
C:   00000000  l_GSINIT1                       
C:   00000000  l_GSINIT5                       
C:   00000000  l_IABS                          
C:   00000000  l_ISEG                          
C:   00000000  l_PSEG                          
C:   00000000  l_REG_BANK_2                    
C:   00000000  l_REG_BANK_3                    
C:   00000000  l_RSEG                          
C:   00000000  l_RSEG0                         
C:   00000000  l_RSEG1                         
C:   00000000  l_XABS                          
C:   00000000  l_XINIT                         
C:   00000000  l_XISEG                         
C:   00000000  l_XSEG                          
C:   00000000  l__CODE                         
C:   00000000  s_BSEG                          
C:   00000000  s_CABS                          
C:   00000000  s_DSEG                          
C:   00000000  s_HOME                          
C:   00000000  s_IABS                          
C:   00000000  s_ISEG                          
C:   00000000  s_REG_BANK_0                    
C:   00000000  s_RSEG                          
C:   00000000  s_RSEG0                         
C:   00000000  s_RSEG1                         
C:   00000000  s_XABS                          
C:   00000001  l_BIT_BANK                      
C:   00000001  s_PSEG                          
C:   00000001  s_XISEG                         
C:   00000001  s_XSEG                          
C:   00000003  l_GSFINAL                       
C:   00000003  l_GSINIT0                       
C:   00000008  l_REG_BANK_0                    
C:   00000008  l_REG_BANK_1                    
C:   00000008  s_REG_BANK_1                    
C:   0000000A  l_GSINIT2                       
C:   00000010  s_REG_BANK_2                    
C:   00000011  l_HOME                          
C:   00000011  s_GSINIT0                       
C:   00000014  s_GSINIT1                       
C:   00000014  s_GSINIT2                       
C:   00000018  s_REG_BANK_3                    
C:   0000001A  l_OSEG                          
C:   0000001E  s_GSINIT3                       
C:   00000020  s_BIT_BANK                      
C:   00000020  s_BSEG_BYTES                    
ASxxxx Linker V03.00 + NoICE + sdld,  page 2.
Hexadecimal  [32-Bits]

Area                                    Addr        Size        Decimal Bytes (Attributes)
--------------------------------        ----        ----        ------- ----- ------------
CABS                                00000000    00000000 =           0. bytes (ABS,CON,CODE)

      Value  Global                              Global Defined In Module
      -----  --------------------------------   ------------------------
C:   00000020  s__CODE                         
C:   00000022  l_GSINIT3                       
C:   0000002A  l_GSINIT4                       
C:   0000002C  l_GSINIT                        
C:   0000003C  s_OSEG                          
C:   00000040  s_GSINIT4                       
C:   00000056  s_SSEG                          
C:   0000006A  s_GSINIT                        
C:   0000006A  s_GSINIT5                       
C:   00000070  l_DSEG                          
C:   00000096  s_GSFINAL                       
C:   00000099  s_CSEG                          
C:   000000AA  l_SSEG                          
C:   00000100  l_IRAM                          
C:   000004C7  l_CSEG                          
C:   00000560  s_CONST                         
C:   00000560  s_XINIT                         

ASxxxx Linker V03.00 + NoICE + sdld,  page 3.
Hexadecimal  [32-Bits]

Area                                    Addr        Size        Decimal Bytes (Attributes)
--------------------------------        ----        ----        ------- ----- ------------
.  .ABS.                            00000000    00000000 =           0. bytes (ABS,CON)

      Value  Global                              Global Defined In Module
      -----  --------------------------------   ------------------------
     00000000  .__.ABS.                           _startup
     00000080  G$P0$0_0$0                         main
     00000080  G$P0_0$0_0$0                       main
     00000080  _P0                                main
     00000080  _P0_0                              main
     00000081  G$P0_1$0_0$0                       main
     00000081  G$SP$0_0$0                         main
     00000081  _P0_1                              main
     00000081  _SP                                main
     00000082  G$DPL$0_0$0                        main
     00000082  G$P0_2$0_0$0                       main
     00000082  _DPL                               main
     00000082  _P0_2                              main
     00000083  G$DPH$0_0$0                        main
     00000083  G$P0_3$0_0$0                       main
     00000083  _DPH                               main
     00000083  _P0_3                              main
     00000084  G$P0_4$0_0$0                       main
     00000084  _P0_4                              main
     00000085  G$P0_5$0_0$0                       main
     00000085  _P0_5                              main
     00000086  G$P0_6$0_0$0                       main
     00000086  _P0_6                              main
     00000087  G$P0_7$0_0$0                       main
     00000087  G$PCON$0_0$0                       main
     00000087  _P0_7                              main
     00000087  _PCON                              main
     00000088  G$IT0$0_0$0                        main
     00000088  G$TCON$0_0$0                       main
     00000088  _IT0                               main
     00000088  _TCON                              main
     00000089  G$IE0$0_0$0                        main
     00000089  G$TMOD$0_0$0                       main
     00000089  _IE0                               main
     00000089  _TMOD                              main
     0000008A  G$IT1$0_0$0                        main
     0000008A  G$TL0$0_0$0                        main
     0000008A  _IT1                               main
     0000008A  _TL0                               main
     0000008B  G$IE1$0_0$0                        main
     0000008B  G$TL1$0_0$0                        main
     0000008B  _IE1                               main
     0000008B  _TL1                               main
     0000008C  G$TH0$0_0$0                        main
     0000008C  G$TR0$0_0$0                        main
     0000008C  _TH0                               main
     0000008C  _TR0                               main
     0000008D  G$TF0$0_0$0                        main
     0000008D  G$TH1$0_0$0                        main
     0000008D  _TF0                               main
ASxxxx Linker V03.00 + NoICE + sdld,  page 4.
Hexadecimal  [32-Bits]

Area                                    Addr        Size        Decimal Bytes (Attributes)
--------------------------------        ----        ----        ------- ----- ------------
.  .ABS.                            00000000    00000000 =           0. bytes (ABS,CON)

      Value  Global                              Global Defined In Module
      -----  --------------------------------   ------------------------
     0000008D  _TH1                               main
     0000008E  G$TR1$0_0$0                        main
     0000008E  Lmain.systick_init$AUXR$1_0$15     main
     0000008E  _TR1                               main
     0000008F  G$TF1$0_0$0                        main
     0000008F  _TF1                               main
     00000090  G$P1$0_0$0                         main
     00000090  G$P1_0$0_0$0                       main
     00000090  _P1                                main
     00000090  _P1_0                              main
     00000091  G$P1_1$0_0$0                       main
     00000091  Lmain.LS_Deinit$P1M1$1_0$2         main
     00000091  Lmain.LS_Init$P1M1$1_0$1           main
     00000091  _P1_1                              main
     00000092  G$P1_2$0_0$0                       main
     00000092  Lmain.LS_Deinit$P1M0$1_0$2         main
     00000092  Lmain.LS_Init$P1M0$1_0$1           main
     00000092  _P1_2                              main
     00000093  G$P1_3$0_0$0                       main
     00000093  _P1_3                              main
     00000094  G$P1_4$0_0$0                       main
     00000094  _P1_4                              main
     00000095  G$P1_5$0_0$0                       main
     00000095  _P1_5                              main
     00000096  G$P1_6$0_0$0                       main
     00000096  _P1_6                              main
     00000097  G$P1_7$0_0$0                       main
     00000097  _P1_7                              main
     00000098  G$RI$0_0$0                         main
     00000098  G$SCON$0_0$0                       main
     00000098  _RI                                main
     00000098  _SCON                              main
     00000099  G$SBUF$0_0$0                       main
     00000099  G$TI$0_0$0                         main
     00000099  _SBUF                              main
     00000099  _TI                                main
     0000009A  G$RB8$0_0$0                        main
     0000009A  _RB8                               main
     0000009B  G$TB8$0_0$0                        main
     0000009B  _TB8                               main
     0000009C  G$REN$0_0$0                        main
     0000009C  _REN                               main
     0000009D  G$SM2$0_0$0                        main
     0000009D  _SM2                               main
     0000009E  G$SM1$0_0$0                        main
     0000009E  _SM1                               main
     0000009F  G$SM0$0_0$0                        main
     0000009F  _SM0                               main
     000000A0  G$P2$0_0$0                         main
     000000A0  G$P2_0$0_0$0                       main
     000000A0  _P2                                main
ASxxxx Linker V03.00 + NoICE + sdld,  page 5.
Hexadecimal  [32-Bits]

Area                                    Addr        Size        Decimal Bytes (Attributes)
--------------------------------        ----        ----        ------- ----- ------------
.  .ABS.                            00000000    00000000 =           0. bytes (ABS,CON)

      Value  Global                              Global Defined In Module
      -----  --------------------------------   ------------------------
     000000A0  _P2_0                              main
     000000A0  __XPAGE                            
     000000A1  G$P2_1$0_0$0                       main
     000000A1  _P2_1                              main
     000000A2  G$P2_2$0_0$0                       main
     000000A2  _P2_2                              main
     000000A3  G$P2_3$0_0$0                       main
     000000A3  _P2_3                              main
     000000A4  G$P2_4$0_0$0                       main
     000000A4  _P2_4                              main
     000000A5  G$P2_5$0_0$0                       main
     000000A5  _P2_5                              main
     000000A6  G$P2_6$0_0$0                       main
     000000A6  _P2_6                              main
     000000A7  G$P2_7$0_0$0                       main
     000000A7  _P2_7                              main
     000000A8  G$EX0$0_0$0                        main
     000000A8  G$IE$0_0$0                         main
     000000A8  _EX0                               main
     000000A8  _IE                                main
     000000A9  G$ET0$0_0$0                        main
     000000A9  _ET0                               main
     000000AA  G$EX1$0_0$0                        main
     000000AA  _EX1                               main
     000000AB  G$ET1$0_0$0                        main
     000000AB  _ET1                               main
     000000AC  G$ES$0_0$0                         main
     000000AC  _ES                                main
     000000AF  G$EA$0_0$0                         main
     000000AF  _EA                                main
     000000B0  G$P3$0_0$0                         main
     000000B0  G$P3_0$0_0$0                       main
     000000B0  G$RXD$0_0$0                        main
     000000B0  _P3                                main
     000000B0  _P3_0                              main
     000000B0  _RXD                               main
     000000B1  G$P3_1$0_0$0                       main
     000000B1  G$TXD$0_0$0                        main
     000000B1  _P3_1                              main
     000000B1  _TXD                               main
     000000B2  G$INT0$0_0$0                       main
     000000B2  G$P3_2$0_0$0                       main
     000000B2  _INT0                              main
     000000B2  _P3_2                              main
     000000B3  G$INT1$0_0$0                       main
     000000B3  G$P3_3$0_0$0                       main
     000000B3  _INT1                              main
     000000B3  _P3_3                              main
     000000B4  G$P3_4$0_0$0                       main
     000000B4  G$T0$0_0$0                         main
     000000B4  _P3_4                              main
ASxxxx Linker V03.00 + NoICE + sdld,  page 6.
Hexadecimal  [32-Bits]

Area                                    Addr        Size        Decimal Bytes (Attributes)
--------------------------------        ----        ----        ------- ----- ------------
.  .ABS.                            00000000    00000000 =           0. bytes (ABS,CON)

      Value  Global                              Global Defined In Module
      -----  --------------------------------   ------------------------
     000000B4  _T0                                main
     000000B5  G$P3_5$0_0$0                       main
     000000B5  G$T1$0_0$0                         main
     000000B5  _P3_5                              main
     000000B5  _T1                                main
     000000B6  G$P3_6$0_0$0                       main
     000000B6  G$WR$0_0$0                         main
     000000B6  _P3_6                              main
     000000B6  _WR                                main
     000000B7  G$P3_7$0_0$0                       main
     000000B7  G$RD$0_0$0                         main
     000000B7  _P3_7                              main
     000000B7  _RD                                main
     000000B8  G$IP$0_0$0                         main
     000000B8  G$PX0$0_0$0                        main
     000000B8  _IP                                main
     000000B8  _PX0                               main
     000000B9  G$PT0$0_0$0                        main
     000000B9  _PT0                               main
     000000BA  G$PX1$0_0$0                        main
     000000BA  _PX1                               main
     000000BB  G$PT1$0_0$0                        main
     000000BB  _PT1                               main
     000000BC  G$PS$0_0$0                         main
     000000BC  _PS                                main
     000000D0  G$P$0_0$0                          main
     000000D0  G$PSW$0_0$0                        main
     000000D0  _P                                 main
     000000D0  _PSW                               main
     000000D1  G$F1$0_0$0                         main
     000000D1  _F1                                main
     000000D2  G$OV$0_0$0                         main
     000000D2  _OV                                main
     000000D3  G$RS0$0_0$0                        main
     000000D3  _RS0                               main
     000000D4  G$RS1$0_0$0                        main
     000000D4  _RS1                               main
     000000D5  G$F0$0_0$0                         main
     000000D5  _F0                                main
     000000D6  G$AC$0_0$0                         main
     000000D6  _AC                                main
     000000D7  G$CY$0_0$0                         main
     000000D7  _CY                                main
     000000E0  G$ACC$0_0$0                        main
     000000E0  _ACC                               main
     000000F0  G$B$0_0$0                          main
     000000F0  _B                                 main

ASxxxx Linker V03.00 + NoICE + sdld,  page 7.
Hexadecimal  [32-Bits]

Area                                    Addr        Size        Decimal Bytes (Attributes)
--------------------------------        ----        ----        ------- ----- ------------
REG_BANK_0                          00000000    00000008 =           8. bytes (REL,OVR)

      Value  Global                              Global Defined In Module
      -----  --------------------------------   ------------------------
ASxxxx Linker V03.00 + NoICE + sdld,  page 8.
Hexadecimal  [32-Bits]

Area                                    Addr        Size        Decimal Bytes (Attributes)
--------------------------------        ----        ----        ------- ----- ------------
REG_BANK_1                          00000008    00000008 =           8. bytes (REL,OVR)

      Value  Global                              Global Defined In Module
      -----  --------------------------------   ------------------------
ASxxxx Linker V03.00 + NoICE + sdld,  page 9.
Hexadecimal  [32-Bits]

Area                                    Addr        Size        Decimal Bytes (Attributes)
--------------------------------        ----        ----        ------- ----- ------------
BIT_BANK                            00000020    00000001 =           1. bytes (REL,OVR)

      Value  Global                              Global Defined In Module
      -----  --------------------------------   ------------------------
ASxxxx Linker V03.00 + NoICE + sdld,  page 10.
Hexadecimal  [32-Bits]

Area                                    Addr        Size        Decimal Bytes (Attributes)
--------------------------------        ----        ----        ------- ----- ------------
DSEG                                00000000    00000070 =         112. bytes (REL,CON)

      Value  Global                              Global Defined In Module
      -----  --------------------------------   ------------------------
     00000021  G$LS_RAM$0_0$0                     main
     00000021  _LS_RAM                            main
     00000029  Lmain.LS_595_DataOut$Col_Data$1_   main
     00000029  _LS_595_DataOut_PARM_2             main
     0000002A  Lmain.LS_DisplayOneRow$Col_Index   main
     0000002A  _LS_DisplayOneRow_PARM_2           main
     0000002B  Lmain.LS_Refresh$i$1_0$14          main
     0000002C  G$systick$0_0$0                    main
     0000002C  _systick                           main
     00000034  Lmain.main$sloc0$0_1$0             main

ASxxxx Linker V03.00 + NoICE + sdld,  page 11.
Hexadecimal  [32-Bits]

Area                                    Addr        Size        Decimal Bytes (Attributes)
--------------------------------        ----        ----        ------- ----- ------------
OSEG                                0000003C    0000001A =          26. bytes (REL,OVR)

      Value  Global                              Global Defined In Module
      -----  --------------------------------   ------------------------
     0000003C  __divsint_PARM_2                   _divuint
     0000003C  __divuint_PARM_2                   _divuint
     0000003C  __divulonglong_PARM_2              _divulonglong
     0000003C  __modulonglong_PARM_2              _modulonglong

ASxxxx Linker V03.00 + NoICE + sdld,  page 12.
Hexadecimal  [32-Bits]

Area                                    Addr        Size        Decimal Bytes (Attributes)
--------------------------------        ----        ----        ------- ----- ------------
SSEG                                00000056    000000AA =         170. bytes (REL,OVR)

      Value  Global                              Global Defined In Module
      -----  --------------------------------   ------------------------
     00000056  __start__stack                     main

ASxxxx Linker V03.00 + NoICE + sdld,  page 13.
Hexadecimal  [32-Bits]

Area                                    Addr        Size        Decimal Bytes (Attributes)
--------------------------------        ----        ----        ------- ----- ------------
HOME                                00000000    00000011 =          17. bytes (REL,CON,CODE)

      Value  Global                              Global Defined In Module
      -----  --------------------------------   ------------------------
C:   00000000  A$main$428                         main
C:   00000003  A$main$429                         main
C:   0000000B  A$main$431                         main
C:   0000000E  A$main$483                         main
C:   0000000E  __sdcc_program_startup             main

ASxxxx Linker V03.00 + NoICE + sdld,  page 14.
Hexadecimal  [32-Bits]

Area                                    Addr        Size        Decimal Bytes (Attributes)
--------------------------------        ----        ----        ------- ----- ------------
GSINIT0                             00000011    00000003 =           3. bytes (REL,CON,CODE)

      Value  Global                              Global Defined In Module
      -----  --------------------------------   ------------------------
C:   00000011  __sdcc_gsinit_startup              

ASxxxx Linker V03.00 + NoICE + sdld,  page 15.
Hexadecimal  [32-Bits]

Area                                    Addr        Size        Decimal Bytes (Attributes)
--------------------------------        ----        ----        ------- ----- ------------
GSINIT2                             00000014    0000000A =          10. bytes (REL,CON,CODE)

      Value  Global                              Global Defined In Module
      -----  --------------------------------   ------------------------
ASxxxx Linker V03.00 + NoICE + sdld,  page 16.
Hexadecimal  [32-Bits]

Area                                    Addr        Size        Decimal Bytes (Attributes)
--------------------------------        ----        ----        ------- ----- ------------
GSINIT3                             0000001E    00000022 =          34. bytes (REL,CON,CODE)

      Value  Global                              Global Defined In Module
      -----  --------------------------------   ------------------------
C:   0000001E  __mcs51_genXINIT                   

ASxxxx Linker V03.00 + NoICE + sdld,  page 17.
Hexadecimal  [32-Bits]

Area                                    Addr        Size        Decimal Bytes (Attributes)
--------------------------------        ----        ----        ------- ----- ------------
GSINIT4                             00000040    0000002A =          42. bytes (REL,CON,CODE)

      Value  Global                              Global Defined In Module
      -----  --------------------------------   ------------------------
C:   00000040  __mcs51_genRAMCLEAR                
C:   00000046  __mcs51_genXRAMCLEAR               

ASxxxx Linker V03.00 + NoICE + sdld,  page 18.
Hexadecimal  [32-Bits]

Area                                    Addr        Size        Decimal Bytes (Attributes)
--------------------------------        ----        ----        ------- ----- ------------
GSINIT                              0000006A    0000002C =          44. bytes (REL,CON,CODE)

      Value  Global                              Global Defined In Module
      -----  --------------------------------   ------------------------
C:   0000006A  A$main$453                         main
C:   0000006A  C$LatticeScreen.c$94$1_0$14        main
C:   0000006D  A$main$456                         main
C:   0000006D  C$LatticeScreen.c$3$1_0$17         main
C:   00000070  A$main$457                         main
C:   00000073  A$main$458                         main
C:   00000076  A$main$459                         main
C:   00000079  A$main$460                         main
C:   0000007C  A$main$461                         main
C:   0000007F  A$main$462                         main
C:   00000082  A$main$463                         main
C:   00000085  A$main$466                         main
C:   00000085  C$main.c$19$1_0$17                 main
C:   00000086  A$main$467                         main
C:   00000088  A$main$468                         main
C:   0000008A  A$main$469                         main
C:   0000008C  A$main$470                         main
C:   0000008E  A$main$471                         main
C:   00000090  A$main$472                         main
C:   00000092  A$main$473                         main
C:   00000094  A$main$474                         main
ASxxxx Linker V03.00 + NoICE + sdld,  page 19.
Hexadecimal  [32-Bits]

Area                                    Addr        Size        Decimal Bytes (Attributes)
--------------------------------        ----        ----        ------- ----- ------------
GSFINAL                             00000096    00000003 =           3. bytes (REL,CON,CODE)

      Value  Global                              Global Defined In Module
      -----  --------------------------------   ------------------------
C:   00000096  A$main$476                         main

ASxxxx Linker V03.00 + NoICE + sdld,  page 20.
Hexadecimal  [32-Bits]

Area                                    Addr        Size        Decimal Bytes (Attributes)
--------------------------------        ----        ----        ------- ----- ------------
CSEG                                00000099    000004C7 =        1223. bytes (REL,CON,CODE)

      Value  Global                              Global Defined In Module
      -----  --------------------------------   ------------------------
C:   00000099  A$main$512                         main
C:   00000099  C$LatticeScreen.c$14$1_0$1         main
C:   00000099  C$LatticeScreen.c$7$0_0$1          main
C:   00000099  G$LS_Init$0$0                      main
C:   00000099  _LS_Init                           main
C:   0000009C  A$main$515                         main
C:   0000009C  C$LatticeScreen.c$15$1_0$1         main
C:   0000009F  A$main$519                         main
C:   0000009F  C$LatticeScreen.c$18$1_0$1         main
C:   000000A1  A$main$523                         main
C:   000000A1  C$LatticeScreen.c$19$1_0$1         main
C:   000000A3  A$main$527                         main
C:   000000A3  C$LatticeScreen.c$22$1_0$1         main
C:   000000A5  A$main$531                         main
C:   000000A5  C$LatticeScreen.c$23$1_0$1         main
C:   000000A7  A$main$535                         main
C:   000000A7  C$LatticeScreen.c$25$1_0$1         main
C:   000000A9  A$main$540                         main
C:   000000A9  C$LatticeScreen.c$26$1_0$1         main
C:   000000A9  XG$LS_Init$0$0                     main
C:   000000AA  A$main$556                         main
C:   000000AA  C$LatticeScreen.c$28$1_0$2         main
C:   000000AA  C$LatticeScreen.c$34$1_0$2         main
C:   000000AA  G$LS_Deinit$0$0                    main
C:   000000AA  _LS_Deinit                         main
C:   000000AD  A$main$559                         main
C:   000000AD  C$LatticeScreen.c$35$1_0$2         main
C:   000000B0  A$main$563                         main
C:   000000B0  C$LatticeScreen.c$38$1_0$2         main
C:   000000B2  A$main$567                         main
C:   000000B2  C$LatticeScreen.c$39$1_0$2         main
C:   000000B4  A$main$571                         main
C:   000000B4  C$LatticeScreen.c$42$1_0$2         main
C:   000000B6  A$main$575                         main
C:   000000B6  C$LatticeScreen.c$44$1_0$2         main
C:   000000B8  A$main$580                         main
C:   000000B8  C$LatticeScreen.c$45$1_0$2         main
C:   000000B8  XG$LS_Deinit$0$0                   main
C:   000000B9  A$main$595                         main
C:   000000B9  C$LatticeScreen.c$47$1_0$4         main
C:   000000B9  G$LS_595_DataOut$0$0               main
C:   000000B9  _LS_595_DataOut                    main
C:   000000BB  A$main$599                         main
C:   000000BB  C$LatticeScreen.c$51$1_0$4         main
C:   000000BD  A$main$603                         main
C:   000000BD  C$LatticeScreen.c$52$1_0$4         main
C:   000000BF  A$main$606                         main
C:   000000C1  A$main$611                         main
C:   000000C1  C$LatticeScreen.c$56$3_0$6         main
C:   000000C3  A$main$614                         main
ASxxxx Linker V03.00 + NoICE + sdld,  page 21.
Hexadecimal  [32-Bits]

Area                                    Addr        Size        Decimal Bytes (Attributes)
--------------------------------        ----        ----        ------- ----- ------------
CSEG                                00000099    000004C7 =        1223. bytes (REL,CON,CODE)

      Value  Global                              Global Defined In Module
      -----  --------------------------------   ------------------------
C:   000000C3  C$LatticeScreen.c$57$3_0$6         main
C:   000000C5  A$main$615                         main
C:   000000C7  A$main$616                         main
C:   000000C9  A$main$617                         main
C:   000000CB  A$main$618                         main
C:   000000CD  A$main$620                         main
C:   000000CE  A$main$621                         main
C:   000000CF  A$main$622                         main
C:   000000D0  A$main$623                         main
C:   000000D1  A$main$624                         main
C:   000000D2  A$main$625                         main
C:   000000D3  A$main$627                         main
C:   000000D6  A$main$628                         main
C:   000000D8  A$main$629                         main
C:   000000DA  A$main$630                         main
C:   000000DB  A$main$631                         main
C:   000000DD  A$main$632                         main
C:   000000DE  A$main$633                         main
C:   000000E0  A$main$634                         main
C:   000000E1  A$main$635                         main
C:   000000E2  A$main$636                         main
C:   000000E4  A$main$640                         main
C:   000000E4  C$LatticeScreen.c$59$4_0$7         main
C:   000000E6  A$main$641                         main
C:   000000E8  A$main$646                         main
C:   000000E8  C$LatticeScreen.c$63$4_0$8         main
C:   000000EA  A$main$650                         main
C:   000000EA  C$LatticeScreen.c$66$3_0$6         main
C:   000000EC  A$main$651                         main
C:   000000EE  A$main$652                         main
C:   000000F0  A$main$653                         main
C:   000000F2  A$main$654                         main
C:   000000F4  A$main$656                         main
C:   000000F5  A$main$657                         main
C:   000000F6  A$main$658                         main
C:   000000F7  A$main$659                         main
C:   000000F8  A$main$660                         main
C:   000000F9  A$main$661                         main
C:   000000FA  A$main$663                         main
C:   000000FD  A$main$664                         main
C:   000000FF  A$main$665                         main
C:   00000101  A$main$666                         main
C:   00000102  A$main$667                         main
C:   00000104  A$main$668                         main
C:   00000105  A$main$669                         main
C:   00000107  A$main$670                         main
C:   00000108  A$main$671                         main
C:   00000109  A$main$672                         main
C:   0000010B  A$main$676                         main
C:   0000010B  C$LatticeScreen.c$68$4_0$9         main
C:   0000010D  A$main$677                         main
ASxxxx Linker V03.00 + NoICE + sdld,  page 22.
Hexadecimal  [32-Bits]

Area                                    Addr        Size        Decimal Bytes (Attributes)
--------------------------------        ----        ----        ------- ----- ------------
CSEG                                00000099    000004C7 =        1223. bytes (REL,CON,CODE)

      Value  Global                              Global Defined In Module
      -----  --------------------------------   ------------------------
C:   0000010F  A$main$682                         main
C:   0000010F  C$LatticeScreen.c$72$4_0$10        main
C:   00000111  A$main$687                         main
C:   00000111  C$LatticeScreen.c$75$3_0$6         main
C:   00000113  A$main$690                         main
C:   00000113  C$LatticeScreen.c$54$2_0$5         main
C:   00000114  A$main$691                         main
C:   00000117  A$main$693                         main
C:   00000119  A$main$697                         main
C:   00000119  C$LatticeScreen.c$78$1_0$4         main
C:   0000011B  A$main$702                         main
C:   0000011B  C$LatticeScreen.c$80$1_0$4         main
C:   0000011B  XG$LS_595_DataOut$0$0              main
C:   0000011C  A$main$716                         main
C:   0000011C  C$LatticeScreen.c$83$1_0$12        main
C:   0000011C  G$LS_DisplayOneRow$0$0             main
C:   0000011C  _LS_DisplayOneRow                  main
C:   0000011E  A$main$719                         main
C:   0000011E  C$LatticeScreen.c$85$1_0$12        main
C:   00000120  A$main$720                         main
C:   00000122  A$main$721                         main
C:   00000124  A$main$724                         main
C:   00000124  C$LatticeScreen.c$87$2_0$13        main
C:   00000126  A$main$725                         main
C:   00000128  A$main$726                         main
C:   0000012A  A$main$727                         main
C:   0000012C  A$main$728                         main
C:   0000012E  A$main$730                         main
C:   00000130  A$main$732                         main
C:   00000133  A$main$733                         main
C:   00000134  A$main$734                         main
C:   00000136  A$main$735                         main
C:   00000138  A$main$736                         main
C:   0000013B  A$main$742                         main
C:   0000013B  C$LatticeScreen.c$90$1_0$12        main
C:   0000013B  XG$LS_DisplayOneRow$0$0            main
C:   0000013C  A$main$757                         main
C:   0000013C  C$LatticeScreen.c$92$1_0$14        main
C:   0000013C  C$LatticeScreen.c$95$1_0$14        main
C:   0000013C  G$LS_Refresh$0$0                   main
C:   0000013C  _LS_Refresh                        main
C:   0000013E  A$main$758                         main
C:   00000140  A$main$759                         main
C:   00000141  A$main$760                         main
C:   00000143  A$main$761                         main
C:   00000146  A$main$762                         main
C:   00000148  A$main$763                         main
C:   0000014B  A$main$766                         main
C:   0000014B  C$LatticeScreen.c$96$1_0$14        main
C:   0000014D  A$main$767                         main
C:   0000014F  A$main$768                         main
ASxxxx Linker V03.00 + NoICE + sdld,  page 23.
Hexadecimal  [32-Bits]

Area                                    Addr        Size        Decimal Bytes (Attributes)
--------------------------------        ----        ----        ------- ----- ------------
CSEG                                00000099    000004C7 =        1223. bytes (REL,CON,CODE)

      Value  Global                              Global Defined In Module
      -----  --------------------------------   ------------------------
C:   00000151  A$main$771                         main
C:   00000151  C$LatticeScreen.c$97$1_0$14        main
C:   00000154  A$main$777                         main
C:   00000154  C$LatticeScreen.c$98$1_0$14        main
C:   00000154  XG$LS_Refresh$0$0                  main
C:   00000155  A$main$792                         main
C:   00000155  C$main.c$20$1_0$15                 main
C:   00000155  C$main.c$23$1_0$15                 main
C:   00000155  G$systick_init$0$0                 main
C:   00000155  _systick_init                      main
C:   00000158  A$main$795                         main
C:   00000158  C$main.c$24$1_0$15                 main
C:   0000015B  A$main$798                         main
C:   0000015B  C$main.c$25$1_0$15                 main
C:   0000015E  A$main$801                         main
C:   0000015E  C$main.c$26$1_0$15                 main
C:   00000161  A$main$805                         main
C:   00000161  C$main.c$27$1_0$15                 main
C:   00000163  A$main$809                         main
C:   00000163  C$main.c$28$1_0$15                 main
C:   00000165  A$main$813                         main
C:   00000165  C$main.c$29$1_0$15                 main
C:   00000167  A$main$818                         main
C:   00000167  C$main.c$30$1_0$15                 main
C:   00000167  XG$systick_init$0$0                main
C:   00000168  A$main$837                         main
C:   00000168  C$main.c$31$1_0$16                 main
C:   00000168  G$systick_interrupt$0$0            main
C:   00000168  _systick_interrupt                 main
C:   0000016A  A$main$838                         main
C:   0000016C  A$main$839                         main
C:   0000016E  A$main$840                         main
C:   00000170  A$main$841                         main
C:   00000172  A$main$842                         main
C:   00000174  A$main$843                         main
C:   00000176  A$main$844                         main
C:   00000178  A$main$845                         main
C:   0000017A  A$main$846                         main
C:   0000017C  A$main$847                         main
C:   0000017E  A$main$848                         main
C:   00000180  A$main$849                         main
C:   00000182  A$main$850                         main
C:   00000184  A$main$851                         main
C:   00000187  A$main$854                         main
C:   00000187  C$main.c$33$1_0$16                 main
C:   00000189  A$main$855                         main
C:   0000018A  A$main$856                         main
C:   0000018D  A$main$857                         main
C:   0000018F  A$main$858                         main
C:   00000192  A$main$859                         main
C:   00000194  A$main$860                         main
ASxxxx Linker V03.00 + NoICE + sdld,  page 24.
Hexadecimal  [32-Bits]

Area                                    Addr        Size        Decimal Bytes (Attributes)
--------------------------------        ----        ----        ------- ----- ------------
CSEG                                00000099    000004C7 =        1223. bytes (REL,CON,CODE)

      Value  Global                              Global Defined In Module
      -----  --------------------------------   ------------------------
C:   00000197  A$main$861                         main
C:   00000199  A$main$862                         main
C:   0000019C  A$main$863                         main
C:   0000019E  A$main$864                         main
C:   000001A1  A$main$865                         main
C:   000001A3  A$main$866                         main
C:   000001A6  A$main$867                         main
C:   000001A8  A$main$868                         main
C:   000001AB  A$main$869                         main
C:   000001AD  A$main$873                         main
C:   000001AD  C$main.c$34$1_0$16                 main
C:   000001B0  A$main$874                         main
C:   000001B3  A$main$875                         main
C:   000001B6  A$main$878                         main
C:   000001B8  A$main$879                         main
C:   000001BA  A$main$880                         main
C:   000001BC  A$main$881                         main
C:   000001BE  A$main$882                         main
C:   000001C0  A$main$883                         main
C:   000001C2  A$main$884                         main
C:   000001C4  A$main$885                         main
C:   000001C6  A$main$886                         main
C:   000001C8  A$main$887                         main
C:   000001CA  A$main$888                         main
C:   000001CC  A$main$889                         main
C:   000001CE  A$main$890                         main
C:   000001D0  A$main$891                         main
C:   000001D2  A$main$894                         main
C:   000001D2  C$main.c$35$1_0$16                 main
C:   000001D2  XG$systick_interrupt$0$0           main
C:   000001D3  A$main$919                         main
C:   000001D3  C$main.c$39$1_0$17                 main
C:   000001D3  C$main.c$41$1_0$17                 main
C:   000001D3  G$main$0$0                         main
C:   000001D3  _main                              main
C:   000001D6  A$main$922                         main
C:   000001D6  C$main.c$42$1_0$17                 main
C:   000001D9  A$main$928                         main
C:   000001D9  C$main.c$44$1_0$17                 main
C:   000001D9  C$main.c$48$1_0$17                 main
C:   000001DC  A$main$929                         main
C:   000001DF  A$main$930                         main
C:   000001E0  A$main$931                         main
C:   000001E2  A$main$932                         main
C:   000001E4  A$main$933                         main
C:   000001E6  A$main$934                         main
C:   000001E8  A$main$935                         main
C:   000001EA  A$main$936                         main
C:   000001EC  A$main$937                         main
C:   000001EF  A$main$938                         main
C:   000001F2  A$main$939                         main
ASxxxx Linker V03.00 + NoICE + sdld,  page 25.
Hexadecimal  [32-Bits]

Area                                    Addr        Size        Decimal Bytes (Attributes)
--------------------------------        ----        ----        ------- ----- ------------
CSEG                                00000099    000004C7 =        1223. bytes (REL,CON,CODE)

      Value  Global                              Global Defined In Module
      -----  --------------------------------   ------------------------
C:   000001F5  A$main$940                         main
C:   000001F7  A$main$941                         main
C:   000001F9  A$main$942                         main
C:   000001FB  A$main$943                         main
C:   000001FD  A$main$944                         main
C:   000001FF  A$main$945                         main
C:   00000202  A$main$946                         main
C:   00000205  A$main$947                         main
C:   00000208  A$main$948                         main
C:   0000020B  A$main$949                         main
C:   0000020D  A$main$950                         main
C:   0000020F  A$main$951                         main
C:   00000211  A$main$952                         main
C:   00000213  A$main$953                         main
C:   00000215  A$main$954                         main
C:   00000217  A$main$955                         main
C:   00000219  A$main$956                         main
C:   0000021B  A$main$957                         main
C:   0000021D  A$main$958                         main
C:   0000021F  A$main$959                         main
C:   00000221  A$main$960                         main
C:   00000223  A$main$961                         main
C:   00000225  A$main$964                         main
C:   00000227  A$main$965                         main
C:   00000228  A$main$969                         main
C:   00000228  C$main.c$52$4_0$20                 main
C:   00000229  A$main$970                         main
C:   0000022B  A$main$971                         main
C:   0000022C  A$main$972                         main
C:   0000022E  A$main$975                         main
C:   0000022E  C$main.c$51$4_0$20                 main
C:   0000022F  A$main$976                         main
C:   00000230  A$main$977                         main
C:   00000231  A$main$978                         main
C:   00000233  A$main$979                         main
C:   00000235  A$main$980                         main
C:   00000237  A$main$983                         main
C:   00000237  C$main.c$54$1_0$17                 main
C:   0000023A  A$main$984                         main
C:   0000023D  A$main$985                         main
C:   0000023E  A$main$986                         main
C:   00000240  A$main$987                         main
C:   00000242  A$main$988                         main
C:   00000244  A$main$989                         main
C:   00000246  A$main$990                         main
C:   00000248  A$main$991                         main
C:   0000024A  A$main$992                         main
C:   0000024D  A$main$993                         main
C:   00000250  A$main$994                         main
C:   00000253  A$main$995                         main
C:   00000255  A$main$996                         main
ASxxxx Linker V03.00 + NoICE + sdld,  page 26.
Hexadecimal  [32-Bits]

Area                                    Addr        Size        Decimal Bytes (Attributes)
--------------------------------        ----        ----        ------- ----- ------------
CSEG                                00000099    000004C7 =        1223. bytes (REL,CON,CODE)

      Value  Global                              Global Defined In Module
      -----  --------------------------------   ------------------------
C:   00000257  A$main$997                         main
C:   00000259  A$main$998                         main
C:   0000025B  A$main$999                         main
C:   0000025D  A$main$1000                        main
C:   00000260  A$main$1001                        main
C:   00000263  A$main$1002                        main
C:   00000266  A$main$1003                        main
C:   00000269  A$main$1004                        main
C:   0000026B  A$main$1005                        main
C:   0000026D  A$main$1006                        main
C:   0000026F  A$main$1007                        main
C:   00000271  A$main$1008                        main
C:   00000273  A$main$1009                        main
C:   00000276  A$main$1010                        main
C:   00000279  A$main$1011                        main
C:   0000027C  A$main$1012                        main
C:   0000027F  A$main$1013                        main
C:   00000282  A$main$1014                        main
C:   00000285  A$main$1015                        main
C:   00000288  A$main$1016                        main
C:   0000028B  A$main$1017                        main
C:   0000028D  A$main$1020                        main
C:   0000028D  C$main.c$55$3_1$21                 main
C:   0000028F  A$main$1021                        main
C:   00000292  A$main$1023                        main
C:   00000294  A$main$1024                        main
C:   00000296  A$main$1025                        main
C:   00000298  A$main$1026                        main
C:   0000029A  A$main$1027                        main
C:   0000029C  A$main$1028                        main
C:   0000029F  A$main$1029                        main
C:   000002A1  A$main$1030                        main
C:   000002A3  A$main$1031                        main
C:   000002A5  A$main$1032                        main
C:   000002A6  A$main$1033                        main
C:   000002A8  A$main$1034                        main
C:   000002A9  A$main$1035                        main
C:   000002AB  A$main$1036                        main
C:   000002AE  A$main$1037                        main
C:   000002B0  A$main$1038                        main
C:   000002B2  A$main$1039                        main
C:   000002B4  A$main$1040                        main
C:   000002B6  A$main$1041                        main
C:   000002B8  A$main$1043                        main
C:   000002BA  A$main$1045                        main
C:   000002BD  A$main$1046                        main
C:   000002BE  A$main$1047                        main
C:   000002BF  A$main$1048                        main
C:   000002C0  A$main$1049                        main
C:   000002C1  A$main$1050                        main
C:   000002C4  A$main$1055                        main
ASxxxx Linker V03.00 + NoICE + sdld,  page 27.
Hexadecimal  [32-Bits]

Area                                    Addr        Size        Decimal Bytes (Attributes)
--------------------------------        ----        ----        ------- ----- ------------
CSEG                                00000099    000004C7 =        1223. bytes (REL,CON,CODE)

      Value  Global                              Global Defined In Module
      -----  --------------------------------   ------------------------
C:   000002C4  C$main.c$58$1_0$17                 main
C:   000002C4  XG$main$0$0                        main
C:   000002C5  __modulonglong                     _modulonglong
C:   000003FE  __divulonglong                     _divulonglong
C:   000004FB  __divuint                          _divuint
C:   00000524  __divsint                          _divsint
C:   0000055C  __sdcc_external_startup            _startup
ASxxxx Linker V03.00 + NoICE + sdld,  page 28.

Files Linked                              [ module(s) ]

main.rel                                  [  ]


Libraries Linked                          [ object file ]

D:\windows_10_software\Program Files\SDCC\bin\..\lib\small/mcs51.lib
                                          [ crtclear.rel ]
D:\windows_10_software\Program Files\SDCC\bin\..\lib\small/mcs51.lib
                                          [ crtxinit.rel ]
D:\windows_10_software\Program Files\SDCC\bin\..\lib\small/liblonglong.lib
                                          [ _modulonglong.rel ]
D:\windows_10_software\Program Files\SDCC\bin\..\lib\small/liblonglong.lib
                                          [ _divulonglong.rel ]
D:\windows_10_software\Program Files\SDCC\bin\..\lib\small/mcs51.lib
                                          [ crtxclear.rel ]
D:\windows_10_software\Program Files\SDCC\bin\..\lib\small/libint.lib
                                          [ _divuint.rel ]
D:\windows_10_software\Program Files\SDCC\bin\..\lib\small/mcs51.lib
                                          [ crtpagesfr.rel ]
D:\windows_10_software\Program Files\SDCC\bin\..\lib\small/mcs51.lib
                                          [ crtstart.rel ]
D:\windows_10_software\Program Files\SDCC\bin\..\lib\small/libint.lib
                                          [ _divsint.rel ]
D:\windows_10_software\Program Files\SDCC\bin\..\lib\small/libsdcc.lib
                                          [ _startup.rel ]

ASxxxx Linker V03.00 + NoICE + sdld,  page 29.

User Base Address Definitions

HOME = 0x0000
XSEG = 0x0001
PSEG = 0x0001
ISEG = 0x0000
BSEG = 0x0000

