ASxxxx Linker V03.00 + NoICE + sdld,  page 1.
Hexadecimal  [32-Bits]

Area                                    Addr        Size        Decimal Bytes (Attributes)
--------------------------------        ----        ----        ------- ----- ------------
CABS                                00000000    00000000 =           0. bytes (ABS,CON,CODE)

      Value  Global                              Global Defined In Module
      -----  --------------------------------   ------------------------
C:   00000000  l_CABS                          
C:   00000000  l_GSINIT1                       
C:   00000000  l_GSINIT5                       
C:   00000000  l_IABS                          
C:   00000000  l_PSEG                          
C:   00000000  l_REG_BANK_2                    
C:   00000000  l_REG_BANK_3                    
C:   00000000  l_RSEG                          
C:   00000000  l_RSEG0                         
C:   00000000  l_RSEG1                         
C:   00000000  l_XABS                          
C:   00000000  l_XINIT                         
C:   00000000  l_XISEG                         
C:   00000000  l_XSEG                          
C:   00000000  l__CODE                         
C:   00000000  s_BSEG                          
C:   00000000  s_CABS                          
C:   00000000  s_DSEG                          
C:   00000000  s_HOME                          
C:   00000000  s_IABS                          
C:   00000000  s_REG_BANK_0                    
C:   00000000  s_RSEG                          
C:   00000000  s_RSEG0                         
C:   00000000  s_RSEG1                         
C:   00000000  s_XABS                          
C:   00000001  l_BIT_BANK                      
C:   00000001  l_BSEG_BYTES                    
C:   00000001  s_PSEG                          
C:   00000001  s_XISEG                         
C:   00000001  s_XSEG                          
C:   00000002  l_OSEG                          
C:   00000003  l_GSFINAL                       
C:   00000003  l_GSINIT0                       
C:   00000005  l_BSEG                          
C:   00000008  l_REG_BANK_0                    
C:   00000008  l_REG_BANK_1                    
C:   00000008  s_REG_BANK_1                    
C:   0000000A  l_GSINIT2                       
C:   00000010  s_REG_BANK_2                    
C:   00000016  s_OSEG                          
C:   00000018  s_REG_BANK_3                    
C:   00000020  s_BSEG_BYTES                    
C:   00000020  s__CODE                         
C:   00000021  s_BIT_BANK                      
C:   00000022  l_GSINIT3                       
C:   00000022  s_ISEG                          
C:   0000002A  l_GSINIT4                       
C:   00000051  l_GSINIT                        
C:   00000056  l_ISEG                          
C:   00000069  l_HOME                          
ASxxxx Linker V03.00 + NoICE + sdld,  page 2.
Hexadecimal  [32-Bits]

Area                                    Addr        Size        Decimal Bytes (Attributes)
--------------------------------        ----        ----        ------- ----- ------------
CABS                                00000000    00000000 =           0. bytes (ABS,CON,CODE)

      Value  Global                              Global Defined In Module
      -----  --------------------------------   ------------------------
C:   00000069  s_GSINIT0                       
C:   0000006C  s_GSINIT1                       
C:   0000006C  s_GSINIT2                       
C:   00000076  s_GSINIT3                       
C:   00000078  l_DSEG                          
C:   00000078  s_SSEG                          
C:   00000088  l_SSEG                          
C:   00000098  s_GSINIT4                       
C:   000000C2  s_GSINIT                        
C:   000000C2  s_GSINIT5                       
C:   00000100  l_IRAM                          
C:   00000113  s_GSFINAL                       
C:   00000116  s_CSEG                          
C:   000001E0  l_CONST                         
C:   00000638  l_CSEG                          
C:   0000074E  s_CONST                         
C:   0000092E  s_XINIT                         

ASxxxx Linker V03.00 + NoICE + sdld,  page 3.
Hexadecimal  [32-Bits]

Area                                    Addr        Size        Decimal Bytes (Attributes)
--------------------------------        ----        ----        ------- ----- ------------
.  .ABS.                            00000000    00000000 =           0. bytes (ABS,CON)

      Value  Global                              Global Defined In Module
      -----  --------------------------------   ------------------------
     00000000  .__.ABS.                           _startup
     00000080  G$P0$0_0$0                         main
     00000080  G$P0_0$0_0$0                       main
     00000080  _P0                                main
     00000080  _P0_0                              main
     00000081  G$P0_1$0_0$0                       main
     00000081  G$SP$0_0$0                         main
     00000081  _P0_1                              main
     00000081  _SP                                main
     00000082  G$DPL$0_0$0                        main
     00000082  G$P0_2$0_0$0                       main
     00000082  _DPL                               main
     00000082  _P0_2                              main
     00000083  G$DPH$0_0$0                        main
     00000083  G$P0_3$0_0$0                       main
     00000083  _DPH                               main
     00000083  _P0_3                              main
     00000084  G$P0_4$0_0$0                       main
     00000084  _P0_4                              main
     00000085  G$P0_5$0_0$0                       main
     00000085  _P0_5                              main
     00000086  G$P0_6$0_0$0                       main
     00000086  _P0_6                              main
     00000087  G$P0_7$0_0$0                       main
     00000087  G$PCON$0_0$0                       main
     00000087  _P0_7                              main
     00000087  _PCON                              main
     00000088  G$IT0$0_0$0                        main
     00000088  G$TCON$0_0$0                       main
     00000088  _IT0                               main
     00000088  _TCON                              main
     00000089  G$IE0$0_0$0                        main
     00000089  G$TMOD$0_0$0                       main
     00000089  _IE0                               main
     00000089  _TMOD                              main
     0000008A  G$IT1$0_0$0                        main
     0000008A  G$TL0$0_0$0                        main
     0000008A  _IT1                               main
     0000008A  _TL0                               main
     0000008B  G$IE1$0_0$0                        main
     0000008B  G$TL1$0_0$0                        main
     0000008B  _IE1                               main
     0000008B  _TL1                               main
     0000008C  G$TH0$0_0$0                        main
     0000008C  G$TR0$0_0$0                        main
     0000008C  _TH0                               main
     0000008C  _TR0                               main
     0000008D  G$TF0$0_0$0                        main
     0000008D  G$TH1$0_0$0                        main
     0000008D  _TF0                               main
ASxxxx Linker V03.00 + NoICE + sdld,  page 4.
Hexadecimal  [32-Bits]

Area                                    Addr        Size        Decimal Bytes (Attributes)
--------------------------------        ----        ----        ------- ----- ------------
.  .ABS.                            00000000    00000000 =           0. bytes (ABS,CON)

      Value  Global                              Global Defined In Module
      -----  --------------------------------   ------------------------
     0000008D  _TH1                               main
     0000008E  G$TR1$0_0$0                        main
     0000008E  Lmain.Uart_Init$AUXR$1_0$53        main
     0000008E  Lmain.systick_init$AUXR$1_0$49     main
     0000008E  _TR1                               main
     0000008F  G$TF1$0_0$0                        main
     0000008F  _TF1                               main
     00000090  G$P1$0_0$0                         main
     00000090  G$P1_0$0_0$0                       main
     00000090  _P1                                main
     00000090  _P1_0                              main
     00000091  G$P1_1$0_0$0                       main
     00000091  Lmain.LS_Deinit$P1M1$1_0$30        main
     00000091  Lmain.LS_Init$P1M1$1_0$29          main
     00000091  _P1_1                              main
     00000092  G$P1_2$0_0$0                       main
     00000092  Lmain.LS_Deinit$P1M0$1_0$30        main
     00000092  Lmain.LS_Init$P1M0$1_0$29          main
     00000092  _P1_2                              main
     00000093  G$P1_3$0_0$0                       main
     00000093  _P1_3                              main
     00000094  G$P1_4$0_0$0                       main
     00000094  _P1_4                              main
     00000095  G$P1_5$0_0$0                       main
     00000095  _P1_5                              main
     00000096  G$P1_6$0_0$0                       main
     00000096  _P1_6                              main
     00000097  G$P1_7$0_0$0                       main
     00000097  _P1_7                              main
     00000098  G$RI$0_0$0                         main
     00000098  G$SCON$0_0$0                       main
     00000098  _RI                                main
     00000098  _SCON                              main
     00000099  G$SBUF$0_0$0                       main
     00000099  G$TI$0_0$0                         main
     00000099  _SBUF                              main
     00000099  _TI                                main
     0000009A  G$RB8$0_0$0                        main
     0000009A  _RB8                               main
     0000009B  G$TB8$0_0$0                        main
     0000009B  _TB8                               main
     0000009C  G$REN$0_0$0                        main
     0000009C  _REN                               main
     0000009D  G$SM2$0_0$0                        main
     0000009D  _SM2                               main
     0000009E  G$SM1$0_0$0                        main
     0000009E  _SM1                               main
     0000009F  G$SM0$0_0$0                        main
     0000009F  _SM0                               main
     000000A0  G$P2$0_0$0                         main
     000000A0  G$P2_0$0_0$0                       main
ASxxxx Linker V03.00 + NoICE + sdld,  page 5.
Hexadecimal  [32-Bits]

Area                                    Addr        Size        Decimal Bytes (Attributes)
--------------------------------        ----        ----        ------- ----- ------------
.  .ABS.                            00000000    00000000 =           0. bytes (ABS,CON)

      Value  Global                              Global Defined In Module
      -----  --------------------------------   ------------------------
     000000A0  _P2                                main
     000000A0  _P2_0                              main
     000000A0  __XPAGE                            
     000000A1  G$P2_1$0_0$0                       main
     000000A1  _P2_1                              main
     000000A2  G$P2_2$0_0$0                       main
     000000A2  Lmain.Uart_Init$P_SW1$1_0$53       main
     000000A2  _P2_2                              main
     000000A3  G$P2_3$0_0$0                       main
     000000A3  _P2_3                              main
     000000A4  G$P2_4$0_0$0                       main
     000000A4  _P2_4                              main
     000000A5  G$P2_5$0_0$0                       main
     000000A5  _P2_5                              main
     000000A6  G$P2_6$0_0$0                       main
     000000A6  _P2_6                              main
     000000A7  G$P2_7$0_0$0                       main
     000000A7  _P2_7                              main
     000000A8  G$EX0$0_0$0                        main
     000000A8  G$IE$0_0$0                         main
     000000A8  _EX0                               main
     000000A8  _IE                                main
     000000A9  G$ET0$0_0$0                        main
     000000A9  _ET0                               main
     000000AA  G$EX1$0_0$0                        main
     000000AA  _EX1                               main
     000000AB  G$ET1$0_0$0                        main
     000000AB  _ET1                               main
     000000AC  G$ES$0_0$0                         main
     000000AC  _ES                                main
     000000AF  G$EA$0_0$0                         main
     000000AF  Lmain.Uart_Init$IE2$1_0$53         main
     000000AF  _EA                                main
     000000B0  G$P3$0_0$0                         main
     000000B0  G$P3_0$0_0$0                       main
     000000B0  G$RXD$0_0$0                        main
     000000B0  _P3                                main
     000000B0  _P3_0                              main
     000000B0  _RXD                               main
     000000B1  G$P3_1$0_0$0                       main
     000000B1  G$TXD$0_0$0                        main
     000000B1  Lmain.Clk_In_Init$P3M1$1_0$71      main
     000000B1  Lmain.systick_init$P3M1$1_1$50     main
     000000B1  _P3_1                              main
     000000B1  _TXD                               main
     000000B2  G$INT0$0_0$0                       main
     000000B2  G$P3_2$0_0$0                       main
     000000B2  Lmain.Clk_In_Init$P3M0$1_0$71      main
     000000B2  Lmain.systick_init$P3M0$1_1$50     main
     000000B2  _INT0                              main
     000000B2  _P3_2                              main
ASxxxx Linker V03.00 + NoICE + sdld,  page 6.
Hexadecimal  [32-Bits]

Area                                    Addr        Size        Decimal Bytes (Attributes)
--------------------------------        ----        ----        ------- ----- ------------
.  .ABS.                            00000000    00000000 =           0. bytes (ABS,CON)

      Value  Global                              Global Defined In Module
      -----  --------------------------------   ------------------------
     000000B3  G$INT1$0_0$0                       main
     000000B3  G$P3_3$0_0$0                       main
     000000B3  _INT1                              main
     000000B3  _P3_3                              main
     000000B4  G$P3_4$0_0$0                       main
     000000B4  G$T0$0_0$0                         main
     000000B4  _P3_4                              main
     000000B4  _T0                                main
     000000B5  G$P3_5$0_0$0                       main
     000000B5  G$T1$0_0$0                         main
     000000B5  _P3_5                              main
     000000B5  _T1                                main
     000000B6  G$P3_6$0_0$0                       main
     000000B6  G$WR$0_0$0                         main
     000000B6  _P3_6                              main
     000000B6  _WR                                main
     000000B7  G$P3_7$0_0$0                       main
     000000B7  G$RD$0_0$0                         main
     000000B7  _P3_7                              main
     000000B7  _RD                                main
     000000B8  G$IP$0_0$0                         main
     000000B8  G$PX0$0_0$0                        main
     000000B8  _IP                                main
     000000B8  _PX0                               main
     000000B9  G$PT0$0_0$0                        main
     000000B9  _PT0                               main
     000000BA  G$PX1$0_0$0                        main
     000000BA  _PX1                               main
     000000BB  G$PT1$0_0$0                        main
     000000BB  _PT1                               main
     000000BC  G$PS$0_0$0                         main
     000000BC  _PS                                main
     000000D0  G$P$0_0$0                          main
     000000D0  G$PSW$0_0$0                        main
     000000D0  _P                                 main
     000000D0  _PSW                               main
     000000D1  G$F1$0_0$0                         main
     000000D1  _F1                                main
     000000D2  G$OV$0_0$0                         main
     000000D2  _OV                                main
     000000D3  G$RS0$0_0$0                        main
     000000D3  _RS0                               main
     000000D4  G$RS1$0_0$0                        main
     000000D4  _RS1                               main
     000000D5  G$F0$0_0$0                         main
     000000D5  _F0                                main
     000000D6  G$AC$0_0$0                         main
     000000D6  Lmain.Uart_Init$T2H$1_0$53         main
     000000D6  _AC                                main
     000000D7  G$CY$0_0$0                         main
     000000D7  Lmain.Uart_Init$T2L$1_0$53         main
ASxxxx Linker V03.00 + NoICE + sdld,  page 7.
Hexadecimal  [32-Bits]

Area                                    Addr        Size        Decimal Bytes (Attributes)
--------------------------------        ----        ----        ------- ----- ------------
.  .ABS.                            00000000    00000000 =           0. bytes (ABS,CON)

      Value  Global                              Global Defined In Module
      -----  --------------------------------   ------------------------
     000000D7  _CY                                main
     000000E0  G$ACC$0_0$0                        main
     000000E0  _ACC                               main
     000000F0  G$B$0_0$0                          main
     000000F0  _B                                 main

ASxxxx Linker V03.00 + NoICE + sdld,  page 8.
Hexadecimal  [32-Bits]

Area                                    Addr        Size        Decimal Bytes (Attributes)
--------------------------------        ----        ----        ------- ----- ------------
BSEG_BYTES                          00000020    00000001 =           1. bytes (REL,CON)

      Value  Global                              Global Defined In Module
      -----  --------------------------------   ------------------------
ASxxxx Linker V03.00 + NoICE + sdld,  page 9.
Hexadecimal  [32-Bits]

Area                                    Addr        Size        Decimal Bytes (Attributes)
--------------------------------        ----        ----        ------- ----- ------------
REG_BANK_0                          00000000    00000008 =           8. bytes (REL,OVR)

      Value  Global                              Global Defined In Module
      -----  --------------------------------   ------------------------
ASxxxx Linker V03.00 + NoICE + sdld,  page 10.
Hexadecimal  [32-Bits]

Area                                    Addr        Size        Decimal Bytes (Attributes)
--------------------------------        ----        ----        ------- ----- ------------
REG_BANK_1                          00000008    00000008 =           8. bytes (REL,OVR)

      Value  Global                              Global Defined In Module
      -----  --------------------------------   ------------------------
ASxxxx Linker V03.00 + NoICE + sdld,  page 11.
Hexadecimal  [32-Bits]

Area                                    Addr        Size        Decimal Bytes (Attributes)
--------------------------------        ----        ----        ------- ----- ------------
BIT_BANK                            00000021    00000001 =           1. bytes (REL,OVR)

      Value  Global                              Global Defined In Module
      -----  --------------------------------   ------------------------
ASxxxx Linker V03.00 + NoICE + sdld,  page 12.
Hexadecimal  [32-Bits]

Area                                    Addr        Size        Decimal Bytes (Attributes)
--------------------------------        ----        ----        ------- ----- ------------
DSEG                                00000000    00000078 =         120. bytes (REL,CON)

      Value  Global                              Global Defined In Module
      -----  --------------------------------   ------------------------
     00000010  Lmain.LS_595_DataOut$Col_Data$1_   main
     00000010  _LS_595_DataOut_PARM_2             main
     00000011  Lmain.LS_DisplayOneCol$Row_Index   main
     00000011  _LS_DisplayOneCol_PARM_2           main
     00000012  Lmain.On_Uart_Idle$length$1_0$76   main
     00000012  _On_Uart_Idle_PARM_2               main
     00000014  Lmain.On_Uart_Buff_Full$length$1   main
     00000014  _On_Uart_Buff_Full_PARM_2          main

ASxxxx Linker V03.00 + NoICE + sdld,  page 13.
Hexadecimal  [32-Bits]

Area                                    Addr        Size        Decimal Bytes (Attributes)
--------------------------------        ----        ----        ------- ----- ------------
OSEG                                00000016    00000002 =           2. bytes (REL,OVR)

      Value  Global                              Global Defined In Module
      -----  --------------------------------   ------------------------
     00000016  __mulint_PARM_2                    _mulint

ASxxxx Linker V03.00 + NoICE + sdld,  page 14.
Hexadecimal  [32-Bits]

Area                                    Addr        Size        Decimal Bytes (Attributes)
--------------------------------        ----        ----        ------- ----- ------------
ISEG                                00000022    00000056 =          86. bytes (REL,CON)

      Value  Global                              Global Defined In Module
      -----  --------------------------------   ------------------------
     00000022  G$LS_RAM$0_0$0                     main
     00000022  _LS_RAM                            main
     0000002A  Fmain$LS_Current_Index$0_0$0       main
     0000002B  G$systick$0_0$0                    main
     0000002B  _systick                           main
     00000033  G$Uart_Receive_Buff$0_0$0          main
     00000033  _Uart_Receive_Buff                 main
     00000073  G$Uart_Receive_Buff_Index$0_0$0    main
     00000073  _Uart_Receive_Buff_Index           main
     00000074  G$Uart_Echo_To_Send$0_0$0          main
     00000074  _Uart_Echo_To_Send                 main
     00000075  G$Receive_Timeout_Tick$0_0$0       main
     00000075  _Receive_Timeout_Tick              main
     00000076  G$Device_Address$0_0$0             main
     00000076  _Device_Address                    main
ASxxxx Linker V03.00 + NoICE + sdld,  page 15.
Hexadecimal  [32-Bits]

Area                                    Addr        Size        Decimal Bytes (Attributes)
--------------------------------        ----        ----        ------- ----- ------------
SSEG                                00000078    00000088 =         136. bytes (REL,OVR)

      Value  Global                              Global Defined In Module
      -----  --------------------------------   ------------------------
     00000078  __start__stack                     main

ASxxxx Linker V03.00 + NoICE + sdld,  page 16.
Hexadecimal  [32-Bits]

Area                                    Addr        Size        Decimal Bytes (Attributes)
--------------------------------        ----        ----        ------- ----- ------------
HOME                                00000000    00000069 =         105. bytes (REL,CON,CODE)

      Value  Global                              Global Defined In Module
      -----  --------------------------------   ------------------------
C:   00000000  A$main$505                         main
C:   00000003  A$main$506                         main
C:   0000000B  A$main$508                         main
C:   00000013  A$main$510                         main
C:   0000001B  A$main$512                         main
C:   00000023  A$main$514                         main
C:   0000002B  A$main$516                         main
C:   00000033  A$main$518                         main
C:   0000003B  A$main$520                         main
C:   00000043  A$main$522                         main
C:   0000004B  A$main$524                         main
C:   00000053  A$main$526                         main
C:   0000005B  A$main$528                         main
C:   00000063  A$main$530                         main
C:   00000066  A$main$631                         main
C:   00000066  __sdcc_program_startup             main

ASxxxx Linker V03.00 + NoICE + sdld,  page 17.
Hexadecimal  [32-Bits]

Area                                    Addr        Size        Decimal Bytes (Attributes)
--------------------------------        ----        ----        ------- ----- ------------
GSINIT0                             00000069    00000003 =           3. bytes (REL,CON,CODE)

      Value  Global                              Global Defined In Module
      -----  --------------------------------   ------------------------
C:   00000069  __sdcc_gsinit_startup              

ASxxxx Linker V03.00 + NoICE + sdld,  page 18.
Hexadecimal  [32-Bits]

Area                                    Addr        Size        Decimal Bytes (Attributes)
--------------------------------        ----        ----        ------- ----- ------------
GSINIT2                             0000006C    0000000A =          10. bytes (REL,CON,CODE)

      Value  Global                              Global Defined In Module
      -----  --------------------------------   ------------------------
ASxxxx Linker V03.00 + NoICE + sdld,  page 19.
Hexadecimal  [32-Bits]

Area                                    Addr        Size        Decimal Bytes (Attributes)
--------------------------------        ----        ----        ------- ----- ------------
GSINIT3                             00000076    00000022 =          34. bytes (REL,CON,CODE)

      Value  Global                              Global Defined In Module
      -----  --------------------------------   ------------------------
C:   00000076  __mcs51_genXINIT                   

ASxxxx Linker V03.00 + NoICE + sdld,  page 20.
Hexadecimal  [32-Bits]

Area                                    Addr        Size        Decimal Bytes (Attributes)
--------------------------------        ----        ----        ------- ----- ------------
GSINIT4                             00000098    0000002A =          42. bytes (REL,CON,CODE)

      Value  Global                              Global Defined In Module
      -----  --------------------------------   ------------------------
C:   00000098  __mcs51_genRAMCLEAR                
C:   0000009E  __mcs51_genXRAMCLEAR               

ASxxxx Linker V03.00 + NoICE + sdld,  page 21.
Hexadecimal  [32-Bits]

Area                                    Addr        Size        Decimal Bytes (Attributes)
--------------------------------        ----        ----        ------- ----- ------------
GSINIT                              000000C2    00000051 =          81. bytes (REL,CON,CODE)

      Value  Global                              Global Defined In Module
      -----  --------------------------------   ------------------------
C:   000000C2  A$main$546                         main
C:   000000C2  C$LatticeScreen.c$3$1_0$103        main
C:   000000C4  A$main$547                         main
C:   000000C6  A$main$548                         main
C:   000000C8  A$main$549                         main
C:   000000CA  A$main$550                         main
C:   000000CC  A$main$551                         main
C:   000000CE  A$main$552                         main
C:   000000D0  A$main$553                         main
C:   000000D2  A$main$554                         main
C:   000000D4  A$main$555                         main
C:   000000D6  A$main$556                         main
C:   000000D8  A$main$557                         main
C:   000000DA  A$main$558                         main
C:   000000DC  A$main$559                         main
C:   000000DE  A$main$560                         main
C:   000000E0  A$main$561                         main
C:   000000E2  A$main$564                         main
C:   000000E2  C$LatticeScreen.c$94$1_0$103       main
C:   000000E4  A$main$565                         main
C:   000000E6  A$main$568                         main
C:   000000E6  C$main.c$24$1_0$103                main
C:   000000E8  A$main$569                         main
C:   000000E9  A$main$570                         main
C:   000000EA  A$main$571                         main
C:   000000EB  A$main$572                         main
C:   000000EC  A$main$573                         main
C:   000000ED  A$main$574                         main
C:   000000EE  A$main$575                         main
C:   000000EF  A$main$576                         main
C:   000000F0  A$main$577                         main
C:   000000F1  A$main$578                         main
C:   000000F2  A$main$579                         main
C:   000000F3  A$main$580                         main
C:   000000F4  A$main$581                         main
C:   000000F5  A$main$582                         main
C:   000000F6  A$main$583                         main
C:   000000F7  A$main$584                         main
C:   000000F8  A$main$587                         main
C:   000000FA  A$main$588                         main
C:   000000FC  A$main$591                         main
C:   000000FC  C$main.c$152$1_0$103               main
C:   000000FE  A$main$592                         main
C:   00000100  A$main$595                         main
C:   00000100  C$main.c$153$1_0$103               main
C:   00000102  A$main$596                         main
C:   00000104  A$main$599                         main
C:   00000104  C$main.c$258$1_0$103               main
C:   00000106  A$main$600                         main
C:   00000107  A$main$601                         main
ASxxxx Linker V03.00 + NoICE + sdld,  page 22.
Hexadecimal  [32-Bits]

Area                                    Addr        Size        Decimal Bytes (Attributes)
--------------------------------        ----        ----        ------- ----- ------------
GSINIT                              000000C2    00000051 =          81. bytes (REL,CON,CODE)

      Value  Global                              Global Defined In Module
      -----  --------------------------------   ------------------------
C:   00000108  A$main$602                         main
C:   00000109  A$main$606                         main
C:   00000109  C$main.c$67$1_0$103                main
C:   0000010B  A$main$610                         main
C:   0000010B  C$main.c$69$1_0$103                main
C:   0000010D  A$main$614                         main
C:   0000010D  C$main.c$112$1_0$103               main
C:   0000010F  A$main$618                         main
C:   0000010F  C$main.c$259$1_0$103               main
C:   00000111  A$main$622                         main
C:   00000111  C$main.c$260$1_0$103               main

ASxxxx Linker V03.00 + NoICE + sdld,  page 23.
Hexadecimal  [32-Bits]

Area                                    Addr        Size        Decimal Bytes (Attributes)
--------------------------------        ----        ----        ------- ----- ------------
GSFINAL                             00000113    00000003 =           3. bytes (REL,CON,CODE)

      Value  Global                              Global Defined In Module
      -----  --------------------------------   ------------------------
C:   00000113  A$main$624                         main

ASxxxx Linker V03.00 + NoICE + sdld,  page 24.
Hexadecimal  [32-Bits]

Area                                    Addr        Size        Decimal Bytes (Attributes)
--------------------------------        ----        ----        ------- ----- ------------
CSEG                                00000116    00000638 =        1592. bytes (REL,CON,CODE)

      Value  Global                              Global Defined In Module
      -----  --------------------------------   ------------------------
C:   00000116  A$main$660                         main
C:   00000116  C$LatticeScreen.c$16$1_0$29        main
C:   00000116  C$LatticeScreen.c$9$0_0$29         main
C:   00000116  G$LS_Init$0$0                      main
C:   00000116  _LS_Init                           main
C:   00000119  A$main$663                         main
C:   00000119  C$LatticeScreen.c$17$1_0$29        main
C:   0000011C  A$main$667                         main
C:   0000011C  C$LatticeScreen.c$20$1_0$29        main
C:   0000011E  A$main$671                         main
C:   0000011E  C$LatticeScreen.c$21$1_0$29        main
C:   00000120  A$main$675                         main
C:   00000120  C$LatticeScreen.c$24$1_0$29        main
C:   00000122  A$main$679                         main
C:   00000122  C$LatticeScreen.c$25$1_0$29        main
C:   00000124  A$main$683                         main
C:   00000124  C$LatticeScreen.c$27$1_0$29        main
C:   00000126  A$main$688                         main
C:   00000126  C$LatticeScreen.c$28$1_0$29        main
C:   00000126  XG$LS_Init$0$0                     main
C:   00000127  A$main$704                         main
C:   00000127  C$LatticeScreen.c$30$1_0$30        main
C:   00000127  C$LatticeScreen.c$36$1_0$30        main
C:   00000127  G$LS_Deinit$0$0                    main
C:   00000127  _LS_Deinit                         main
C:   0000012A  A$main$707                         main
C:   0000012A  C$LatticeScreen.c$37$1_0$30        main
C:   0000012D  A$main$711                         main
C:   0000012D  C$LatticeScreen.c$40$1_0$30        main
C:   0000012F  A$main$715                         main
C:   0000012F  C$LatticeScreen.c$41$1_0$30        main
C:   00000131  A$main$719                         main
C:   00000131  C$LatticeScreen.c$44$1_0$30        main
C:   00000133  A$main$723                         main
C:   00000133  C$LatticeScreen.c$46$1_0$30        main
C:   00000135  A$main$728                         main
C:   00000135  C$LatticeScreen.c$47$1_0$30        main
C:   00000135  XG$LS_Deinit$0$0                   main
C:   00000136  A$main$743                         main
C:   00000136  C$LatticeScreen.c$49$1_0$32        main
C:   00000136  G$LS_595_DataOut$0$0               main
C:   00000136  _LS_595_DataOut                    main
C:   00000138  A$main$747                         main
C:   00000138  C$LatticeScreen.c$53$1_0$32        main
C:   0000013A  A$main$751                         main
C:   0000013A  C$LatticeScreen.c$54$1_0$32        main
C:   0000013C  A$main$754                         main
C:   0000013E  A$main$759                         main
C:   0000013E  C$LatticeScreen.c$58$3_0$34        main
C:   00000140  A$main$762                         main
ASxxxx Linker V03.00 + NoICE + sdld,  page 25.
Hexadecimal  [32-Bits]

Area                                    Addr        Size        Decimal Bytes (Attributes)
--------------------------------        ----        ----        ------- ----- ------------
CSEG                                00000116    00000638 =        1592. bytes (REL,CON,CODE)

      Value  Global                              Global Defined In Module
      -----  --------------------------------   ------------------------
C:   00000140  C$LatticeScreen.c$59$3_0$34        main
C:   00000142  A$main$763                         main
C:   00000144  A$main$764                         main
C:   00000146  A$main$765                         main
C:   00000148  A$main$766                         main
C:   0000014A  A$main$768                         main
C:   0000014B  A$main$769                         main
C:   0000014C  A$main$770                         main
C:   0000014D  A$main$771                         main
C:   0000014E  A$main$772                         main
C:   0000014F  A$main$773                         main
C:   00000150  A$main$775                         main
C:   00000153  A$main$776                         main
C:   00000155  A$main$777                         main
C:   00000157  A$main$778                         main
C:   00000158  A$main$779                         main
C:   0000015A  A$main$780                         main
C:   0000015B  A$main$781                         main
C:   0000015D  A$main$782                         main
C:   0000015E  A$main$783                         main
C:   0000015F  A$main$784                         main
C:   00000161  A$main$788                         main
C:   00000161  C$LatticeScreen.c$61$4_0$35        main
C:   00000163  A$main$789                         main
C:   00000165  A$main$794                         main
C:   00000165  C$LatticeScreen.c$65$4_0$36        main
C:   00000167  A$main$798                         main
C:   00000167  C$LatticeScreen.c$68$3_0$34        main
C:   00000169  A$main$799                         main
C:   0000016B  A$main$800                         main
C:   0000016D  A$main$801                         main
C:   0000016F  A$main$802                         main
C:   00000171  A$main$804                         main
C:   00000172  A$main$805                         main
C:   00000173  A$main$806                         main
C:   00000174  A$main$807                         main
C:   00000175  A$main$808                         main
C:   00000176  A$main$809                         main
C:   00000177  A$main$811                         main
C:   0000017A  A$main$812                         main
C:   0000017C  A$main$813                         main
C:   0000017E  A$main$814                         main
C:   0000017F  A$main$815                         main
C:   00000181  A$main$816                         main
C:   00000182  A$main$817                         main
C:   00000184  A$main$818                         main
C:   00000185  A$main$819                         main
C:   00000186  A$main$820                         main
C:   00000188  A$main$824                         main
C:   00000188  C$LatticeScreen.c$70$4_0$37        main
C:   0000018A  A$main$825                         main
ASxxxx Linker V03.00 + NoICE + sdld,  page 26.
Hexadecimal  [32-Bits]

Area                                    Addr        Size        Decimal Bytes (Attributes)
--------------------------------        ----        ----        ------- ----- ------------
CSEG                                00000116    00000638 =        1592. bytes (REL,CON,CODE)

      Value  Global                              Global Defined In Module
      -----  --------------------------------   ------------------------
C:   0000018C  A$main$830                         main
C:   0000018C  C$LatticeScreen.c$74$4_0$38        main
C:   0000018E  A$main$835                         main
C:   0000018E  C$LatticeScreen.c$77$3_0$34        main
C:   00000190  A$main$838                         main
C:   00000190  C$LatticeScreen.c$56$2_0$33        main
C:   00000191  A$main$839                         main
C:   00000194  A$main$841                         main
C:   00000196  A$main$845                         main
C:   00000196  C$LatticeScreen.c$80$1_0$32        main
C:   00000198  A$main$850                         main
C:   00000198  C$LatticeScreen.c$82$1_0$32        main
C:   00000198  XG$LS_595_DataOut$0$0              main
C:   00000199  A$main$864                         main
C:   00000199  C$LatticeScreen.c$85$1_0$40        main
C:   00000199  G$LS_DisplayOneCol$0$0             main
C:   00000199  _LS_DisplayOneCol                  main
C:   0000019B  A$main$867                         main
C:   0000019B  C$LatticeScreen.c$87$1_0$40        main
C:   0000019D  A$main$868                         main
C:   0000019F  A$main$869                         main
C:   000001A1  A$main$872                         main
C:   000001A1  C$LatticeScreen.c$89$2_0$41        main
C:   000001A3  A$main$873                         main
C:   000001A5  A$main$874                         main
C:   000001A7  A$main$875                         main
C:   000001A9  A$main$876                         main
C:   000001AB  A$main$878                         main
C:   000001AD  A$main$880                         main
C:   000001B0  A$main$881                         main
C:   000001B2  A$main$882                         main
C:   000001B3  A$main$883                         main
C:   000001B4  A$main$884                         main
C:   000001B6  A$main$885                         main
C:   000001B9  A$main$891                         main
C:   000001B9  C$LatticeScreen.c$92$1_0$40        main
C:   000001B9  XG$LS_DisplayOneCol$0$0            main
C:   000001BA  A$main$904                         main
C:   000001BA  C$LatticeScreen.c$96$1_0$42        main
C:   000001BA  C$LatticeScreen.c$99$1_0$42        main
C:   000001BA  G$LS_Refresh$0$0                   main
C:   000001BA  _LS_Refresh                        main
C:   000001BC  A$main$905                         main
C:   000001BD  A$main$906                         main
C:   000001BF  A$main$907                         main
C:   000001C0  A$main$908                         main
C:   000001C2  A$main$909                         main
C:   000001C4  A$main$910                         main
C:   000001C6  A$main$911                         main
C:   000001C8  A$main$912                         main
C:   000001C9  A$main$913                         main
ASxxxx Linker V03.00 + NoICE + sdld,  page 27.
Hexadecimal  [32-Bits]

Area                                    Addr        Size        Decimal Bytes (Attributes)
--------------------------------        ----        ----        ------- ----- ------------
CSEG                                00000116    00000638 =        1592. bytes (REL,CON,CODE)

      Value  Global                              Global Defined In Module
      -----  --------------------------------   ------------------------
C:   000001CA  A$main$914                         main
C:   000001CB  A$main$915                         main
C:   000001CD  A$main$916                         main
C:   000001D0  A$main$919                         main
C:   000001D0  C$LatticeScreen.c$100$1_0$42       main
C:   000001D2  A$main$920                         main
C:   000001D5  A$main$922                         main
C:   000001D7  A$main$925                         main
C:   000001D7  C$LatticeScreen.c$102$2_0$43       main
C:   000001D9  A$main$926                         main
C:   000001DB  A$main$932                         main
C:   000001DB  C$LatticeScreen.c$105$1_0$42       main
C:   000001DB  XG$LS_Refresh$0$0                  main
C:   000001DC  A$main$947                         main
C:   000001DC  C$LatticeScreen.c$208$1_0$45       main
C:   000001DC  G$LS_Show_Char_Font5x7$0$0         main
C:   000001DC  _LS_Show_Char_Font5x7              main
C:   000001DE  A$main$950                         main
C:   000001DE  C$LatticeScreen.c$210$1_0$45       main
C:   000001E1  A$main$952                         main
C:   000001E3  A$main$955                         main
C:   000001E3  C$LatticeScreen.c$211$1_0$45       main
C:   000001E6  A$main$959                         main
C:   000001E6  C$LatticeScreen.c$212$1_0$45       main
C:   000001E8  A$main$960                         main
C:   000001EA  A$main$963                         main
C:   000001EA  C$LatticeScreen.c$213$1_0$45       main
C:   000001EC  A$main$964                         main
C:   000001EE  A$main$967                         main
C:   000001EE  C$LatticeScreen.c$214$1_0$45       main
C:   000001F0  A$main$970                         main
C:   000001F0  C$LatticeScreen.c$217$1_1$46       main
C:   000001F1  A$main$971                         main
C:   000001F2  A$main$972                         main
C:   000001F3  A$main$973                         main
C:   000001F4  A$main$974                         main
C:   000001F6  A$main$975                         main
C:   000001F8  A$main$976                         main
C:   000001F9  A$main$977                         main
C:   000001FB  A$main$978                         main
C:   000001FD  A$main$979                         main
C:   00000200  A$main$980                         main
C:   00000203  A$main$981                         main
C:   00000205  A$main$982                         main
C:   00000207  A$main$985                         main
C:   00000209  A$main$989                         main
C:   00000209  C$LatticeScreen.c$222$3_1$48       main
C:   0000020B  A$main$990                         main
C:   0000020D  A$main$991                         main
C:   0000020E  A$main$992                         main
C:   00000210  A$main$993                         main
ASxxxx Linker V03.00 + NoICE + sdld,  page 28.
Hexadecimal  [32-Bits]

Area                                    Addr        Size        Decimal Bytes (Attributes)
--------------------------------        ----        ----        ------- ----- ------------
CSEG                                00000116    00000638 =        1592. bytes (REL,CON,CODE)

      Value  Global                              Global Defined In Module
      -----  --------------------------------   ------------------------
C:   00000211  A$main$996                         main
C:   00000211  C$LatticeScreen.c$223$3_1$48       main
C:   00000213  A$main$997                         main
C:   00000215  A$main$998                         main
C:   00000216  A$main$999                         main
C:   00000217  A$main$1000                        main
C:   00000218  A$main$1001                        main
C:   00000219  A$main$1002                        main
C:   0000021A  A$main$1003                        main
C:   0000021B  A$main$1004                        main
C:   0000021C  A$main$1005                        main
C:   0000021E  A$main$1006                        main
C:   00000220  A$main$1007                        main
C:   00000221  A$main$1008                        main
C:   00000223  A$main$1009                        main
C:   00000225  A$main$1010                        main
C:   00000226  A$main$1011                        main
C:   00000227  A$main$1012                        main
C:   0000022A  A$main$1013                        main
C:   0000022C  A$main$1014                        main
C:   0000022E  A$main$1015                        main
C:   00000230  A$main$1017                        main
C:   00000232  A$main$1018                        main
C:   00000234  A$main$1022                        main
C:   00000234  C$LatticeScreen.c$224$3_1$48       main
C:   00000236  A$main$1023                        main
C:   00000238  A$main$1024                        main
C:   00000239  A$main$1025                        main
C:   0000023A  A$main$1026                        main
C:   0000023B  A$main$1027                        main
C:   0000023C  A$main$1028                        main
C:   0000023D  A$main$1029                        main
C:   0000023E  A$main$1030                        main
C:   0000023F  A$main$1031                        main
C:   00000241  A$main$1032                        main
C:   00000243  A$main$1033                        main
C:   00000244  A$main$1034                        main
C:   00000246  A$main$1035                        main
C:   00000248  A$main$1036                        main
C:   00000249  A$main$1037                        main
C:   0000024A  A$main$1038                        main
C:   0000024D  A$main$1039                        main
C:   0000024F  A$main$1040                        main
C:   00000251  A$main$1041                        main
C:   00000253  A$main$1043                        main
C:   00000255  A$main$1044                        main
C:   00000257  A$main$1046                        main
C:   00000258  A$main$1047                        main
C:   00000259  A$main$1048                        main
C:   0000025A  A$main$1051                        main
C:   0000025A  C$LatticeScreen.c$225$3_1$48       main
ASxxxx Linker V03.00 + NoICE + sdld,  page 29.
Hexadecimal  [32-Bits]

Area                                    Addr        Size        Decimal Bytes (Attributes)
--------------------------------        ----        ----        ------- ----- ------------
CSEG                                00000116    00000638 =        1592. bytes (REL,CON,CODE)

      Value  Global                              Global Defined In Module
      -----  --------------------------------   ------------------------
C:   0000025C  A$main$1052                        main
C:   0000025E  A$main$1053                        main
C:   0000025F  A$main$1054                        main
C:   00000260  A$main$1055                        main
C:   00000261  A$main$1056                        main
C:   00000262  A$main$1057                        main
C:   00000263  A$main$1058                        main
C:   00000264  A$main$1059                        main
C:   00000265  A$main$1060                        main
C:   00000267  A$main$1061                        main
C:   00000269  A$main$1062                        main
C:   0000026A  A$main$1063                        main
C:   0000026C  A$main$1064                        main
C:   0000026E  A$main$1065                        main
C:   0000026F  A$main$1066                        main
C:   00000270  A$main$1067                        main
C:   00000273  A$main$1068                        main
C:   00000275  A$main$1069                        main
C:   00000277  A$main$1070                        main
C:   00000279  A$main$1072                        main
C:   0000027B  A$main$1073                        main
C:   0000027D  A$main$1075                        main
C:   0000027E  A$main$1076                        main
C:   0000027F  A$main$1077                        main
C:   00000280  A$main$1080                        main
C:   00000280  C$LatticeScreen.c$226$3_1$48       main
C:   00000282  A$main$1081                        main
C:   00000284  A$main$1082                        main
C:   00000285  A$main$1083                        main
C:   00000286  A$main$1084                        main
C:   00000287  A$main$1085                        main
C:   00000288  A$main$1086                        main
C:   00000289  A$main$1087                        main
C:   0000028A  A$main$1088                        main
C:   0000028B  A$main$1089                        main
C:   0000028D  A$main$1090                        main
C:   0000028F  A$main$1091                        main
C:   00000290  A$main$1092                        main
C:   00000292  A$main$1093                        main
C:   00000294  A$main$1094                        main
C:   00000295  A$main$1095                        main
C:   00000296  A$main$1096                        main
C:   00000299  A$main$1097                        main
C:   0000029B  A$main$1098                        main
C:   0000029D  A$main$1099                        main
C:   0000029F  A$main$1101                        main
C:   000002A1  A$main$1102                        main
C:   000002A3  A$main$1104                        main
C:   000002A4  A$main$1105                        main
C:   000002A5  A$main$1106                        main
C:   000002A6  A$main$1109                        main
ASxxxx Linker V03.00 + NoICE + sdld,  page 30.
Hexadecimal  [32-Bits]

Area                                    Addr        Size        Decimal Bytes (Attributes)
--------------------------------        ----        ----        ------- ----- ------------
CSEG                                00000116    00000638 =        1592. bytes (REL,CON,CODE)

      Value  Global                              Global Defined In Module
      -----  --------------------------------   ------------------------
C:   000002A6  C$LatticeScreen.c$227$3_1$48       main
C:   000002A8  A$main$1110                        main
C:   000002AA  A$main$1111                        main
C:   000002AB  A$main$1112                        main
C:   000002AC  A$main$1113                        main
C:   000002AD  A$main$1114                        main
C:   000002AE  A$main$1115                        main
C:   000002AF  A$main$1116                        main
C:   000002B0  A$main$1117                        main
C:   000002B1  A$main$1118                        main
C:   000002B3  A$main$1119                        main
C:   000002B5  A$main$1120                        main
C:   000002B6  A$main$1121                        main
C:   000002B8  A$main$1122                        main
C:   000002BA  A$main$1123                        main
C:   000002BB  A$main$1124                        main
C:   000002BC  A$main$1125                        main
C:   000002BF  A$main$1126                        main
C:   000002C1  A$main$1127                        main
C:   000002C3  A$main$1128                        main
C:   000002C5  A$main$1130                        main
C:   000002C7  A$main$1131                        main
C:   000002C9  A$main$1133                        main
C:   000002CA  A$main$1134                        main
C:   000002CB  A$main$1135                        main
C:   000002CC  A$main$1138                        main
C:   000002CC  C$LatticeScreen.c$228$3_1$48       main
C:   000002CE  A$main$1139                        main
C:   000002D0  A$main$1140                        main
C:   000002D1  A$main$1141                        main
C:   000002D2  A$main$1142                        main
C:   000002D3  A$main$1143                        main
C:   000002D4  A$main$1144                        main
C:   000002D5  A$main$1145                        main
C:   000002D6  A$main$1146                        main
C:   000002D7  A$main$1147                        main
C:   000002D9  A$main$1148                        main
C:   000002DB  A$main$1149                        main
C:   000002DC  A$main$1150                        main
C:   000002DE  A$main$1151                        main
C:   000002E0  A$main$1152                        main
C:   000002E1  A$main$1153                        main
C:   000002E2  A$main$1154                        main
C:   000002E5  A$main$1155                        main
C:   000002E7  A$main$1156                        main
C:   000002E9  A$main$1157                        main
C:   000002EB  A$main$1159                        main
C:   000002ED  A$main$1160                        main
C:   000002EF  A$main$1162                        main
C:   000002F0  A$main$1163                        main
C:   000002F1  A$main$1164                        main
ASxxxx Linker V03.00 + NoICE + sdld,  page 31.
Hexadecimal  [32-Bits]

Area                                    Addr        Size        Decimal Bytes (Attributes)
--------------------------------        ----        ----        ------- ----- ------------
CSEG                                00000116    00000638 =        1592. bytes (REL,CON,CODE)

      Value  Global                              Global Defined In Module
      -----  --------------------------------   ------------------------
C:   000002F2  A$main$1167                        main
C:   000002F2  C$LatticeScreen.c$229$3_1$48       main
C:   000002F4  A$main$1168                        main
C:   000002F6  A$main$1169                        main
C:   000002F7  A$main$1170                        main
C:   000002F8  A$main$1171                        main
C:   000002F9  A$main$1172                        main
C:   000002FA  A$main$1173                        main
C:   000002FB  A$main$1174                        main
C:   000002FC  A$main$1175                        main
C:   000002FD  A$main$1176                        main
C:   000002FF  A$main$1177                        main
C:   00000301  A$main$1178                        main
C:   00000302  A$main$1179                        main
C:   00000304  A$main$1180                        main
C:   00000306  A$main$1181                        main
C:   00000307  A$main$1182                        main
C:   00000308  A$main$1183                        main
C:   0000030B  A$main$1184                        main
C:   0000030D  A$main$1185                        main
C:   0000030F  A$main$1186                        main
C:   00000311  A$main$1188                        main
C:   00000313  A$main$1189                        main
C:   00000315  A$main$1191                        main
C:   00000316  A$main$1192                        main
C:   00000317  A$main$1193                        main
C:   00000318  A$main$1196                        main
C:   00000318  C$LatticeScreen.c$230$3_1$48       main
C:   0000031A  A$main$1197                        main
C:   0000031C  A$main$1198                        main
C:   0000031D  A$main$1199                        main
C:   0000031E  A$main$1200                        main
C:   0000031F  A$main$1201                        main
C:   00000320  A$main$1202                        main
C:   00000321  A$main$1203                        main
C:   00000322  A$main$1204                        main
C:   00000323  A$main$1205                        main
C:   00000325  A$main$1206                        main
C:   00000327  A$main$1207                        main
C:   00000328  A$main$1208                        main
C:   0000032A  A$main$1209                        main
C:   0000032C  A$main$1210                        main
C:   0000032D  A$main$1211                        main
C:   0000032E  A$main$1212                        main
C:   00000331  A$main$1213                        main
C:   00000333  A$main$1214                        main
C:   00000335  A$main$1215                        main
C:   00000337  A$main$1217                        main
C:   00000339  A$main$1218                        main
C:   0000033B  A$main$1220                        main
C:   0000033C  A$main$1221                        main
ASxxxx Linker V03.00 + NoICE + sdld,  page 32.
Hexadecimal  [32-Bits]

Area                                    Addr        Size        Decimal Bytes (Attributes)
--------------------------------        ----        ----        ------- ----- ------------
CSEG                                00000116    00000638 =        1592. bytes (REL,CON,CODE)

      Value  Global                              Global Defined In Module
      -----  --------------------------------   ------------------------
C:   0000033D  A$main$1222                        main
C:   0000033E  A$main$1225                        main
C:   0000033E  C$LatticeScreen.c$218$2_1$47       main
C:   0000033F  A$main$1226                        main
C:   00000342  A$main$1228                        main
C:   00000344  A$main$1229                        main
C:   00000347  A$main$1236                        main
C:   00000347  C$LatticeScreen.c$234$2_1$45       main
C:   00000347  XG$LS_Show_Char_Font5x7$0$0        main
C:   00000348  A$main$1253                        main
C:   00000348  C$main.c$25$2_1$49                 main
C:   00000348  C$main.c$28$1_0$49                 main
C:   00000348  G$systick_init$0$0                 main
C:   00000348  _systick_init                      main
C:   0000034B  A$main$1256                        main
C:   0000034B  C$main.c$29$1_0$49                 main
C:   0000034E  A$main$1259                        main
C:   0000034E  C$main.c$30$1_0$49                 main
C:   00000351  A$main$1262                        main
C:   00000351  C$main.c$31$1_0$49                 main
C:   00000354  A$main$1266                        main
C:   00000354  C$main.c$32$1_0$49                 main
C:   00000356  A$main$1270                        main
C:   00000356  C$main.c$33$1_0$49                 main
C:   00000358  A$main$1274                        main
C:   00000358  C$main.c$34$1_0$49                 main
C:   0000035A  A$main$1277                        main
C:   0000035A  C$main.c$39$1_1$50                 main
C:   0000035D  A$main$1280                        main
C:   0000035D  C$main.c$40$1_1$50                 main
C:   00000360  A$main$1285                        main
C:   00000360  C$main.c$42$1_1$49                 main
C:   00000360  XG$systick_init$0$0                main
C:   00000361  A$main$1304                        main
C:   00000361  C$main.c$46$1_1$52                 main
C:   00000361  G$systick_interrupt$0$0            main
C:   00000361  _systick_interrupt                 main
C:   00000363  A$main$1305                        main
C:   00000365  A$main$1306                        main
C:   00000367  A$main$1307                        main
C:   00000369  A$main$1308                        main
C:   0000036B  A$main$1309                        main
C:   0000036D  A$main$1310                        main
C:   0000036F  A$main$1311                        main
C:   00000371  A$main$1312                        main
C:   00000373  A$main$1313                        main
C:   00000375  A$main$1314                        main
C:   00000377  A$main$1315                        main
C:   00000379  A$main$1316                        main
C:   0000037B  A$main$1317                        main
C:   0000037D  A$main$1318                        main
ASxxxx Linker V03.00 + NoICE + sdld,  page 33.
Hexadecimal  [32-Bits]

Area                                    Addr        Size        Decimal Bytes (Attributes)
--------------------------------        ----        ----        ------- ----- ------------
CSEG                                00000116    00000638 =        1592. bytes (REL,CON,CODE)

      Value  Global                              Global Defined In Module
      -----  --------------------------------   ------------------------
C:   00000380  A$main$1321                        main
C:   00000380  C$main.c$48$1_0$52                 main
C:   00000382  A$main$1322                        main
C:   00000383  A$main$1323                        main
C:   00000386  A$main$1324                        main
C:   00000387  A$main$1325                        main
C:   00000388  A$main$1326                        main
C:   0000038B  A$main$1327                        main
C:   0000038C  A$main$1328                        main
C:   0000038D  A$main$1329                        main
C:   00000390  A$main$1330                        main
C:   00000391  A$main$1331                        main
C:   00000392  A$main$1332                        main
C:   00000395  A$main$1333                        main
C:   00000396  A$main$1334                        main
C:   00000397  A$main$1335                        main
C:   0000039A  A$main$1336                        main
C:   0000039B  A$main$1337                        main
C:   0000039C  A$main$1338                        main
C:   0000039F  A$main$1339                        main
C:   000003A0  A$main$1340                        main
C:   000003A1  A$main$1341                        main
C:   000003A4  A$main$1342                        main
C:   000003A5  A$main$1343                        main
C:   000003A6  A$main$1347                        main
C:   000003A6  C$main.c$51$1_0$52                 main
C:   000003A8  A$main$1350                        main
C:   000003A8  C$main.c$53$1_0$52                 main
C:   000003AB  A$main$1351                        main
C:   000003AE  A$main$1352                        main
C:   000003B1  A$main$1355                        main
C:   000003B3  A$main$1356                        main
C:   000003B5  A$main$1357                        main
C:   000003B7  A$main$1358                        main
C:   000003B9  A$main$1359                        main
C:   000003BB  A$main$1360                        main
C:   000003BD  A$main$1361                        main
C:   000003BF  A$main$1362                        main
C:   000003C1  A$main$1363                        main
C:   000003C3  A$main$1364                        main
C:   000003C5  A$main$1365                        main
C:   000003C7  A$main$1366                        main
C:   000003C9  A$main$1367                        main
C:   000003CB  A$main$1368                        main
C:   000003CD  A$main$1371                        main
C:   000003CD  C$main.c$54$1_0$52                 main
C:   000003CD  XG$systick_interrupt$0$0           main
C:   000003CE  A$main$1398                        main
C:   000003CE  C$main.c$70$1_0$53                 main
C:   000003CE  C$main.c$77$1_0$53                 main
C:   000003CE  G$Uart_Init$0$0                    main
ASxxxx Linker V03.00 + NoICE + sdld,  page 34.
Hexadecimal  [32-Bits]

Area                                    Addr        Size        Decimal Bytes (Attributes)
--------------------------------        ----        ----        ------- ----- ------------
CSEG                                00000116    00000638 =        1592. bytes (REL,CON,CODE)

      Value  Global                              Global Defined In Module
      -----  --------------------------------   ------------------------
C:   000003CE  _Uart_Init                         main
C:   000003D1  A$main$1401                        main
C:   000003D1  C$main.c$78$1_0$53                 main
C:   000003D4  A$main$1404                        main
C:   000003D4  C$main.c$79$1_0$53                 main
C:   000003D7  A$main$1407                        main
C:   000003D7  C$main.c$91$1_0$53                 main
C:   000003DA  A$main$1410                        main
C:   000003DA  C$main.c$98$1_0$53                 main
C:   000003DD  A$main$1413                        main
C:   000003DD  C$main.c$99$1_0$53                 main
C:   000003E0  A$main$1416                        main
C:   000003E0  C$main.c$100$1_0$53                main
C:   000003E3  A$main$1419                        main
C:   000003E3  C$main.c$101$1_0$53                main
C:   000003E6  A$main$1423                        main
C:   000003E6  C$main.c$102$1_0$53                main
C:   000003E8  A$main$1426                        main
C:   000003E8  C$main.c$104$1_0$53                main
C:   000003EB  A$main$1430                        main
C:   000003EB  C$main.c$106$1_0$53                main
C:   000003ED  A$main$1435                        main
C:   000003ED  C$main.c$107$1_0$53                main
C:   000003ED  XG$Uart_Init$0$0                   main
C:   000003EE  A$main$1446                        main
C:   000003EE  C$main.c$114$1_0$54                main
C:   000003EE  G$Uart_Timer2_Interrupt$0$0        main
C:   000003EE  _Uart_Timer2_Interrupt             main
C:   000003F0  A$main$1447                        main
C:   000003F2  A$main$1448                        main
C:   000003F4  A$main$1449                        main
C:   000003F6  A$main$1450                        main
C:   000003F8  A$main$1451                        main
C:   000003FA  A$main$1452                        main
C:   000003FC  A$main$1453                        main
C:   000003FE  A$main$1454                        main
C:   00000400  A$main$1455                        main
C:   00000402  A$main$1456                        main
C:   00000404  A$main$1457                        main
C:   00000406  A$main$1458                        main
C:   00000408  A$main$1459                        main
C:   0000040A  A$main$1460                        main
C:   0000040D  A$main$1463                        main
C:   0000040D  C$main.c$116$1_0$54                main
C:   0000040F  A$main$1464                        main
C:   00000410  A$main$1465                        main
C:   00000412  A$main$1468                        main
C:   00000412  C$main.c$118$2_0$55                main
C:   00000414  A$main$1469                        main
C:   00000415  A$main$1472                        main
C:   00000415  C$main.c$119$2_0$55                main
ASxxxx Linker V03.00 + NoICE + sdld,  page 35.
Hexadecimal  [32-Bits]

Area                                    Addr        Size        Decimal Bytes (Attributes)
--------------------------------        ----        ----        ------- ----- ------------
CSEG                                00000116    00000638 =        1592. bytes (REL,CON,CODE)

      Value  Global                              Global Defined In Module
      -----  --------------------------------   ------------------------
C:   00000418  A$main$1473                        main
C:   0000041B  A$main$1474                        main
C:   0000041D  A$main$1475                        main
C:   0000041F  A$main$1476                        main
C:   00000420  A$main$1477                        main
C:   00000421  A$main$1478                        main
C:   00000422  A$main$1479                        main
C:   00000424  A$main$1483                        main
C:   00000424  C$main.c$120$2_0$55                main
C:   00000426  A$main$1484                        main
C:   00000427  A$main$1485                        main
C:   00000429  A$main$1486                        main
C:   0000042B  A$main$1487                        main
C:   0000042E  A$main$1488                        main
C:   00000430  A$main$1489                        main
C:   00000432  A$main$1492                        main
C:   00000432  C$main.c$122$3_0$56                main
C:   00000434  A$main$1493                        main
C:   00000436  A$main$1494                        main
C:   00000439  A$main$1495                        main
C:   0000043C  A$main$1496                        main
C:   0000043F  A$main$1499                        main
C:   0000043F  C$main.c$123$3_0$56                main
C:   00000441  A$main$1500                        main
C:   00000443  A$main$1503                        main
C:   00000443  C$main.c$124$3_0$56                main
C:   00000445  A$main$1504                        main
C:   00000447  A$main$1508                        main
C:   00000449  A$main$1509                        main
C:   0000044B  A$main$1510                        main
C:   0000044D  A$main$1511                        main
C:   0000044F  A$main$1512                        main
C:   00000451  A$main$1513                        main
C:   00000453  A$main$1514                        main
C:   00000455  A$main$1515                        main
C:   00000457  A$main$1516                        main
C:   00000459  A$main$1517                        main
C:   0000045B  A$main$1518                        main
C:   0000045D  A$main$1519                        main
C:   0000045F  A$main$1520                        main
C:   00000461  A$main$1521                        main
C:   00000463  A$main$1524                        main
C:   00000463  C$main.c$127$1_0$54                main
C:   00000463  XG$Uart_Timer2_Interrupt$0$0       main
C:   00000464  A$main$1537                        main
C:   00000464  C$main.c$129$1_0$58                main
C:   00000464  G$Uart_Send$0$0                    main
C:   00000464  _Uart_Send                         main
C:   00000466  A$main$1541                        main
C:   00000466  C$main.c$131$1_0$58                main
C:   00000469  A$main$1544                        main
ASxxxx Linker V03.00 + NoICE + sdld,  page 36.
Hexadecimal  [32-Bits]

Area                                    Addr        Size        Decimal Bytes (Attributes)
--------------------------------        ----        ----        ------- ----- ------------
CSEG                                00000116    00000638 =        1592. bytes (REL,CON,CODE)

      Value  Global                              Global Defined In Module
      -----  --------------------------------   ------------------------
C:   00000469  C$main.c$132$1_0$58                main
C:   0000046B  A$main$1547                        main
C:   0000046B  C$main.c$133$1_0$58                main
C:   0000046D  A$main$1551                        main
C:   0000046D  C$main.c$149$1_0$58                main
C:   0000046F  A$main$1554                        main
C:   0000046F  C$main.c$150$1_0$58                main
C:   00000472  A$main$1559                        main
C:   00000472  C$main.c$151$1_0$58                main
C:   00000472  XG$Uart_Send$0$0                   main
C:   00000473  A$main$1570                        main
C:   00000473  C$main.c$155$1_0$62                main
C:   00000473  G$Uart_Interrupt$0$0               main
C:   00000473  _Uart_Interrupt                    main
C:   00000475  A$main$1571                        main
C:   00000477  A$main$1572                        main
C:   00000479  A$main$1573                        main
C:   0000047B  A$main$1574                        main
C:   0000047D  A$main$1575                        main
C:   0000047F  A$main$1576                        main
C:   00000481  A$main$1577                        main
C:   00000483  A$main$1578                        main
C:   00000485  A$main$1579                        main
C:   00000487  A$main$1580                        main
C:   00000489  A$main$1581                        main
C:   0000048B  A$main$1582                        main
C:   0000048D  A$main$1583                        main
C:   0000048F  A$main$1584                        main
C:   00000492  A$main$1590                        main
C:   00000492  C$main.c$157$1_0$62                main
C:   00000492  C$main.c$159$2_0$63                main
C:   00000495  A$main$1591                        main
C:   00000497  A$main$1596                        main
C:   00000497  C$main.c$160$2_0$63                main
C:   00000499  A$main$1600                        main
C:   00000499  C$main.c$162$1_0$62                main
C:   0000049C  A$main$1603                        main
C:   0000049C  C$main.c$177$2_0$64                main
C:   0000049E  A$main$1604                        main
C:   000004A0  A$main$1605                        main
C:   000004A2  A$main$1606                        main
C:   000004A3  A$main$1607                        main
C:   000004A4  A$main$1608                        main
C:   000004A5  A$main$1609                        main
C:   000004A6  A$main$1610                        main
C:   000004A8  A$main$1611                        main
C:   000004A9  A$main$1612                        main
C:   000004AB  A$main$1615                        main
C:   000004AB  C$main.c$178$2_0$64                main
C:   000004AE  A$main$1619                        main
C:   000004AE  C$main.c$180$3_0$65                main
ASxxxx Linker V03.00 + NoICE + sdld,  page 37.
Hexadecimal  [32-Bits]

Area                                    Addr        Size        Decimal Bytes (Attributes)
--------------------------------        ----        ----        ------- ----- ------------
CSEG                                00000116    00000638 =        1592. bytes (REL,CON,CODE)

      Value  Global                              Global Defined In Module
      -----  --------------------------------   ------------------------
C:   000004B0  A$main$1623                        main
C:   000004B0  C$main.c$182$2_0$64                main
C:   000004B2  A$main$1624                        main
C:   000004B5  A$main$1626                        main
C:   000004B7  A$main$1629                        main
C:   000004B7  C$main.c$184$3_0$66                main
C:   000004BA  A$main$1630                        main
C:   000004BD  A$main$1631                        main
C:   000004C0  A$main$1632                        main
C:   000004C3  A$main$1635                        main
C:   000004C3  C$main.c$185$3_0$66                main
C:   000004C5  A$main$1636                        main
C:   000004C7  A$main$1639                        main
C:   000004C7  C$main.c$186$3_0$66                main
C:   000004C9  A$main$1640                        main
C:   000004CB  A$main$1644                        main
C:   000004CB  C$main.c$188$2_0$64                main
C:   000004CD  A$main$1645                        main
C:   000004CF  A$main$1649                        main
C:   000004CF  C$main.c$189$2_0$64                main
C:   000004D1  A$main$1653                        main
C:   000004D3  A$main$1654                        main
C:   000004D5  A$main$1655                        main
C:   000004D7  A$main$1656                        main
C:   000004D9  A$main$1657                        main
C:   000004DB  A$main$1658                        main
C:   000004DD  A$main$1659                        main
C:   000004DF  A$main$1660                        main
C:   000004E1  A$main$1661                        main
C:   000004E3  A$main$1662                        main
C:   000004E5  A$main$1663                        main
C:   000004E7  A$main$1664                        main
C:   000004E9  A$main$1665                        main
C:   000004EB  A$main$1666                        main
C:   000004ED  A$main$1669                        main
C:   000004ED  C$main.c$192$1_0$62                main
C:   000004ED  XG$Uart_Interrupt$0$0              main
C:   000004EE  A$main$1682                        main
C:   000004EE  C$main.c$194$1_0$67                main
C:   000004EE  C$main.c$196$1_0$67                main
C:   000004EE  G$Check_Uart_Echo$0$0              main
C:   000004EE  _Check_Uart_Echo                   main
C:   000004F1  A$main$1685                        main
C:   000004F1  C$main.c$198$2_0$68                main
C:   000004F4  A$main$1689                        main
C:   000004F4  C$main.c$201$3_0$69                main
C:   000004F6  A$main$1690                        main
C:   000004F8  A$main$1691                        main
C:   000004F9  A$main$1692                        main
C:   000004FA  A$main$1693                        main
C:   000004FB  A$main$1694                        main
ASxxxx Linker V03.00 + NoICE + sdld,  page 38.
Hexadecimal  [32-Bits]

Area                                    Addr        Size        Decimal Bytes (Attributes)
--------------------------------        ----        ----        ------- ----- ------------
CSEG                                00000116    00000638 =        1592. bytes (REL,CON,CODE)

      Value  Global                              Global Defined In Module
      -----  --------------------------------   ------------------------
C:   000004FD  A$main$1697                        main
[...]
--------------------------------        ----        ----        ------- ----- ------------
CSEG                                00000116    00000638 =        1592. bytes (REL,CON,CODE)

      Value  Global                              Global Defined In Module
      -----  --------------------------------   ------------------------
C:   000005C0  A$main$1930                        main
C:   000005C0  C$main.c$264$1_0$77                main
C:   000005C2  A$main$1931                        main
C:   000005C5  A$main$1932                        main
C:   000005C6  A$main$1933                        main
C:   000005C9  A$main$1934                        main
C:   000005CB  A$main$1936                        main
C:   000005CD  A$main$1940                        main
C:   000005CD  C$main.c$266$2_0$78                main
C:   000005CF  A$main$1941                        main
C:   000005D2  A$main$1943                        main
C:   000005D4  A$main$1944                        main
C:   000005D7  A$main$1946                        main
C:   000005D9  A$main$1949                        main
C:   000005D9  C$main.c$268$3_0$79                main
C:   000005DB  A$main$1950                        main
C:   000005DD  A$main$1951                        main
C:   000005E0  A$main$1952                        main
C:   000005E2  A$main$1956                        main
C:   000005E2  C$main.c$271$2_0$78                main
C:   000005E4  A$main$1957                        main
C:   000005E7  A$main$1960                        main
C:   000005E7  C$main.c$273$3_0$80                main
C:   000005EA  A$main$1964                        main
C:   000005EA  C$main.c$275$4_0$81                main
C:   000005EC  A$main$1969                        main
C:   000005EC  C$main.c$277$3_0$80                main
C:   000005EE  A$main$1973                        main
C:   000005EE  C$main.c$279$2_0$78                main
C:   000005EF  A$main$1974                        main
C:   000005F1  A$main$1978                        main
C:   000005F1  C$main.c$281$3_0$82                main
C:   000005F3  A$main$1982                        main
C:   000005F3  C$main.c$284$1_0$77                main
C:   000005F5  A$main$1983                        main
C:   000005F8  A$main$1984                        main
C:   000005F9  A$main$1985                        main
C:   000005FC  A$main$1986                        main
C:   000005FE  A$main$1988                        main
C:   00000600  A$main$1992                        main
C:   00000600  C$main.c$286$2_0$83                main
C:   00000603  A$main$1996                        main
C:   00000603  C$main.c$288$3_0$84                main
C:   00000605  A$main$1999                        main
C:   00000605  C$main.c$289$3_0$84                main
C:   00000606  A$main$2000                        main
C:   00000607  A$main$2001                        main
C:   00000608  A$main$2002                        main
C:   0000060A  A$main$2005                        main
C:   0000060A  C$main.c$290$3_0$84                main
C:   0000060C  A$main$2006                        main
ASxxxx Linker V03.00 + NoICE + sdld,  page 42.
Hexadecimal  [32-Bits]

Area                                    Addr        Size        Decimal Bytes (Attributes)
--------------------------------        ----        ----        ------- ----- ------------
CSEG                                00000116    00000638 =        1592. bytes (REL,CON,CODE)

      Value  Global                              Global Defined In Module
      -----  --------------------------------   ------------------------
C:   0000060E  A$main$2009                        main
C:   0000060E  C$main.c$291$3_0$84                main
C:   00000610  A$main$2010                        main
C:   00000612  A$main$2011                        main
C:   00000613  A$main$2012                        main
C:   00000614  A$main$2013                        main
C:   00000615  A$main$2014                        main
C:   00000616  A$main$2015                        main
C:   00000617  A$main$2016                        main
C:   00000618  A$main$2017                        main
C:   0000061A  A$main$2018                        main
C:   0000061C  A$main$2019                        main
C:   0000061D  A$main$2020                        main
C:   0000061F  A$main$2024                        main
C:   0000061F  C$main.c$294$1_0$77                main
C:   00000621  A$main$2025                        main
C:   00000624  A$main$2026                        main
C:   00000625  A$main$2027                        main
C:   00000628  A$main$2028                        main
C:   0000062A  A$main$2030                        main
C:   0000062C  A$main$2034                        main
C:   0000062C  C$main.c$296$2_0$85                main
C:   0000062E  A$main$2035                        main
C:   00000630  A$main$2036                        main
C:   00000631  A$main$2037                        main
C:   00000632  A$main$2038                        main
C:   00000633  A$main$2039                        main
C:   00000635  A$main$2040                        main
C:   00000637  A$main$2041                        main
C:   00000638  A$main$2042                        main
C:   00000639  A$main$2043                        main
C:   0000063A  A$main$2044                        main
C:   0000063B  A$main$2045                        main
C:   0000063C  A$main$2046                        main
C:   0000063D  A$main$2049                        main
C:   0000063D  C$main.c$297$2_0$85                main
C:   0000063F  A$main$2050                        main
C:   00000640  A$main$2051                        main
C:   00000643  A$main$2052                        main
C:   00000644  A$main$2053                        main
C:   00000645  A$main$2054                        main
C:   00000648  A$main$2055                        main
C:   0000064A  A$main$2057                        main
C:   0000064C  A$main$2061                        main
C:   0000064C  C$main.c$299$3_0$86                main
C:   0000064E  A$main$2062                        main
C:   0000064F  A$main$2063                        main
C:   00000650  A$main$2064                        main
C:   00000652  A$main$2065                        main
C:   00000655  A$main$2067                        main
C:   00000657  A$main$2068                        main
ASxxxx Linker V03.00 + NoICE + sdld,  page 43.
Hexadecimal  [32-Bits]

Area                                    Addr        Size        Decimal Bytes (Attributes)
--------------------------------        ----        ----        ------- ----- ------------
CSEG                                00000116    00000638 =        1592. bytes (REL,CON,CODE)

      Value  Global                              Global Defined In Module
      -----  --------------------------------   ------------------------
C:   0000065A  A$main$2070                        main
C:   0000065C  A$main$2073                        main
C:   0000065C  C$main.c$301$4_0$87                main
C:   0000065E  A$main$2074                        main
C:   00000660  A$main$2075                        main
C:   00000662  A$main$2076                        main
C:   00000665  A$main$2077                        main
C:   00000667  A$main$2078                        main
C:   00000669  A$main$2082                        main
C:   00000669  C$main.c$304$3_0$86                main
C:   0000066B  A$main$2083                        main
C:   0000066E  A$main$2087                        main
C:   0000066E  C$main.c$306$4_0$88                main
C:   00000670  A$main$2091                        main
C:   00000670  C$main.c$308$3_0$86                main
C:   00000671  A$main$2092                        main
C:   00000673  A$main$2096                        main
C:   00000673  C$main.c$310$4_0$89                main
C:   00000675  A$main$2100                        main
C:   00000675  C$main.c$315$1_0$77                main
C:   00000677  A$main$2101                        main
C:   0000067A  A$main$2102                        main
C:   0000067B  A$main$2103                        main
C:   0000067E  A$main$2104                        main
C:   00000680  A$main$2106                        main
C:   00000682  A$main$2110                        main
C:   00000684  A$main$2114                        main
C:   00000684  C$main.c$320$4_0$92                main
C:   00000685  A$main$2115                        main
C:   00000687  A$main$2116                        main
C:   00000688  A$main$2117                        main
C:   00000689  A$main$2118                        main
C:   0000068A  A$main$2119                        main
C:   0000068B  A$main$2120                        main
C:   0000068D  A$main$2121                        main
C:   0000068F  A$main$2122                        main
C:   00000691  A$main$2123                        main
C:   00000693  A$main$2124                        main
C:   00000695  A$main$2127                        main
C:   00000695  C$main.c$318$3_0$91                main
C:   00000696  A$main$2128                        main
C:   00000699  A$main$2130                        main
C:   0000069B  A$main$2134                        main
C:   0000069B  C$main.c$324$1_0$77                main
C:   0000069D  A$main$2135                        main
C:   000006A0  A$main$2136                        main
C:   000006A1  A$main$2137                        main
C:   000006A4  A$main$2138                        main
C:   000006A6  A$main$2140                        main
C:   000006A8  A$main$2144                        main
C:   000006A8  C$main.c$326$2_0$93                main
ASxxxx Linker V03.00 + NoICE + sdld,  page 44.
Hexadecimal  [32-Bits]

Area                                    Addr        Size        Decimal Bytes (Attributes)
--------------------------------        ----        ----        ------- ----- ------------
CSEG                                00000116    00000638 =        1592. bytes (REL,CON,CODE)

      Value  Global                              Global Defined In Module
      -----  --------------------------------   ------------------------
C:   000006AA  A$main$2145                        main
C:   000006AC  A$main$2146                        main
C:   000006AD  A$main$2147                        main
C:   000006AE  A$main$2148                        main
C:   000006AF  A$main$2149                        main
C:   000006B1  A$main$2150                        main
C:   000006B3  A$main$2151                        main
C:   000006B4  A$main$2152                        main
C:   000006B5  A$main$2153                        main
C:   000006B6  A$main$2154                        main
C:   000006B7  A$main$2155                        main
C:   000006B8  A$main$2156                        main
C:   000006B9  A$main$2159                        main
C:   000006B9  C$main.c$327$2_0$93                main
C:   000006BB  A$main$2160                        main
C:   000006BC  A$main$2161                        main
C:   000006BF  A$main$2162                        main
C:   000006C0  A$main$2163                        main
C:   000006C1  A$main$2164                        main
C:   000006C4  A$main$2165                        main
C:   000006C6  A$main$2167                        main
C:   000006C8  A$main$2171                        main
C:   000006CA  A$main$2175                        main
C:   000006CA  C$main.c$332$5_0$96                main
C:   000006CB  A$main$2176                        main
C:   000006CD  A$main$2177                        main
C:   000006CE  A$main$2178                        main
C:   000006D0  A$main$2179                        main
C:   000006D2  A$main$2180                        main
C:   000006D4  A$main$2181                        main
C:   000006D5  A$main$2182                        main
C:   000006D6  A$main$2183                        main
C:   000006D7  A$main$2184                        main
C:   000006D8  A$main$2185                        main
C:   000006D9  A$main$2186                        main
C:   000006DA  A$main$2187                        main
C:   000006DB  A$main$2188                        main
C:   000006DD  A$main$2189                        main
C:   000006DF  A$main$2190                        main
C:   000006E1  A$main$2191                        main
C:   000006E3  A$main$2192                        main
C:   000006E5  A$main$2195                        main
C:   000006E5  C$main.c$330$4_0$95                main
C:   000006E6  A$main$2196                        main
C:   000006E9  A$main$2198                        main
C:   000006EB  A$main$2204                        main
C:   000006EB  C$main.c$337$1_0$77                main
C:   000006EB  XG$On_Uart_Idle$0$0                main
C:   000006EC  A$main$2224                        main
C:   000006EC  C$main.c$338$1_0$98                main
C:   000006EC  C$main.c$341$1_0$98                main
ASxxxx Linker V03.00 + NoICE + sdld,  page 45.
Hexadecimal  [32-Bits]

Area                                    Addr        Size        Decimal Bytes (Attributes)
--------------------------------        ----        ----        ------- ----- ------------
CSEG                                00000116    00000638 =        1592. bytes (REL,CON,CODE)

      Value  Global                              Global Defined In Module
      -----  --------------------------------   ------------------------
C:   000006EC  C$main.c$343$1_0$98                main
C:   000006EC  G$On_Uart_Buff_Full$0$0            main
C:   000006EC  XG$On_Uart_Buff_Full$0$0           main
C:   000006EC  _On_Uart_Buff_Full                 main
C:   000006ED  A$main$2237                        main
C:   000006ED  C$main.c$345$1_0$99                main
C:   000006ED  C$main.c$347$1_0$99                main
C:   000006ED  G$Check_Device_Address_Set$0$0     main
C:   000006ED  _Check_Device_Address_Set          main
C:   000006F0  A$main$2240                        main
C:   000006F0  C$main.c$350$2_0$100               main
C:   000006F2  A$main$2241                        main
C:   000006F3  A$main$2242                        main
C:   000006F4  A$main$2243                        main
C:   000006F6  A$main$2244                        main
C:   000006F9  A$main$2247                        main
C:   000006F9  C$main.c$351$2_0$100               main
C:   000006FB  A$main$2248                        main
C:   000006FD  A$main$2249                        main
C:   000006FE  A$main$2250                        main
C:   000006FF  A$main$2251                        main
C:   00000700  A$main$2252                        main
C:   00000701  A$main$2253                        main
C:   00000703  A$main$2254                        main
C:   00000706  A$main$2258                        main
C:   00000706  C$main.c$352$2_0$100               main
C:   00000708  A$main$2264                        main
C:   00000708  C$main.c$354$1_0$99                main
C:   00000708  XG$Check_Device_Address_Set$0$0    main
C:   00000709  A$main$2277                        main
C:   00000709  C$main.c$356$1_0$101               main
C:   00000709  C$main.c$358$1_0$101               main
C:   00000709  G$Check_Echo_Rx_ON$0$0             main
C:   00000709  _Check_Echo_Rx_ON                  main
C:   0000070C  A$main$2280                        main
C:   0000070C  C$main.c$360$2_0$102               main
C:   0000070F  A$main$2281                        main
C:   00000712  A$main$2285                        main
C:   00000712  C$main.c$361$2_0$102               main
C:   00000714  A$main$2291                        main
C:   00000714  C$main.c$363$1_0$101               main
C:   00000714  XG$Check_Echo_Rx_ON$0$0            main
C:   00000715  A$main$2304                        main
C:   00000715  C$main.c$365$1_0$103               main
C:   00000715  C$main.c$367$1_0$103               main
C:   00000715  G$main$0$0                         main
C:   00000715  _main                              main
C:   00000718  A$main$2307                        main
C:   00000718  C$main.c$368$1_0$103               main
C:   0000071B  A$main$2310                        main
C:   0000071B  C$main.c$369$1_0$103               main
ASxxxx Linker V03.00 + NoICE + sdld,  page 46.
Hexadecimal  [32-Bits]

Area                                    Addr        Size        Decimal Bytes (Attributes)
--------------------------------        ----        ----        ------- ----- ------------
CSEG                                00000116    00000638 =        1592. bytes (REL,CON,CODE)

      Value  Global                              Global Defined In Module
      -----  --------------------------------   ------------------------
C:   0000071E  A$main$2313                        main
C:   0000071E  C$main.c$370$1_0$103               main
C:   00000721  A$main$2319                        main
C:   00000721  C$main.c$372$1_0$103               main
C:   00000721  C$main.c$374$2_0$104               main
C:   00000724  A$main$2322                        main
C:   00000724  C$main.c$375$2_0$104               main
C:   00000727  A$main$2325                        main
C:   00000727  C$main.c$376$2_0$104               main
C:   0000072A  A$main$2326                        main
C:   0000072C  A$main$2331                        main
C:   0000072C  C$main.c$393$1_0$103               main
C:   0000072C  XG$main$0$0                        main
C:   0000072D  __mulint                           _mulint
C:   0000072D  __mulint_dummy                     _mulint
C:   0000074A  __sdcc_external_startup            _startup
ASxxxx Linker V03.00 + NoICE + sdld,  page 47.
Hexadecimal  [32-Bits]

Area                                    Addr        Size        Decimal Bytes (Attributes)
--------------------------------        ----        ----        ------- ----- ------------
CONST                               0000074E    000001E0 =         480. bytes (REL,CON,CODE)

      Value  Global                              Global Defined In Module
      -----  --------------------------------   ------------------------
C:   0000074E  G$Font5x7$0_0$0                    main
C:   0000074E  _Font5x7                           main

ASxxxx Linker V03.00 + NoICE + sdld,  page 48.

Files Linked                              [ module(s) ]

main.rel                                  [  ]


Libraries Linked                          [ object file ]

D:\windows_10_software\Program Files\SDCC\bin\..\lib\small/mcs51.lib
                                          [ crtclear.rel ]
D:\windows_10_software\Program Files\SDCC\bin\..\lib\small/mcs51.lib
                                          [ crtxinit.rel ]
D:\windows_10_software\Program Files\SDCC\bin\..\lib\small/libint.lib
                                          [ _mulint.rel ]
D:\windows_10_software\Program Files\SDCC\bin\..\lib\small/mcs51.lib
                                          [ crtxclear.rel ]
D:\windows_10_software\Program Files\SDCC\bin\..\lib\small/mcs51.lib
                                          [ crtpagesfr.rel ]
D:\windows_10_software\Program Files\SDCC\bin\..\lib\small/mcs51.lib
                                          [ crtstart.rel ]
D:\windows_10_software\Program Files\SDCC\bin\..\lib\small/libsdcc.lib
                                          [ _startup.rel ]

ASxxxx Linker V03.00 + NoICE + sdld,  page 49.

User Base Address Definitions

HOME = 0x0000
XSEG = 0x0001
PSEG = 0x0001
ISEG = 0x0000
BSEG = 0x0000

