ASxxxx Linker V03.00 + NoICE + sdld,  page 1.
Hexadecimal  [32-Bits]

Area                                    Addr        Size        Decimal Bytes (Attributes)
--------------------------------        ----        ----        ------- ----- ------------
CABS                                00000000    00000000 =           0. bytes (ABS,CON,CODE)

      Value  Global                              Global Defined In Module
      -----  --------------------------------   ------------------------
C:   00000000  l_CABS                          
C:   00000000  l_CONST                         
C:   00000000  l_GSINIT1                       
C:   00000000  l_GSINIT5                       
C:   00000000  l_IABS                          
C:   00000000  l_ISEG                          
C:   00000000  l_PSEG                          
C:   00000000  l_REG_BANK_2                    
C:   00000000  l_REG_BANK_3                    
C:   00000000  l_RSEG                          
C:   00000000  l_RSEG0                         
C:   00000000  l_RSEG1                         
C:   00000000  l_XABS                          
C:   00000000  l_XINIT                         
C:   00000000  l_XISEG                         
C:   00000000  l_XSEG                          
C:   00000000  l__CODE                         
C:   00000000  s_BSEG                          
C:   00000000  s_CABS                          
C:   00000000  s_DSEG                          
C:   00000000  s_HOME                          
C:   00000000  s_IABS                          
C:   00000000  s_ISEG                          
C:   00000000  s_REG_BANK_0                    
C:   00000000  s_RSEG                          
C:   00000000  s_RSEG0                         
C:   00000000  s_RSEG1                         
C:   00000000  s_XABS                          
C:   00000001  l_BIT_BANK                      
C:   00000001  l_BSEG                          
C:   00000001  l_BSEG_BYTES                    
C:   00000001  s_PSEG                          
C:   00000001  s_XISEG                         
C:   00000001  s_XSEG                          
C:   00000003  l_GSFINAL                       
C:   00000003  l_GSINIT0                       
C:   00000008  l_REG_BANK_0                    
C:   00000008  l_REG_BANK_1                    
C:   00000008  s_REG_BANK_1                    
C:   0000000A  l_GSINIT2                       
C:   00000010  s_REG_BANK_2                    
C:   00000018  s_REG_BANK_3                    
C:   0000001A  l_OSEG                          
C:   00000020  s_BSEG_BYTES                    
C:   00000020  s__CODE                         
C:   00000021  s_BIT_BANK                      
C:   00000022  l_GSINIT3                       
C:   00000029  l_HOME                          
C:   00000029  s_GSINIT0                       
C:   0000002A  l_GSINIT4                       
ASxxxx Linker V03.00 + NoICE + sdld,  page 2.
Hexadecimal  [32-Bits]

Area                                    Addr        Size        Decimal Bytes (Attributes)
--------------------------------        ----        ----        ------- ----- ------------
CABS                                00000000    00000000 =           0. bytes (ABS,CON,CODE)

      Value  Global                              Global Defined In Module
      -----  --------------------------------   ------------------------
C:   0000002C  s_GSINIT1                       
C:   0000002C  s_GSINIT2                       
C:   0000002E  l_GSINIT                        
C:   00000036  s_GSINIT3                       
C:   0000003D  s_OSEG                          
C:   00000057  s_SSEG                          
C:   00000058  s_GSINIT4                       
C:   00000070  l_DSEG                          
C:   00000082  s_GSINIT                        
C:   00000082  s_GSINIT5                       
C:   000000A9  l_SSEG                          
C:   000000B0  s_GSFINAL                       
C:   000000B3  s_CSEG                          
C:   00000100  l_IRAM                          
C:   00000527  l_CSEG                          
C:   000005DA  s_CONST                         
C:   000005DA  s_XINIT                         

ASxxxx Linker V03.00 + NoICE + sdld,  page 3.
Hexadecimal  [32-Bits]

Area                                    Addr        Size        Decimal Bytes (Attributes)
--------------------------------        ----        ----        ------- ----- ------------
.  .ABS.                            00000000    00000000 =           0. bytes (ABS,CON)

      Value  Global                              Global Defined In Module
      -----  --------------------------------   ------------------------
     00000000  .__.ABS.                           _startup
     00000080  G$P0$0_0$0                         main
     00000080  G$P0_0$0_0$0                       main
     00000080  _P0                                main
     00000080  _P0_0                              main
     00000081  G$P0_1$0_0$0                       main
     00000081  G$SP$0_0$0                         main
     00000081  _P0_1                              main
     00000081  _SP                                main
     00000082  G$DPL$0_0$0                        main
     00000082  G$P0_2$0_0$0                       main
     00000082  _DPL                               main
     00000082  _P0_2                              main
     00000083  G$DPH$0_0$0                        main
     00000083  G$P0_3$0_0$0                       main
     00000083  _DPH                               main
     00000083  _P0_3                              main
     00000084  G$P0_4$0_0$0                       main
     00000084  _P0_4                              main
     00000085  G$P0_5$0_0$0                       main
     00000085  _P0_5                              main
     00000086  G$P0_6$0_0$0                       main
     00000086  _P0_6                              main
     00000087  G$P0_7$0_0$0                       main
     00000087  G$PCON$0_0$0                       main
     00000087  _P0_7                              main
     00000087  _PCON                              main
     00000088  G$IT0$0_0$0                        main
     00000088  G$TCON$0_0$0                       main
     00000088  _IT0                               main
     00000088  _TCON                              main
     00000089  G$IE0$0_0$0                        main
     00000089  G$TMOD$0_0$0                       main
     00000089  _IE0                               main
     00000089  _TMOD                              main
     0000008A  G$IT1$0_0$0                        main
     0000008A  G$TL0$0_0$0                        main
     0000008A  _IT1                               main
     0000008A  _TL0                               main
     0000008B  G$IE1$0_0$0                        main
     0000008B  G$TL1$0_0$0                        main
     0000008B  _IE1                               main
     0000008B  _TL1                               main
     0000008C  G$TH0$0_0$0                        main
     0000008C  G$TR0$0_0$0                        main
     0000008C  _TH0                               main
     0000008C  _TR0                               main
     0000008D  G$TF0$0_0$0                        main
     0000008D  G$TH1$0_0$0                        main
     0000008D  _TF0                               main
ASxxxx Linker V03.00 + NoICE + sdld,  page 4.
Hexadecimal  [32-Bits]

Area                                    Addr        Size        Decimal Bytes (Attributes)
--------------------------------        ----        ----        ------- ----- ------------
.  .ABS.                            00000000    00000000 =           0. bytes (ABS,CON)

      Value  Global                              Global Defined In Module
      -----  --------------------------------   ------------------------
     0000008D  _TH1                               main
     0000008E  G$TR1$0_0$0                        main
     0000008E  Lmain.Uart_Init$AUXR$1_0$17        main
     0000008E  Lmain.systick_init$AUXR$1_0$15     main
     0000008E  _TR1                               main
     0000008F  G$TF1$0_0$0                        main
     0000008F  _TF1                               main
     00000090  G$P1$0_0$0                         main
     00000090  G$P1_0$0_0$0                       main
     00000090  _P1                                main
     00000090  _P1_0                              main
     00000091  G$P1_1$0_0$0                       main
     00000091  Lmain.LS_Deinit$P1M1$1_0$2         main
     00000091  Lmain.LS_Init$P1M1$1_0$1           main
     00000091  _P1_1                              main
     00000092  G$P1_2$0_0$0                       main
     00000092  Lmain.LS_Deinit$P1M0$1_0$2         main
     00000092  Lmain.LS_Init$P1M0$1_0$1           main
     00000092  _P1_2                              main
     00000093  G$P1_3$0_0$0                       main
     00000093  _P1_3                              main
     00000094  G$P1_4$0_0$0                       main
     00000094  _P1_4                              main
     00000095  G$P1_5$0_0$0                       main
     00000095  _P1_5                              main
     00000096  G$P1_6$0_0$0                       main
     00000096  _P1_6                              main
     00000097  G$P1_7$0_0$0                       main
     00000097  _P1_7                              main
     00000098  G$RI$0_0$0                         main
     00000098  G$SCON$0_0$0                       main
     00000098  _RI                                main
     00000098  _SCON                              main
     00000099  G$SBUF$0_0$0                       main
     00000099  G$TI$0_0$0                         main
     00000099  _SBUF                              main
     00000099  _TI                                main
     0000009A  G$RB8$0_0$0                        main
     0000009A  _RB8                               main
     0000009B  G$TB8$0_0$0                        main
     0000009B  _TB8                               main
     0000009C  G$REN$0_0$0                        main
     0000009C  _REN                               main
     0000009D  G$SM2$0_0$0                        main
     0000009D  _SM2                               main
     0000009E  G$SM1$0_0$0                        main
     0000009E  _SM1                               main
     0000009F  G$SM0$0_0$0                        main
     0000009F  _SM0                               main
     000000A0  G$P2$0_0$0                         main
     000000A0  G$P2_0$0_0$0                       main
ASxxxx Linker V03.00 + NoICE + sdld,  page 5.
Hexadecimal  [32-Bits]

Area                                    Addr        Size        Decimal Bytes (Attributes)
--------------------------------        ----        ----        ------- ----- ------------
.  .ABS.                            00000000    00000000 =           0. bytes (ABS,CON)

      Value  Global                              Global Defined In Module
      -----  --------------------------------   ------------------------
     000000A0  _P2                                main
     000000A0  _P2_0                              main
     000000A0  __XPAGE                            
     000000A1  G$P2_1$0_0$0                       main
     000000A1  _P2_1                              main
     000000A2  G$P2_2$0_0$0                       main
     000000A2  Lmain.Uart_Init$P_SW1$1_0$17       main
     000000A2  _P2_2                              main
     000000A3  G$P2_3$0_0$0                       main
     000000A3  _P2_3                              main
     000000A4  G$P2_4$0_0$0                       main
     000000A4  _P2_4                              main
     000000A5  G$P2_5$0_0$0                       main
     000000A5  _P2_5                              main
     000000A6  G$P2_6$0_0$0                       main
     000000A6  _P2_6                              main
     000000A7  G$P2_7$0_0$0                       main
     000000A7  _P2_7                              main
     000000A8  G$EX0$0_0$0                        main
     000000A8  G$IE$0_0$0                         main
     000000A8  _EX0                               main
     000000A8  _IE                                main
     000000A9  G$ET0$0_0$0                        main
     000000A9  _ET0                               main
     000000AA  G$EX1$0_0$0                        main
     000000AA  _EX1                               main
     000000AB  G$ET1$0_0$0                        main
     000000AB  _ET1                               main
     000000AC  G$ES$0_0$0                         main
     000000AC  _ES                                main
     000000AF  G$EA$0_0$0                         main
     000000AF  _EA                                main
     000000B0  G$P3$0_0$0                         main
     000000B0  G$P3_0$0_0$0                       main
     000000B0  G$RXD$0_0$0                        main
     000000B0  _P3                                main
     000000B0  _P3_0                              main
     000000B0  _RXD                               main
     000000B1  G$P3_1$0_0$0                       main
     000000B1  G$TXD$0_0$0                        main
     000000B1  _P3_1                              main
     000000B1  _TXD                               main
     000000B2  G$INT0$0_0$0                       main
     000000B2  G$P3_2$0_0$0                       main
     000000B2  _INT0                              main
     000000B2  _P3_2                              main
     000000B3  G$INT1$0_0$0                       main
     000000B3  G$P3_3$0_0$0                       main
     000000B3  _INT1                              main
     000000B3  _P3_3                              main
     000000B4  G$P3_4$0_0$0                       main
ASxxxx Linker V03.00 + NoICE + sdld,  page 6.
Hexadecimal  [32-Bits]

Area                                    Addr        Size        Decimal Bytes (Attributes)
--------------------------------        ----        ----        ------- ----- ------------
.  .ABS.                            00000000    00000000 =           0. bytes (ABS,CON)

      Value  Global                              Global Defined In Module
      -----  --------------------------------   ------------------------
     000000B4  G$T0$0_0$0                         main
     000000B4  _P3_4                              main
     000000B4  _T0                                main
     000000B5  G$P3_5$0_0$0                       main
     000000B5  G$T1$0_0$0                         main
     000000B5  _P3_5                              main
     000000B5  _T1                                main
     000000B6  G$P3_6$0_0$0                       main
     000000B6  G$WR$0_0$0                         main
     000000B6  _P3_6                              main
     000000B6  _WR                                main
     000000B7  G$P3_7$0_0$0                       main
     000000B7  G$RD$0_0$0                         main
     000000B7  _P3_7                              main
     000000B7  _RD                                main
     000000B8  G$IP$0_0$0                         main
     000000B8  G$PX0$0_0$0                        main
     000000B8  _IP                                main
     000000B8  _PX0                               main
     000000B9  G$PT0$0_0$0                        main
     000000B9  _PT0                               main
     000000BA  G$PX1$0_0$0                        main
     000000BA  _PX1                               main
     000000BB  G$PT1$0_0$0                        main
     000000BB  _PT1                               main
     000000BC  G$PS$0_0$0                         main
     000000BC  _PS                                main
     000000D0  G$P$0_0$0                          main
     000000D0  G$PSW$0_0$0                        main
     000000D0  _P                                 main
     000000D0  _PSW                               main
     000000D1  G$F1$0_0$0                         main
     000000D1  _F1                                main
     000000D2  G$OV$0_0$0                         main
     000000D2  _OV                                main
     000000D3  G$RS0$0_0$0                        main
     000000D3  _RS0                               main
     000000D4  G$RS1$0_0$0                        main
     000000D4  _RS1                               main
     000000D5  G$F0$0_0$0                         main
     000000D5  _F0                                main
     000000D6  G$AC$0_0$0                         main
     000000D6  Lmain.Uart_Init$T2H$1_0$17         main
     000000D6  _AC                                main
     000000D7  G$CY$0_0$0                         main
     000000D7  Lmain.Uart_Init$T2L$1_0$17         main
     000000D7  _CY                                main
     000000E0  G$ACC$0_0$0                        main
     000000E0  _ACC                               main
     000000F0  G$B$0_0$0                          main
     000000F0  _B                                 main

ASxxxx Linker V03.00 + NoICE + sdld,  page 7.
Hexadecimal  [32-Bits]

Area                                    Addr        Size        Decimal Bytes (Attributes)
--------------------------------        ----        ----        ------- ----- ------------
BSEG_BYTES                          00000020    00000001 =           1. bytes (REL,CON)

      Value  Global                              Global Defined In Module
      -----  --------------------------------   ------------------------
ASxxxx Linker V03.00 + NoICE + sdld,  page 8.
Hexadecimal  [32-Bits]

Area                                    Addr        Size        Decimal Bytes (Attributes)
--------------------------------        ----        ----        ------- ----- ------------
REG_BANK_0                          00000000    00000008 =           8. bytes (REL,OVR)

      Value  Global                              Global Defined In Module
      -----  --------------------------------   ------------------------
ASxxxx Linker V03.00 + NoICE + sdld,  page 9.
Hexadecimal  [32-Bits]

Area                                    Addr        Size        Decimal Bytes (Attributes)
--------------------------------        ----        ----        ------- ----- ------------
REG_BANK_1                          00000008    00000008 =           8. bytes (REL,OVR)

      Value  Global                              Global Defined In Module
      -----  --------------------------------   ------------------------
ASxxxx Linker V03.00 + NoICE + sdld,  page 10.
Hexadecimal  [32-Bits]

Area                                    Addr        Size        Decimal Bytes (Attributes)
--------------------------------        ----        ----        ------- ----- ------------
BIT_BANK                            00000021    00000001 =           1. bytes (REL,OVR)

      Value  Global                              Global Defined In Module
      -----  --------------------------------   ------------------------
ASxxxx Linker V03.00 + NoICE + sdld,  page 11.
Hexadecimal  [32-Bits]

Area                                    Addr        Size        Decimal Bytes (Attributes)
--------------------------------        ----        ----        ------- ----- ------------
DSEG                                00000000    00000070 =         112. bytes (REL,CON)

      Value  Global                              Global Defined In Module
      -----  --------------------------------   ------------------------
     00000022  G$LS_RAM$0_0$0                     main
     00000022  _LS_RAM                            main
     0000002A  Lmain.LS_595_DataOut$Col_Data$1_   main
     0000002A  _LS_595_DataOut_PARM_2             main
     0000002B  Lmain.LS_DisplayOneRow$Col_Index   main
     0000002B  _LS_DisplayOneRow_PARM_2           main
     0000002C  Lmain.LS_Refresh$i$1_0$14          main
     0000002D  G$systick$0_0$0                    main
     0000002D  _systick                           main
     00000035  Lmain.main$sloc0$0_1$0             main

ASxxxx Linker V03.00 + NoICE + sdld,  page 12.
Hexadecimal  [32-Bits]

Area                                    Addr        Size        Decimal Bytes (Attributes)
--------------------------------        ----        ----        ------- ----- ------------
OSEG                                0000003D    0000001A =          26. bytes (REL,OVR)

      Value  Global                              Global Defined In Module
      -----  --------------------------------   ------------------------
     0000003D  __divsint_PARM_2                   _divuint
     0000003D  __divuint_PARM_2                   _divuint
     0000003D  __divulonglong_PARM_2              _divulonglong
     0000003D  __modulonglong_PARM_2              _modulonglong

ASxxxx Linker V03.00 + NoICE + sdld,  page 13.
Hexadecimal  [32-Bits]

Area                                    Addr        Size        Decimal Bytes (Attributes)
--------------------------------        ----        ----        ------- ----- ------------
SSEG                                00000057    000000A9 =         169. bytes (REL,OVR)

      Value  Global                              Global Defined In Module
      -----  --------------------------------   ------------------------
     00000057  __start__stack                     main

ASxxxx Linker V03.00 + NoICE + sdld,  page 14.
Hexadecimal  [32-Bits]

Area                                    Addr        Size        Decimal Bytes (Attributes)
--------------------------------        ----        ----        ------- ----- ------------
HOME                                00000000    00000029 =          41. bytes (REL,CON,CODE)

      Value  Global                              Global Defined In Module
      -----  --------------------------------   ------------------------
C:   00000000  A$main$444                         main
C:   00000003  A$main$445                         main
C:   0000000B  A$main$447                         main
C:   00000013  A$main$449                         main
C:   0000001B  A$main$451                         main
C:   00000023  A$main$453                         main
C:   00000026  A$main$509                         main
C:   00000026  __sdcc_program_startup             main

ASxxxx Linker V03.00 + NoICE + sdld,  page 15.
Hexadecimal  [32-Bits]

Area                                    Addr        Size        Decimal Bytes (Attributes)
--------------------------------        ----        ----        ------- ----- ------------
GSINIT0                             00000029    00000003 =           3. bytes (REL,CON,CODE)

      Value  Global                              Global Defined In Module
      -----  --------------------------------   ------------------------
C:   00000029  __sdcc_gsinit_startup              

ASxxxx Linker V03.00 + NoICE + sdld,  page 16.
Hexadecimal  [32-Bits]

Area                                    Addr        Size        Decimal Bytes (Attributes)
--------------------------------        ----        ----        ------- ----- ------------
GSINIT2                             0000002C    0000000A =          10. bytes (REL,CON,CODE)

      Value  Global                              Global Defined In Module
      -----  --------------------------------   ------------------------
ASxxxx Linker V03.00 + NoICE + sdld,  page 17.
Hexadecimal  [32-Bits]

Area                                    Addr        Size        Decimal Bytes (Attributes)
--------------------------------        ----        ----        ------- ----- ------------
GSINIT3                             00000036    00000022 =          34. bytes (REL,CON,CODE)

      Value  Global                              Global Defined In Module
      -----  --------------------------------   ------------------------
C:   00000036  __mcs51_genXINIT                   

ASxxxx Linker V03.00 + NoICE + sdld,  page 18.
Hexadecimal  [32-Bits]

Area                                    Addr        Size        Decimal Bytes (Attributes)
--------------------------------        ----        ----        ------- ----- ------------
GSINIT4                             00000058    0000002A =          42. bytes (REL,CON,CODE)

      Value  Global                              Global Defined In Module
      -----  --------------------------------   ------------------------
C:   00000058  __mcs51_genRAMCLEAR                
C:   0000005E  __mcs51_genXRAMCLEAR               

ASxxxx Linker V03.00 + NoICE + sdld,  page 19.
Hexadecimal  [32-Bits]

Area                                    Addr        Size        Decimal Bytes (Attributes)
--------------------------------        ----        ----        ------- ----- ------------
GSINIT                              00000082    0000002E =          46. bytes (REL,CON,CODE)

      Value  Global                              Global Defined In Module
      -----  --------------------------------   ------------------------
C:   00000082  A$main$475                         main
C:   00000082  C$LatticeScreen.c$94$1_0$14        main
C:   00000085  A$main$478                         main
C:   00000085  C$LatticeScreen.c$3$1_0$26         main
C:   00000088  A$main$479                         main
C:   0000008B  A$main$480                         main
C:   0000008E  A$main$481                         main
C:   00000091  A$main$482                         main
C:   00000094  A$main$483                         main
C:   00000097  A$main$484                         main
C:   0000009A  A$main$485                         main
C:   0000009D  A$main$488                         main
C:   0000009D  C$main.c$21$1_0$26                 main
C:   0000009E  A$main$489                         main
C:   000000A0  A$main$490                         main
C:   000000A2  A$main$491                         main
C:   000000A4  A$main$492                         main
C:   000000A6  A$main$493                         main
C:   000000A8  A$main$494                         main
C:   000000AA  A$main$495                         main
C:   000000AC  A$main$496                         main
C:   000000AE  A$main$500                         main
C:   000000AE  C$main.c$53$1_0$26                 main

ASxxxx Linker V03.00 + NoICE + sdld,  page 20.
Hexadecimal  [32-Bits]

Area                                    Addr        Size        Decimal Bytes (Attributes)
--------------------------------        ----        ----        ------- ----- ------------
GSFINAL                             000000B0    00000003 =           3. bytes (REL,CON,CODE)

      Value  Global                              Global Defined In Module
      -----  --------------------------------   ------------------------
C:   000000B0  A$main$502                         main

ASxxxx Linker V03.00 + NoICE + sdld,  page 21.
Hexadecimal  [32-Bits]

Area                                    Addr        Size        Decimal Bytes (Attributes)
--------------------------------        ----        ----        ------- ----- ------------
CSEG                                000000B3    00000527 =        1319. bytes (REL,CON,CODE)

      Value  Global                              Global Defined In Module
      -----  --------------------------------   ------------------------
C:   000000B3  A$main$538                         main
C:   000000B3  C$LatticeScreen.c$14$1_0$1         main
C:   000000B3  C$LatticeScreen.c$7$0_0$1          main
C:   000000B3  G$LS_Init$0$0                      main
C:   000000B3  _LS_Init                           main
C:   000000B6  A$main$541                         main
C:   000000B6  C$LatticeScreen.c$15$1_0$1         main
C:   000000B9  A$main$545                         main
C:   000000B9  C$LatticeScreen.c$18$1_0$1         main
C:   000000BB  A$main$549                         main
C:   000000BB  C$LatticeScreen.c$19$1_0$1         main
C:   000000BD  A$main$553                         main
C:   000000BD  C$LatticeScreen.c$22$1_0$1         main
C:   000000BF  A$main$557                         main
C:   000000BF  C$LatticeScreen.c$23$1_0$1         main
C:   000000C1  A$main$561                         main
C:   000000C1  C$LatticeScreen.c$25$1_0$1         main
C:   000000C3  A$main$566                         main
C:   000000C3  C$LatticeScreen.c$26$1_0$1         main
C:   000000C3  XG$LS_Init$0$0                     main
C:   000000C4  A$main$582                         main
C:   000000C4  C$LatticeScreen.c$28$1_0$2         main
C:   000000C4  C$LatticeScreen.c$34$1_0$2         main
C:   000000C4  G$LS_Deinit$0$0                    main
C:   000000C4  _LS_Deinit                         main
C:   000000C7  A$main$585                         main
C:   000000C7  C$LatticeScreen.c$35$1_0$2         main
C:   000000CA  A$main$589                         main
C:   000000CA  C$LatticeScreen.c$38$1_0$2         main
C:   000000CC  A$main$593                         main
C:   000000CC  C$LatticeScreen.c$39$1_0$2         main
C:   000000CE  A$main$597                         main
C:   000000CE  C$LatticeScreen.c$42$1_0$2         main
C:   000000D0  A$main$601                         main
C:   000000D0  C$LatticeScreen.c$44$1_0$2         main
C:   000000D2  A$main$606                         main
C:   000000D2  C$LatticeScreen.c$45$1_0$2         main
C:   000000D2  XG$LS_Deinit$0$0                   main
C:   000000D3  A$main$621                         main
C:   000000D3  C$LatticeScreen.c$47$1_0$4         main
C:   000000D3  G$LS_595_DataOut$0$0               main
C:   000000D3  _LS_595_DataOut                    main
C:   000000D5  A$main$625                         main
C:   000000D5  C$LatticeScreen.c$51$1_0$4         main
C:   000000D7  A$main$629                         main
C:   000000D7  C$LatticeScreen.c$52$1_0$4         main
C:   000000D9  A$main$632                         main
C:   000000DB  A$main$637                         main
C:   000000DB  C$LatticeScreen.c$56$3_0$6         main
C:   000000DD  A$main$640                         main
ASxxxx Linker V03.00 + NoICE + sdld,  page 22.
Hexadecimal  [32-Bits]

Area                                    Addr        Size        Decimal Bytes (Attributes)
--------------------------------        ----        ----        ------- ----- ------------
CSEG                                000000B3    00000527 =        1319. bytes (REL,CON,CODE)

      Value  Global                              Global Defined In Module
      -----  --------------------------------   ------------------------
C:   000000DD  C$LatticeScreen.c$57$3_0$6         main
C:   000000DF  A$main$641                         main
C:   000000E1  A$main$642                         main
C:   000000E3  A$main$643                         main
C:   000000E5  A$main$644                         main
C:   000000E7  A$main$646                         main
C:   000000E8  A$main$647                         main
C:   000000E9  A$main$648                         main
C:   000000EA  A$main$649                         main
C:   000000EB  A$main$650                         main
C:   000000EC  A$main$651                         main
C:   000000ED  A$main$653                         main
C:   000000F0  A$main$654                         main
C:   000000F2  A$main$655                         main
C:   000000F4  A$main$656                         main
C:   000000F5  A$main$657                         main
C:   000000F7  A$main$658                         main
C:   000000F8  A$main$659                         main
C:   000000FA  A$main$660                         main
C:   000000FB  A$main$661                         main
C:   000000FC  A$main$662                         main
C:   000000FE  A$main$666                         main
C:   000000FE  C$LatticeScreen.c$59$4_0$7         main
C:   00000100  A$main$667                         main
C:   00000102  A$main$672                         main
C:   00000102  C$LatticeScreen.c$63$4_0$8         main
C:   00000104  A$main$676                         main
C:   00000104  C$LatticeScreen.c$66$3_0$6         main
C:   00000106  A$main$677                         main
C:   00000108  A$main$678                         main
C:   0000010A  A$main$679                         main
C:   0000010C  A$main$680                         main
C:   0000010E  A$main$682                         main
C:   0000010F  A$main$683                         main
C:   00000110  A$main$684                         main
C:   00000111  A$main$685                         main
C:   00000112  A$main$686                         main
C:   00000113  A$main$687                         main
C:   00000114  A$main$689                         main
C:   00000117  A$main$690                         main
C:   00000119  A$main$691                         main
C:   0000011B  A$main$692                         main
C:   0000011C  A$main$693                         main
C:   0000011E  A$main$694                         main
C:   0000011F  A$main$695                         main
C:   00000121  A$main$696                         main
C:   00000122  A$main$697                         main
C:   00000123  A$main$698                         main
C:   00000125  A$main$702                         main
C:   00000125  C$LatticeScreen.c$68$4_0$9         main
C:   00000127  A$main$703                         main
ASxxxx Linker V03.00 + NoICE + sdld,  page 23.
Hexadecimal  [32-Bits]

Area                                    Addr        Size        Decimal Bytes (Attributes)
--------------------------------        ----        ----        ------- ----- ------------
CSEG                                000000B3    00000527 =        1319. bytes (REL,CON,CODE)

      Value  Global                              Global Defined In Module
      -----  --------------------------------   ------------------------
C:   00000129  A$main$708                         main
C:   00000129  C$LatticeScreen.c$72$4_0$10        main
C:   0000012B  A$main$713                         main
C:   0000012B  C$LatticeScreen.c$75$3_0$6         main
C:   0000012D  A$main$716                         main
C:   0000012D  C$LatticeScreen.c$54$2_0$5         main
C:   0000012E  A$main$717                         main
C:   00000131  A$main$719                         main
C:   00000133  A$main$723                         main
C:   00000133  C$LatticeScreen.c$78$1_0$4         main
C:   00000135  A$main$728                         main
C:   00000135  C$LatticeScreen.c$80$1_0$4         main
C:   00000135  XG$LS_595_DataOut$0$0              main
C:   00000136  A$main$742                         main
C:   00000136  C$LatticeScreen.c$83$1_0$12        main
C:   00000136  G$LS_DisplayOneRow$0$0             main
C:   00000136  _LS_DisplayOneRow                  main
C:   00000138  A$main$745                         main
C:   00000138  C$LatticeScreen.c$85$1_0$12        main
C:   0000013A  A$main$746                         main
C:   0000013C  A$main$747                         main
C:   0000013E  A$main$750                         main
C:   0000013E  C$LatticeScreen.c$87$2_0$13        main
C:   00000140  A$main$751                         main
C:   00000142  A$main$752                         main
C:   00000144  A$main$753                         main
C:   00000146  A$main$754                         main
C:   00000148  A$main$756                         main
C:   0000014A  A$main$758                         main
C:   0000014D  A$main$759                         main
C:   0000014E  A$main$760                         main
C:   00000150  A$main$761                         main
C:   00000152  A$main$762                         main
C:   00000155  A$main$768                         main
C:   00000155  C$LatticeScreen.c$90$1_0$12        main
C:   00000155  XG$LS_DisplayOneRow$0$0            main
C:   00000156  A$main$783                         main
C:   00000156  C$LatticeScreen.c$92$1_0$14        main
C:   00000156  C$LatticeScreen.c$95$1_0$14        main
C:   00000156  G$LS_Refresh$0$0                   main
C:   00000156  _LS_Refresh                        main
C:   00000158  A$main$784                         main
C:   0000015A  A$main$785                         main
C:   0000015B  A$main$786                         main
C:   0000015D  A$main$787                         main
C:   00000160  A$main$788                         main
C:   00000162  A$main$789                         main
C:   00000165  A$main$792                         main
C:   00000165  C$LatticeScreen.c$96$1_0$14        main
C:   00000167  A$main$793                         main
C:   00000169  A$main$794                         main
ASxxxx Linker V03.00 + NoICE + sdld,  page 24.
Hexadecimal  [32-Bits]

Area                                    Addr        Size        Decimal Bytes (Attributes)
--------------------------------        ----        ----        ------- ----- ------------
CSEG                                000000B3    00000527 =        1319. bytes (REL,CON,CODE)

      Value  Global                              Global Defined In Module
      -----  --------------------------------   ------------------------
C:   0000016B  A$main$797                         main
C:   0000016B  C$LatticeScreen.c$97$1_0$14        main
C:   0000016E  A$main$803                         main
C:   0000016E  C$LatticeScreen.c$98$1_0$14        main
C:   0000016E  XG$LS_Refresh$0$0                  main
C:   0000016F  A$main$818                         main
C:   0000016F  C$main.c$22$1_0$15                 main
C:   0000016F  C$main.c$25$1_0$15                 main
C:   0000016F  G$systick_init$0$0                 main
C:   0000016F  _systick_init                      main
C:   00000172  A$main$821                         main
C:   00000172  C$main.c$26$1_0$15                 main
C:   00000175  A$main$824                         main
C:   00000175  C$main.c$27$1_0$15                 main
C:   00000178  A$main$827                         main
C:   00000178  C$main.c$28$1_0$15                 main
C:   0000017B  A$main$831                         main
C:   0000017B  C$main.c$29$1_0$15                 main
C:   0000017D  A$main$835                         main
C:   0000017D  C$main.c$30$1_0$15                 main
C:   0000017F  A$main$839                         main
C:   0000017F  C$main.c$31$1_0$15                 main
C:   00000181  A$main$844                         main
C:   00000181  C$main.c$32$1_0$15                 main
C:   00000181  XG$systick_init$0$0                main
C:   00000182  A$main$863                         main
C:   00000182  C$main.c$36$1_0$16                 main
C:   00000182  G$systick_interrupt$0$0            main
C:   00000182  _systick_interrupt                 main
C:   00000184  A$main$864                         main
C:   00000186  A$main$865                         main
C:   00000188  A$main$866                         main
C:   0000018A  A$main$867                         main
C:   0000018C  A$main$868                         main
C:   0000018E  A$main$869                         main
C:   00000190  A$main$870                         main
C:   00000192  A$main$871                         main
C:   00000194  A$main$872                         main
C:   00000196  A$main$873                         main
C:   00000198  A$main$874                         main
C:   0000019A  A$main$875                         main
C:   0000019C  A$main$876                         main
C:   0000019E  A$main$877                         main
C:   000001A1  A$main$880                         main
C:   000001A1  C$main.c$38$1_0$16                 main
C:   000001A3  A$main$881                         main
C:   000001A4  A$main$882                         main
C:   000001A7  A$main$883                         main
C:   000001A9  A$main$884                         main
C:   000001AC  A$main$885                         main
C:   000001AE  A$main$886                         main
ASxxxx Linker V03.00 + NoICE + sdld,  page 25.
Hexadecimal  [32-Bits]

Area                                    Addr        Size        Decimal Bytes (Attributes)
--------------------------------        ----        ----        ------- ----- ------------
CSEG                                000000B3    00000527 =        1319. bytes (REL,CON,CODE)

      Value  Global                              Global Defined In Module
      -----  --------------------------------   ------------------------
C:   000001B1  A$main$887                         main
C:   000001B3  A$main$888                         main
C:   000001B6  A$main$889                         main
C:   000001B8  A$main$890                         main
C:   000001BB  A$main$891                         main
C:   000001BD  A$main$892                         main
C:   000001C0  A$main$893                         main
C:   000001C2  A$main$894                         main
C:   000001C5  A$main$895                         main
C:   000001C7  A$main$899                         main
C:   000001C7  C$main.c$39$1_0$16                 main
C:   000001CA  A$main$900                         main
C:   000001CD  A$main$901                         main
C:   000001D0  A$main$904                         main
C:   000001D2  A$main$905                         main
C:   000001D4  A$main$906                         main
C:   000001D6  A$main$907                         main
C:   000001D8  A$main$908                         main
C:   000001DA  A$main$909                         main
C:   000001DC  A$main$910                         main
C:   000001DE  A$main$911                         main
C:   000001E0  A$main$912                         main
C:   000001E2  A$main$913                         main
C:   000001E4  A$main$914                         main
C:   000001E6  A$main$915                         main
C:   000001E8  A$main$916                         main
C:   000001EA  A$main$917                         main
C:   000001EC  A$main$920                         main
C:   000001EC  C$main.c$40$1_0$16                 main
C:   000001EC  XG$systick_interrupt$0$0           main
C:   000001ED  A$main$946                         main
C:   000001ED  C$main.c$54$1_0$17                 main
C:   000001ED  C$main.c$60$1_0$17                 main
C:   000001ED  G$Uart_Init$0$0                    main
C:   000001ED  _Uart_Init                         main
C:   000001F0  A$main$949                         main
C:   000001F0  C$main.c$61$1_0$17                 main
C:   000001F3  A$main$952                         main
C:   000001F3  C$main.c$62$1_0$17                 main
C:   000001F6  A$main$955                         main
C:   000001F6  C$main.c$74$1_0$17                 main
C:   000001F9  A$main$958                         main
C:   000001F9  C$main.c$81$1_0$17                 main
C:   000001FC  A$main$961                         main
C:   000001FC  C$main.c$82$1_0$17                 main
C:   000001FF  A$main$964                         main
C:   000001FF  C$main.c$83$1_0$17                 main
C:   00000202  A$main$967                         main
C:   00000202  C$main.c$84$1_0$17                 main
C:   00000205  A$main$971                         main
C:   00000205  C$main.c$85$1_0$17                 main
ASxxxx Linker V03.00 + NoICE + sdld,  page 26.
Hexadecimal  [32-Bits]

Area                                    Addr        Size        Decimal Bytes (Attributes)
--------------------------------        ----        ----        ------- ----- ------------
CSEG                                000000B3    00000527 =        1319. bytes (REL,CON,CODE)

      Value  Global                              Global Defined In Module
      -----  --------------------------------   ------------------------
C:   00000207  A$main$975                         main
C:   00000207  C$main.c$86$1_0$17                 main
C:   00000209  A$main$980                         main
C:   00000209  C$main.c$87$1_0$17                 main
C:   00000209  XG$Uart_Init$0$0                   main
C:   0000020A  A$main$993                         main
C:   0000020A  C$main.c$88$1_0$19                 main
C:   0000020A  G$Uart_Send$0$0                    main
C:   0000020A  _Uart_Send                         main
C:   0000020C  A$main$997                         main
C:   0000020C  C$main.c$90$1_0$19                 main
C:   0000020F  A$main$1000                        main
C:   0000020F  C$main.c$91$1_0$19                 main
C:   00000211  A$main$1003                        main
C:   00000211  C$main.c$92$1_0$19                 main
C:   00000213  A$main$1007                        main
C:   00000213  C$main.c$108$1_0$19                main
C:   00000215  A$main$1010                        main
C:   00000215  C$main.c$109$1_0$19                main
C:   00000218  A$main$1015                        main
C:   00000218  C$main.c$110$1_0$19                main
C:   00000218  XG$Uart_Send$0$0                   main
C:   00000219  A$main$1031                        main
C:   00000219  C$main.c$111$1_0$22                main
C:   00000219  C$main.c$113$1_0$22                main
C:   00000219  C$main.c$115$2_0$23                main
C:   00000219  G$Uart_Interrupt$0$0               main
C:   00000219  _Uart_Interrupt                    main
C:   0000021C  A$main$1032                        main
C:   0000021E  A$main$1037                        main
C:   0000021E  C$main.c$116$2_0$23                main
C:   00000220  A$main$1044                        main
C:   00000220  C$main.c$118$1_0$22                main
C:   00000220  C$main.c$132$2_0$24                main
C:   00000223  A$main$1045                        main
C:   00000225  A$main$1052                        main
C:   00000225  C$main.c$134$1_0$22                main
C:   00000225  XG$Uart_Interrupt$0$0              main
C:   00000226  A$main$1071                        main
C:   00000226  C$main.c$137$1_0$25                main
C:   00000226  C$main.c$139$1_0$25                main
C:   00000226  G$On_SysTick_Timer$0$0             main
C:   00000226  _On_SysTick_Timer                  main
C:   00000229  A$main$1076                        main
C:   00000229  C$main.c$140$1_0$25                main
C:   00000229  XG$On_SysTick_Timer$0$0            main
C:   0000022A  A$main$1093                        main
C:   0000022A  C$main.c$142$1_0$26                main
C:   0000022A  C$main.c$144$1_0$26                main
C:   0000022A  G$main$0$0                         main
C:   0000022A  _main                              main
ASxxxx Linker V03.00 + NoICE + sdld,  page 27.
Hexadecimal  [32-Bits]

Area                                    Addr        Size        Decimal Bytes (Attributes)
--------------------------------        ----        ----        ------- ----- ------------
CSEG                                000000B3    00000527 =        1319. bytes (REL,CON,CODE)

      Value  Global                              Global Defined In Module
      -----  --------------------------------   ------------------------
C:   0000022D  A$main$1096                        main
C:   0000022D  C$main.c$145$1_0$26                main
C:   00000230  A$main$1099                        main
C:   00000230  C$main.c$146$1_0$26                main
C:   00000233  A$main$1105                        main
C:   00000233  C$main.c$148$1_0$26                main
C:   00000233  C$main.c$152$1_0$26                main
C:   00000236  A$main$1106                        main
C:   00000239  A$main$1107                        main
C:   0000023A  A$main$1108                        main
C:   0000023C  A$main$1109                        main
C:   0000023E  A$main$1110                        main
C:   00000240  A$main$1111                        main
C:   00000242  A$main$1112                        main
C:   00000244  A$main$1113                        main
C:   00000246  A$main$1114                        main
C:   00000249  A$main$1115                        main
C:   0000024C  A$main$1116                        main
C:   0000024F  A$main$1117                        main
C:   00000251  A$main$1118                        main
C:   00000253  A$main$1119                        main
C:   00000255  A$main$1120                        main
C:   00000257  A$main$1121                        main
C:   00000259  A$main$1122                        main
C:   0000025C  A$main$1123                        main
C:   0000025F  A$main$1124                        main
C:   00000262  A$main$1125                        main
C:   00000265  A$main$1126                        main
C:   00000267  A$main$1127                        main
C:   00000269  A$main$1128                        main
C:   0000026B  A$main$1129                        main
C:   0000026D  A$main$1130                        main
C:   0000026F  A$main$1131                        main
C:   00000271  A$main$1132                        main
C:   00000273  A$main$1133                        main
C:   00000275  A$main$1134                        main
C:   00000277  A$main$1135                        main
C:   00000279  A$main$1136                        main
C:   0000027B  A$main$1137                        main
C:   0000027D  A$main$1138                        main
C:   0000027F  A$main$1139                        main
C:   00000281  A$main$1140                        main
C:   00000282  A$main$1141                        main
C:   00000284  A$main$1142                        main
C:   00000286  A$main$1143                        main
C:   00000288  A$main$1144                        main
C:   0000028A  A$main$1145                        main
C:   0000028C  A$main$1146                        main
C:   0000028E  A$main$1147                        main
C:   00000290  A$main$1148                        main
C:   00000292  A$main$1149                        main
ASxxxx Linker V03.00 + NoICE + sdld,  page 28.
Hexadecimal  [32-Bits]

Area                                    Addr        Size        Decimal Bytes (Attributes)
--------------------------------        ----        ----        ------- ----- ------------
CSEG                                000000B3    00000527 =        1319. bytes (REL,CON,CODE)

      Value  Global                              Global Defined In Module
      -----  --------------------------------   ------------------------
C:   00000294  A$main$1150                        main
C:   00000296  A$main$1151                        main
C:   00000298  A$main$1152                        main
C:   0000029A  A$main$1153                        main
C:   0000029C  A$main$1154                        main
C:   0000029E  A$main$1155                        main
C:   000002A0  A$main$1158                        main
C:   000002A2  A$main$1162                        main
C:   000002A2  C$main.c$156$4_0$29                main
C:   000002A3  A$main$1163                        main
C:   000002A5  A$main$1164                        main
C:   000002A6  A$main$1165                        main
C:   000002A8  A$main$1168                        main
C:   000002A8  C$main.c$155$4_0$29                main
C:   000002A9  A$main$1169                        main
C:   000002AA  A$main$1170                        main
C:   000002AB  A$main$1171                        main
C:   000002AD  A$main$1172                        main
C:   000002AF  A$main$1173                        main
C:   000002B1  A$main$1176                        main
C:   000002B1  C$main.c$158$1_0$26                main
C:   000002B4  A$main$1177                        main
C:   000002B7  A$main$1178                        main
C:   000002B8  A$main$1179                        main
C:   000002BA  A$main$1180                        main
C:   000002BC  A$main$1181                        main
C:   000002BE  A$main$1182                        main
C:   000002C0  A$main$1183                        main
C:   000002C2  A$main$1184                        main
C:   000002C4  A$main$1185                        main
C:   000002C7  A$main$1186                        main
C:   000002CA  A$main$1187                        main
C:   000002CD  A$main$1188                        main
C:   000002CF  A$main$1189                        main
C:   000002D1  A$main$1190                        main
C:   000002D3  A$main$1191                        main
C:   000002D5  A$main$1192                        main
C:   000002D7  A$main$1193                        main
C:   000002DA  A$main$1194                        main
C:   000002DD  A$main$1195                        main
C:   000002E0  A$main$1196                        main
C:   000002E3  A$main$1197                        main
C:   000002E5  A$main$1198                        main
C:   000002E7  A$main$1199                        main
C:   000002E9  A$main$1200                        main
C:   000002EB  A$main$1201                        main
C:   000002ED  A$main$1202                        main
C:   000002F0  A$main$1203                        main
C:   000002F3  A$main$1204                        main
C:   000002F6  A$main$1205                        main
C:   000002F9  A$main$1206                        main
ASxxxx Linker V03.00 + NoICE + sdld,  page 29.
Hexadecimal  [32-Bits]

Area                                    Addr        Size        Decimal Bytes (Attributes)
--------------------------------        ----        ----        ------- ----- ------------
CSEG                                000000B3    00000527 =        1319. bytes (REL,CON,CODE)

      Value  Global                              Global Defined In Module
      -----  --------------------------------   ------------------------
C:   000002FC  A$main$1207                        main
C:   000002FF  A$main$1208                        main
C:   00000302  A$main$1209                        main
C:   00000305  A$main$1210                        main
C:   00000307  A$main$1213                        main
C:   00000307  C$main.c$159$3_1$30                main
C:   00000309  A$main$1214                        main
C:   0000030C  A$main$1216                        main
C:   0000030E  A$main$1217                        main
C:   00000310  A$main$1218                        main
C:   00000312  A$main$1219                        main
C:   00000314  A$main$1220                        main
C:   00000316  A$main$1221                        main
C:   00000319  A$main$1222                        main
C:   0000031B  A$main$1223                        main
C:   0000031D  A$main$1224                        main
C:   0000031F  A$main$1225                        main
C:   00000320  A$main$1226                        main
C:   00000322  A$main$1227                        main
C:   00000323  A$main$1228                        main
C:   00000325  A$main$1229                        main
C:   00000328  A$main$1230                        main
C:   0000032A  A$main$1231                        main
C:   0000032C  A$main$1232                        main
C:   0000032E  A$main$1233                        main
C:   00000330  A$main$1234                        main
C:   00000332  A$main$1236                        main
C:   00000334  A$main$1238                        main
C:   00000337  A$main$1239                        main
C:   00000338  A$main$1240                        main
C:   00000339  A$main$1241                        main
C:   0000033A  A$main$1242                        main
C:   0000033B  A$main$1243                        main
C:   0000033E  A$main$1248                        main
C:   0000033E  C$main.c$163$1_0$26                main
C:   0000033E  XG$main$0$0                        main
C:   0000033F  __modulonglong                     _modulonglong
C:   00000478  __divulonglong                     _divulonglong
C:   00000575  __divuint                          _divuint
C:   0000059E  __divsint                          _divsint
C:   000005D6  __sdcc_external_startup            _startup

ASxxxx Linker V03.00 + NoICE + sdld,  page 30.

Files Linked                              [ module(s) ]

main.rel                                  [  ]


Libraries Linked                          [ object file ]

D:\windows_10_software\Program Files\SDCC\bin\..\lib\small/mcs51.lib
                                          [ crtclear.rel ]
D:\windows_10_software\Program Files\SDCC\bin\..\lib\small/mcs51.lib
                                          [ crtxinit.rel ]
D:\windows_10_software\Program Files\SDCC\bin\..\lib\small/liblonglong.lib
                                          [ _modulonglong.rel ]
D:\windows_10_software\Program Files\SDCC\bin\..\lib\small/liblonglong.lib
                                          [ _divulonglong.rel ]
D:\windows_10_software\Program Files\SDCC\bin\..\lib\small/mcs51.lib
                                          [ crtxclear.rel ]
D:\windows_10_software\Program Files\SDCC\bin\..\lib\small/libint.lib
                                          [ _divuint.rel ]
D:\windows_10_software\Program Files\SDCC\bin\..\lib\small/mcs51.lib
                                          [ crtpagesfr.rel ]
D:\windows_10_software\Program Files\SDCC\bin\..\lib\small/mcs51.lib
                                          [ crtstart.rel ]
D:\windows_10_software\Program Files\SDCC\bin\..\lib\small/libint.lib
                                          [ _divsint.rel ]
D:\windows_10_software\Program Files\SDCC\bin\..\lib\small/libsdcc.lib
                                          [ _startup.rel ]

ASxxxx Linker V03.00 + NoICE + sdld,  page 31.

User Base Address Definitions

HOME = 0x0000
XSEG = 0x0001
PSEG = 0x0001
ISEG = 0x0000
BSEG = 0x0000

