ASxxxx Linker V03.00 + NoICE + sdld,  page 1.
Hexadecimal  [32-Bits]

Area                                    Addr        Size        Decimal Bytes (Attributes)
--------------------------------        ----        ----        ------- ----- ------------
CABS                                00000000    00000000 =           0. bytes (ABS,CON,CODE)

      Value  Global                              Global Defined In Module
      -----  --------------------------------   ------------------------
C:   00000000  l_CABS                          
C:   00000000  l_GSINIT1                       
C:   00000000  l_GSINIT5                       
C:   00000000  l_IABS                          
C:   00000000  l_PSEG                          
C:   00000000  l_REG_BANK_2                    
C:   00000000  l_REG_BANK_3                    
C:   00000000  l_RSEG                          
C:   00000000  l_RSEG0                         
C:   00000000  l_RSEG1                         
C:   00000000  l_XABS                          
C:   00000000  l_XINIT                         
C:   00000000  l_XISEG                         
C:   00000000  l_XSEG                          
C:   00000000  l__CODE                         
C:   00000000  s_BSEG                          
C:   00000000  s_CABS                          
C:   00000000  s_DSEG                          
C:   00000000  s_HOME                          
C:   00000000  s_IABS                          
C:   00000000  s_REG_BANK_0                    
C:   00000000  s_RSEG                          
C:   00000000  s_RSEG0                         
C:   00000000  s_RSEG1                         
C:   00000000  s_XABS                          
C:   00000001  l_BIT_BANK                      
C:   00000001  l_BSEG                          
C:   00000001  l_BSEG_BYTES                    
C:   00000001  s_PSEG                          
C:   00000001  s_XISEG                         
C:   00000001  s_XSEG                          
C:   00000003  l_GSFINAL                       
C:   00000003  l_GSINIT0                       
C:   00000008  l_REG_BANK_0                    
C:   00000008  l_REG_BANK_1                    
C:   00000008  s_REG_BANK_1                    
C:   0000000A  l_GSINIT2                       
C:   00000010  s_REG_BANK_2                    
C:   00000018  s_REG_BANK_3                    
C:   0000001A  l_OSEG                          
C:   00000020  s_BSEG_BYTES                    
C:   00000020  s__CODE                         
C:   00000021  s_BIT_BANK                      
C:   00000022  l_GSINIT3                       
C:   00000029  l_HOME                          
C:   00000029  s_GSINIT0                       
C:   0000002A  l_GSINIT4                       
C:   0000002C  s_GSINIT1                       
C:   0000002C  s_GSINIT2                       
C:   00000036  s_GSINIT3                       
ASxxxx Linker V03.00 + NoICE + sdld,  page 2.
Hexadecimal  [32-Bits]

Area                                    Addr        Size        Decimal Bytes (Attributes)
--------------------------------        ----        ----        ------- ----- ------------
CABS                                00000000    00000000 =           0. bytes (ABS,CON,CODE)

      Value  Global                              Global Defined In Module
      -----  --------------------------------   ------------------------
C:   00000038  s_OSEG                          
C:   0000004D  l_GSINIT                        
C:   00000052  s_ISEG                          
C:   00000054  l_SSEG                          
C:   00000058  s_GSINIT4                       
C:   0000005A  l_ISEG                          
C:   00000070  l_DSEG                          
C:   00000082  s_GSINIT                        
C:   00000082  s_GSINIT5                       
C:   000000AC  s_SSEG                          
C:   000000CF  s_GSFINAL                       
C:   000000D2  s_CSEG                          
C:   00000100  l_IRAM                          
C:   000001E0  l_CONST                         
C:   0000075C  l_CSEG                          
C:   0000082E  s_CONST                         
C:   00000A0E  s_XINIT                         

ASxxxx Linker V03.00 + NoICE + sdld,  page 3.
Hexadecimal  [32-Bits]

Area                                    Addr        Size        Decimal Bytes (Attributes)
--------------------------------        ----        ----        ------- ----- ------------
.  .ABS.                            00000000    00000000 =           0. bytes (ABS,CON)

      Value  Global                              Global Defined In Module
      -----  --------------------------------   ------------------------
     00000000  .__.ABS.                           _startup
     00000080  G$P0$0_0$0                         main
     00000080  G$P0_0$0_0$0                       main
     00000080  _P0                                main
     00000080  _P0_0                              main
     00000081  G$P0_1$0_0$0                       main
     00000081  G$SP$0_0$0                         main
     00000081  _P0_1                              main
     00000081  _SP                                main
     00000082  G$DPL$0_0$0                        main
     00000082  G$P0_2$0_0$0                       main
     00000082  _DPL                               main
     00000082  _P0_2                              main
     00000083  G$DPH$0_0$0                        main
     00000083  G$P0_3$0_0$0                       main
     00000083  _DPH                               main
     00000083  _P0_3                              main
     00000084  G$P0_4$0_0$0                       main
     00000084  _P0_4                              main
     00000085  G$P0_5$0_0$0                       main
     00000085  _P0_5                              main
     00000086  G$P0_6$0_0$0                       main
     00000086  _P0_6                              main
     00000087  G$P0_7$0_0$0                       main
     00000087  G$PCON$0_0$0                       main
     00000087  _P0_7                              main
     00000087  _PCON                              main
     00000088  G$IT0$0_0$0                        main
     00000088  G$TCON$0_0$0                       main
     00000088  _IT0                               main
     00000088  _TCON                              main
     00000089  G$IE0$0_0$0                        main
     00000089  G$TMOD$0_0$0                       main
     00000089  _IE0                               main
     00000089  _TMOD                              main
     0000008A  G$IT1$0_0$0                        main
     0000008A  G$TL0$0_0$0                        main
     0000008A  _IT1                               main
     0000008A  _TL0                               main
     0000008B  G$IE1$0_0$0                        main
     0000008B  G$TL1$0_0$0                        main
     0000008B  _IE1                               main
     0000008B  _TL1                               main
     0000008C  G$TH0$0_0$0                        main
     0000008C  G$TR0$0_0$0                        main
     0000008C  _TH0                               main
     0000008C  _TR0                               main
     0000008D  G$TF0$0_0$0                        main
     0000008D  G$TH1$0_0$0                        main
     0000008D  _TF0                               main
ASxxxx Linker V03.00 + NoICE + sdld,  page 4.
Hexadecimal  [32-Bits]

Area                                    Addr        Size        Decimal Bytes (Attributes)
--------------------------------        ----        ----        ------- ----- ------------
.  .ABS.                            00000000    00000000 =           0. bytes (ABS,CON)

      Value  Global                              Global Defined In Module
      -----  --------------------------------   ------------------------
     0000008D  _TH1                               main
     0000008E  G$TR1$0_0$0                        main
     0000008E  Lmain.Uart_Init$AUXR$1_0$55        main
     0000008E  Lmain.systick_init$AUXR$1_0$49     main
     0000008E  _TR1                               main
     0000008F  G$TF1$0_0$0                        main
     0000008F  _TF1                               main
     00000090  G$P1$0_0$0                         main
     00000090  G$P1_0$0_0$0                       main
     00000090  _P1                                main
     00000090  _P1_0                              main
     00000091  G$P1_1$0_0$0                       main
     00000091  Lmain.LS_Deinit$P1M1$1_0$30        main
     00000091  Lmain.LS_Init$P1M1$1_0$29          main
     00000091  _P1_1                              main
     00000092  G$P1_2$0_0$0                       main
     00000092  Lmain.LS_Deinit$P1M0$1_0$30        main
     00000092  Lmain.LS_Init$P1M0$1_0$29          main
     00000092  _P1_2                              main
     00000093  G$P1_3$0_0$0                       main
     00000093  _P1_3                              main
     00000094  G$P1_4$0_0$0                       main
     00000094  _P1_4                              main
     00000095  G$P1_5$0_0$0                       main
     00000095  _P1_5                              main
     00000096  G$P1_6$0_0$0                       main
     00000096  _P1_6                              main
     00000097  G$P1_7$0_0$0                       main
     00000097  _P1_7                              main
     00000098  G$RI$0_0$0                         main
     00000098  G$SCON$0_0$0                       main
     00000098  _RI                                main
     00000098  _SCON                              main
     00000099  G$SBUF$0_0$0                       main
     00000099  G$TI$0_0$0                         main
     00000099  _SBUF                              main
     00000099  _TI                                main
     0000009A  G$RB8$0_0$0                        main
     0000009A  _RB8                               main
     0000009B  G$TB8$0_0$0                        main
     0000009B  _TB8                               main
     0000009C  G$REN$0_0$0                        main
     0000009C  _REN                               main
     0000009D  G$SM2$0_0$0                        main
     0000009D  _SM2                               main
     0000009E  G$SM1$0_0$0                        main
     0000009E  _SM1                               main
     0000009F  G$SM0$0_0$0                        main
     0000009F  _SM0                               main
     000000A0  G$P2$0_0$0                         main
     000000A0  G$P2_0$0_0$0                       main
ASxxxx Linker V03.00 + NoICE + sdld,  page 5.
Hexadecimal  [32-Bits]

Area                                    Addr        Size        Decimal Bytes (Attributes)
--------------------------------        ----        ----        ------- ----- ------------
.  .ABS.                            00000000    00000000 =           0. bytes (ABS,CON)

      Value  Global                              Global Defined In Module
      -----  --------------------------------   ------------------------
     000000A0  _P2                                main
     000000A0  _P2_0                              main
     000000A0  __XPAGE                            
     000000A1  G$P2_1$0_0$0                       main
     000000A1  _P2_1                              main
     000000A2  G$P2_2$0_0$0                       main
     000000A2  Lmain.Uart_Init$P_SW1$1_0$55       main
     000000A2  _P2_2                              main
     000000A3  G$P2_3$0_0$0                       main
     000000A3  _P2_3                              main
     000000A4  G$P2_4$0_0$0                       main
     000000A4  _P2_4                              main
     000000A5  G$P2_5$0_0$0                       main
     000000A5  _P2_5                              main
     000000A6  G$P2_6$0_0$0                       main
     000000A6  _P2_6                              main
     000000A7  G$P2_7$0_0$0                       main
     000000A7  _P2_7                              main
     000000A8  G$EX0$0_0$0                        main
     000000A8  G$IE$0_0$0                         main
     000000A8  _EX0                               main
     000000A8  _IE                                main
     000000A9  G$ET0$0_0$0                        main
     000000A9  _ET0                               main
     000000AA  G$EX1$0_0$0                        main
     000000AA  _EX1                               main
     000000AB  G$ET1$0_0$0                        main
     000000AB  _ET1                               main
     000000AC  G$ES$0_0$0                         main
     000000AC  _ES                                main
     000000AF  G$EA$0_0$0                         main
     000000AF  _EA                                main
     000000B0  G$P3$0_0$0                         main
     000000B0  G$P3_0$0_0$0                       main
     000000B0  G$RXD$0_0$0                        main
     000000B0  _P3                                main
     000000B0  _P3_0                              main
     000000B0  _RXD                               main
     000000B1  G$P3_1$0_0$0                       main
     000000B1  G$TXD$0_0$0                        main
     000000B1  Lmain.Clk_In_Init$P3M1$1_0$65      main
     000000B1  Lmain.systick_init$P3M1$1_1$50     main
     000000B1  _P3_1                              main
     000000B1  _TXD                               main
     000000B2  G$INT0$0_0$0                       main
     000000B2  G$P3_2$0_0$0                       main
     000000B2  Lmain.Clk_In_Init$P3M0$1_0$65      main
     000000B2  Lmain.systick_init$P3M0$1_1$50     main
     000000B2  _INT0                              main
     000000B2  _P3_2                              main
     000000B3  G$INT1$0_0$0                       main
ASxxxx Linker V03.00 + NoICE + sdld,  page 6.
Hexadecimal  [32-Bits]

Area                                    Addr        Size        Decimal Bytes (Attributes)
--------------------------------        ----        ----        ------- ----- ------------
.  .ABS.                            00000000    00000000 =           0. bytes (ABS,CON)

      Value  Global                              Global Defined In Module
      -----  --------------------------------   ------------------------
     000000B3  G$P3_3$0_0$0                       main
     000000B3  _INT1                              main
     000000B3  _P3_3                              main
     000000B4  G$P3_4$0_0$0                       main
     000000B4  G$T0$0_0$0                         main
     000000B4  _P3_4                              main
     000000B4  _T0                                main
     000000B5  G$P3_5$0_0$0                       main
     000000B5  G$T1$0_0$0                         main
     000000B5  _P3_5                              main
     000000B5  _T1                                main
     000000B6  G$P3_6$0_0$0                       main
     000000B6  G$WR$0_0$0                         main
     000000B6  _P3_6                              main
     000000B6  _WR                                main
     000000B7  G$P3_7$0_0$0                       main
     000000B7  G$RD$0_0$0                         main
     000000B7  _P3_7                              main
     000000B7  _RD                                main
     000000B8  G$IP$0_0$0                         main
     000000B8  G$PX0$0_0$0                        main
     000000B8  _IP                                main
     000000B8  _PX0                               main
     000000B9  G$PT0$0_0$0                        main
     000000B9  _PT0                               main
     000000BA  G$PX1$0_0$0                        main
     000000BA  _PX1                               main
     000000BB  G$PT1$0_0$0                        main
     000000BB  _PT1                               main
     000000BC  G$PS$0_0$0                         main
     000000BC  _PS                                main
     000000D0  G$P$0_0$0                          main
     000000D0  G$PSW$0_0$0                        main
     000000D0  _P                                 main
     000000D0  _PSW                               main
     000000D1  G$F1$0_0$0                         main
     000000D1  _F1                                main
     000000D2  G$OV$0_0$0                         main
     000000D2  _OV                                main
     000000D3  G$RS0$0_0$0                        main
     000000D3  _RS0                               main
     000000D4  G$RS1$0_0$0                        main
     000000D4  _RS1                               main
     000000D5  G$F0$0_0$0                         main
     000000D5  _F0                                main
     000000D6  G$AC$0_0$0                         main
     000000D6  Lmain.Uart_Init$T2H$1_0$55         main
     000000D6  _AC                                main
     000000D7  G$CY$0_0$0                         main
     000000D7  Lmain.Uart_Init$T2L$1_0$55         main
     000000D7  _CY                                main
ASxxxx Linker V03.00 + NoICE + sdld,  page 7.
Hexadecimal  [32-Bits]

Area                                    Addr        Size        Decimal Bytes (Attributes)
--------------------------------        ----        ----        ------- ----- ------------
.  .ABS.                            00000000    00000000 =           0. bytes (ABS,CON)

      Value  Global                              Global Defined In Module
      -----  --------------------------------   ------------------------
     000000E0  G$ACC$0_0$0                        main
     000000E0  _ACC                               main
     000000F0  G$B$0_0$0                          main
     000000F0  _B                                 main
ASxxxx Linker V03.00 + NoICE + sdld,  page 8.
Hexadecimal  [32-Bits]

Area                                    Addr        Size        Decimal Bytes (Attributes)
--------------------------------        ----        ----        ------- ----- ------------
BSEG_BYTES                          00000020    00000001 =           1. bytes (REL,CON)

      Value  Global                              Global Defined In Module
      -----  --------------------------------   ------------------------
ASxxxx Linker V03.00 + NoICE + sdld,  page 9.
Hexadecimal  [32-Bits]

Area                                    Addr        Size        Decimal Bytes (Attributes)
--------------------------------        ----        ----        ------- ----- ------------
REG_BANK_0                          00000000    00000008 =           8. bytes (REL,OVR)

      Value  Global                              Global Defined In Module
      -----  --------------------------------   ------------------------
ASxxxx Linker V03.00 + NoICE + sdld,  page 10.
Hexadecimal  [32-Bits]

Area                                    Addr        Size        Decimal Bytes (Attributes)
--------------------------------        ----        ----        ------- ----- ------------
REG_BANK_1                          00000008    00000008 =           8. bytes (REL,OVR)

      Value  Global                              Global Defined In Module
      -----  --------------------------------   ------------------------
ASxxxx Linker V03.00 + NoICE + sdld,  page 11.
Hexadecimal  [32-Bits]

Area                                    Addr        Size        Decimal Bytes (Attributes)
--------------------------------        ----        ----        ------- ----- ------------
BIT_BANK                            00000021    00000001 =           1. bytes (REL,OVR)

      Value  Global                              Global Defined In Module
      -----  --------------------------------   ------------------------
ASxxxx Linker V03.00 + NoICE + sdld,  page 12.
Hexadecimal  [32-Bits]

Area                                    Addr        Size        Decimal Bytes (Attributes)
--------------------------------        ----        ----        ------- ----- ------------
DSEG                                00000000    00000070 =         112. bytes (REL,CON)

      Value  Global                              Global Defined In Module
      -----  --------------------------------   ------------------------
     00000022  Lmain.LS_595_DataOut$Col_Data$1_   main
     00000022  _LS_595_DataOut_PARM_2             main
     00000023  Lmain.LS_DisplayOneCol$Row_Index   main
     00000023  _LS_DisplayOneCol_PARM_2           main
     00000024  Lmain.systick_interrupt$sloc0$0_   main
     0000002C  Lmain.On_Uart_Idle$length$1_0$69   main
     0000002C  _On_Uart_Idle_PARM_2               main
     0000002E  Lmain.On_Uart_Buff_Full$length$1   main
     0000002E  _On_Uart_Buff_Full_PARM_2          main
     00000030  Lmain.main$sloc0$0_1$0             main

ASxxxx Linker V03.00 + NoICE + sdld,  page 13.
Hexadecimal  [32-Bits]

Area                                    Addr        Size        Decimal Bytes (Attributes)
--------------------------------        ----        ----        ------- ----- ------------
OSEG                                00000038    0000001A =          26. bytes (REL,OVR)

      Value  Global                              Global Defined In Module
      -----  --------------------------------   ------------------------
     00000038  __divulonglong_PARM_2              _divulonglong
     00000038  __modulonglong_PARM_2              _modulonglong
     00000038  __mulint_PARM_2                    _mulint
ASxxxx Linker V03.00 + NoICE + sdld,  page 14.
Hexadecimal  [32-Bits]

Area                                    Addr        Size        Decimal Bytes (Attributes)
--------------------------------        ----        ----        ------- ----- ------------
ISEG                                00000052    0000005A =          90. bytes (REL,CON)

      Value  Global                              Global Defined In Module
      -----  --------------------------------   ------------------------
     00000052  G$LS_RAM$0_0$0                     main
     00000052  _LS_RAM                            main
     0000005A  Fmain$LS_Current_Index$0_0$0       main
     0000005B  G$systick$0_0$0                    main
     0000005B  _systick                           main
     00000063  G$Uart_Receive_Buff$0_0$0          main
     00000063  _Uart_Receive_Buff                 main
     000000A3  G$Uart_Receive_Buff_Index$0_0$0    main
     000000A3  _Uart_Receive_Buff_Index           main
     000000A4  G$Last_Receive_Tick$0_0$0          main
     000000A4  _Last_Receive_Tick                 main

ASxxxx Linker V03.00 + NoICE + sdld,  page 15.
Hexadecimal  [32-Bits]

Area                                    Addr        Size        Decimal Bytes (Attributes)
--------------------------------        ----        ----        ------- ----- ------------
SSEG                                000000AC    00000054 =          84. bytes (REL,OVR)

      Value  Global                              Global Defined In Module
      -----  --------------------------------   ------------------------
     000000AC  __start__stack                     main

ASxxxx Linker V03.00 + NoICE + sdld,  page 16.
Hexadecimal  [32-Bits]

Area                                    Addr        Size        Decimal Bytes (Attributes)
--------------------------------        ----        ----        ------- ----- ------------
HOME                                00000000    00000029 =          41. bytes (REL,CON,CODE)

      Value  Global                              Global Defined In Module
      -----  --------------------------------   ------------------------
C:   00000000  A$main$481                         main
C:   00000003  A$main$482                         main
C:   0000000B  A$main$484                         main
C:   00000013  A$main$486                         main
C:   0000001B  A$main$488                         main
C:   00000023  A$main$490                         main
C:   00000026  A$main$579                         main
C:   00000026  __sdcc_program_startup             main

ASxxxx Linker V03.00 + NoICE + sdld,  page 17.
Hexadecimal  [32-Bits]

Area                                    Addr        Size        Decimal Bytes (Attributes)
--------------------------------        ----        ----        ------- ----- ------------
GSINIT0                             00000029    00000003 =           3. bytes (REL,CON,CODE)

      Value  Global                              Global Defined In Module
      -----  --------------------------------   ------------------------
C:   00000029  __sdcc_gsinit_startup              

ASxxxx Linker V03.00 + NoICE + sdld,  page 18.
Hexadecimal  [32-Bits]

Area                                    Addr        Size        Decimal Bytes (Attributes)
--------------------------------        ----        ----        ------- ----- ------------
GSINIT2                             0000002C    0000000A =          10. bytes (REL,CON,CODE)

      Value  Global                              Global Defined In Module
      -----  --------------------------------   ------------------------
ASxxxx Linker V03.00 + NoICE + sdld,  page 19.
Hexadecimal  [32-Bits]

Area                                    Addr        Size        Decimal Bytes (Attributes)
--------------------------------        ----        ----        ------- ----- ------------
GSINIT3                             00000036    00000022 =          34. bytes (REL,CON,CODE)

      Value  Global                              Global Defined In Module
      -----  --------------------------------   ------------------------
C:   00000036  __mcs51_genXINIT                   

ASxxxx Linker V03.00 + NoICE + sdld,  page 20.
Hexadecimal  [32-Bits]

Area                                    Addr        Size        Decimal Bytes (Attributes)
--------------------------------        ----        ----        ------- ----- ------------
GSINIT4                             00000058    0000002A =          42. bytes (REL,CON,CODE)

      Value  Global                              Global Defined In Module
      -----  --------------------------------   ------------------------
C:   00000058  __mcs51_genRAMCLEAR                
C:   0000005E  __mcs51_genXRAMCLEAR               

ASxxxx Linker V03.00 + NoICE + sdld,  page 21.
Hexadecimal  [32-Bits]

Area                                    Addr        Size        Decimal Bytes (Attributes)
--------------------------------        ----        ----        ------- ----- ------------
GSINIT                              00000082    0000004D =          77. bytes (REL,CON,CODE)

      Value  Global                              Global Defined In Module
      -----  --------------------------------   ------------------------
C:   00000082  A$main$506                         main
C:   00000082  C$LatticeScreen.c$3$1_0$76         main
C:   00000084  A$main$507                         main
C:   00000086  A$main$508                         main
C:   00000088  A$main$509                         main
C:   0000008A  A$main$510                         main
C:   0000008C  A$main$511                         main
C:   0000008E  A$main$512                         main
C:   00000090  A$main$513                         main
C:   00000092  A$main$514                         main
C:   00000094  A$main$515                         main
C:   00000096  A$main$516                         main
C:   00000098  A$main$517                         main
C:   0000009A  A$main$518                         main
C:   0000009C  A$main$519                         main
C:   0000009E  A$main$520                         main
C:   000000A0  A$main$521                         main
C:   000000A2  A$main$524                         main
C:   000000A2  C$LatticeScreen.c$94$1_0$76        main
C:   000000A4  A$main$525                         main
C:   000000A6  A$main$528                         main
C:   000000A6  C$main.c$24$1_0$76                 main
C:   000000A8  A$main$529                         main
C:   000000A9  A$main$530                         main
C:   000000AA  A$main$531                         main
C:   000000AB  A$main$532                         main
C:   000000AC  A$main$533                         main
C:   000000AD  A$main$534                         main
C:   000000AE  A$main$535                         main
C:   000000AF  A$main$536                         main
C:   000000B0  A$main$537                         main
C:   000000B1  A$main$538                         main
C:   000000B2  A$main$539                         main
C:   000000B3  A$main$540                         main
C:   000000B4  A$main$541                         main
C:   000000B5  A$main$542                         main
C:   000000B6  A$main$543                         main
C:   000000B7  A$main$544                         main
C:   000000B8  A$main$547                         main
C:   000000B8  C$main.c$135$1_0$76                main
C:   000000BA  A$main$548                         main
C:   000000BC  A$main$551                         main
C:   000000BC  C$main.c$136$1_0$76                main
C:   000000BE  A$main$552                         main
C:   000000BF  A$main$553                         main
C:   000000C0  A$main$554                         main
C:   000000C1  A$main$555                         main
C:   000000C2  A$main$556                         main
C:   000000C3  A$main$557                         main
C:   000000C4  A$main$558                         main
ASxxxx Linker V03.00 + NoICE + sdld,  page 22.
Hexadecimal  [32-Bits]

Area                                    Addr        Size        Decimal Bytes (Attributes)
--------------------------------        ----        ----        ------- ----- ------------
GSINIT                              00000082    0000004D =          77. bytes (REL,CON,CODE)

      Value  Global                              Global Defined In Module
      -----  --------------------------------   ------------------------
C:   000000C5  A$main$559                         main
C:   000000C6  A$main$560                         main
C:   000000C7  A$main$561                         main
C:   000000C8  A$main$562                         main
C:   000000C9  A$main$563                         main
C:   000000CA  A$main$564                         main
C:   000000CB  A$main$565                         main
C:   000000CC  A$main$566                         main
C:   000000CD  A$main$570                         main
C:   000000CD  C$main.c$77$1_0$76                 main
ASxxxx Linker V03.00 + NoICE + sdld,  page 23.
Hexadecimal  [32-Bits]

Area                                    Addr        Size        Decimal Bytes (Attributes)
--------------------------------        ----        ----        ------- ----- ------------
GSFINAL                             000000CF    00000003 =           3. bytes (REL,CON,CODE)

      Value  Global                              Global Defined In Module
      -----  --------------------------------   ------------------------
C:   000000CF  A$main$572                         main

ASxxxx Linker V03.00 + NoICE + sdld,  page 24.
Hexadecimal  [32-Bits]

Area                                    Addr        Size        Decimal Bytes (Attributes)
--------------------------------        ----        ----        ------- ----- ------------
CSEG                                000000D2    0000075C =        1884. bytes (REL,CON,CODE)

      Value  Global                              Global Defined In Module
      -----  --------------------------------   ------------------------
C:   000000D2  A$main$608                         main
C:   000000D2  C$LatticeScreen.c$16$1_0$29        main
C:   000000D2  C$LatticeScreen.c$9$0_0$29         main
C:   000000D2  G$LS_Init$0$0                      main
C:   000000D2  _LS_Init                           main
C:   000000D5  A$main$611                         main
C:   000000D5  C$LatticeScreen.c$17$1_0$29        main
C:   000000D8  A$main$615                         main
C:   000000D8  C$LatticeScreen.c$20$1_0$29        main
C:   000000DA  A$main$619                         main
C:   000000DA  C$LatticeScreen.c$21$1_0$29        main
C:   000000DC  A$main$623                         main
C:   000000DC  C$LatticeScreen.c$24$1_0$29        main
C:   000000DE  A$main$627                         main
C:   000000DE  C$LatticeScreen.c$25$1_0$29        main
C:   000000E0  A$main$631                         main
C:   000000E0  C$LatticeScreen.c$27$1_0$29        main
C:   000000E2  A$main$636                         main
C:   000000E2  C$LatticeScreen.c$28$1_0$29        main
C:   000000E2  XG$LS_Init$0$0                     main
C:   000000E3  A$main$652                         main
C:   000000E3  C$LatticeScreen.c$30$1_0$30        main
C:   000000E3  C$LatticeScreen.c$36$1_0$30        main
C:   000000E3  G$LS_Deinit$0$0                    main
C:   000000E3  _LS_Deinit                         main
C:   000000E6  A$main$655                         main
C:   000000E6  C$LatticeScreen.c$37$1_0$30        main
C:   000000E9  A$main$659                         main
C:   000000E9  C$LatticeScreen.c$40$1_0$30        main
C:   000000EB  A$main$663                         main
C:   000000EB  C$LatticeScreen.c$41$1_0$30        main
C:   000000ED  A$main$667                         main
C:   000000ED  C$LatticeScreen.c$44$1_0$30        main
C:   000000EF  A$main$671                         main
C:   000000EF  C$LatticeScreen.c$46$1_0$30        main
C:   000000F1  A$main$676                         main
C:   000000F1  C$LatticeScreen.c$47$1_0$30        main
C:   000000F1  XG$LS_Deinit$0$0                   main
C:   000000F2  A$main$691                         main
C:   000000F2  C$LatticeScreen.c$49$1_0$32        main
C:   000000F2  G$LS_595_DataOut$0$0               main
C:   000000F2  _LS_595_DataOut                    main
C:   000000F4  A$main$695                         main
C:   000000F4  C$LatticeScreen.c$53$1_0$32        main
C:   000000F6  A$main$699                         main
C:   000000F6  C$LatticeScreen.c$54$1_0$32        main
C:   000000F8  A$main$702                         main
C:   000000FA  A$main$707                         main
C:   000000FA  C$LatticeScreen.c$58$3_0$34        main
C:   000000FC  A$main$710                         main
ASxxxx Linker V03.00 + NoICE + sdld,  page 25.
Hexadecimal  [32-Bits]

Area                                    Addr        Size        Decimal Bytes (Attributes)
--------------------------------        ----        ----        ------- ----- ------------
CSEG                                000000D2    0000075C =        1884. bytes (REL,CON,CODE)

      Value  Global                              Global Defined In Module
      -----  --------------------------------   ------------------------
C:   000000FC  C$LatticeScreen.c$59$3_0$34        main
C:   000000FE  A$main$711                         main
C:   00000100  A$main$712                         main
C:   00000102  A$main$713                         main
C:   00000104  A$main$714                         main
C:   00000106  A$main$716                         main
C:   00000107  A$main$717                         main
C:   00000108  A$main$718                         main
C:   00000109  A$main$719                         main
C:   0000010A  A$main$720                         main
C:   0000010B  A$main$721                         main
C:   0000010C  A$main$723                         main
C:   0000010F  A$main$724                         main
C:   00000111  A$main$725                         main
C:   00000113  A$main$726                         main
C:   00000114  A$main$727                         main
C:   00000116  A$main$728                         main
C:   00000117  A$main$729                         main
C:   00000119  A$main$730                         main
C:   0000011A  A$main$731                         main
C:   0000011B  A$main$732                         main
C:   0000011D  A$main$736                         main
C:   0000011D  C$LatticeScreen.c$61$4_0$35        main
C:   0000011F  A$main$737                         main
C:   00000121  A$main$742                         main
C:   00000121  C$LatticeScreen.c$65$4_0$36        main
C:   00000123  A$main$746                         main
C:   00000123  C$LatticeScreen.c$68$3_0$34        main
C:   00000125  A$main$747                         main
C:   00000127  A$main$748                         main
C:   00000129  A$main$749                         main
C:   0000012B  A$main$750                         main
C:   0000012D  A$main$752                         main
C:   0000012E  A$main$753                         main
C:   0000012F  A$main$754                         main
C:   00000130  A$main$755                         main
C:   00000131  A$main$756                         main
C:   00000132  A$main$757                         main
C:   00000133  A$main$759                         main
C:   00000136  A$main$760                         main
C:   00000138  A$main$761                         main
C:   0000013A  A$main$762                         main
C:   0000013B  A$main$763                         main
C:   0000013D  A$main$764                         main
C:   0000013E  A$main$765                         main
C:   00000140  A$main$766                         main
C:   00000141  A$main$767                         main
C:   00000142  A$main$768                         main
C:   00000144  A$main$772                         main
C:   00000144  C$LatticeScreen.c$70$4_0$37        main
C:   00000146  A$main$773                         main
ASxxxx Linker V03.00 + NoICE + sdld,  page 26.
Hexadecimal  [32-Bits]

Area                                    Addr        Size        Decimal Bytes (Attributes)
--------------------------------        ----        ----        ------- ----- ------------
CSEG                                000000D2    0000075C =        1884. bytes (REL,CON,CODE)

      Value  Global                              Global Defined In Module
      -----  --------------------------------   ------------------------
C:   00000148  A$main$778                         main
C:   00000148  C$LatticeScreen.c$74$4_0$38        main
C:   0000014A  A$main$783                         main
C:   0000014A  C$LatticeScreen.c$77$3_0$34        main
C:   0000014C  A$main$786                         main
C:   0000014C  C$LatticeScreen.c$56$2_0$33        main
C:   0000014D  A$main$787                         main
C:   00000150  A$main$789                         main
C:   00000152  A$main$793                         main
C:   00000152  C$LatticeScreen.c$80$1_0$32        main
C:   00000154  A$main$798                         main
C:   00000154  C$LatticeScreen.c$82$1_0$32        main
C:   00000154  XG$LS_595_DataOut$0$0              main
C:   00000155  A$main$812                         main
C:   00000155  C$LatticeScreen.c$85$1_0$40        main
C:   00000155  G$LS_DisplayOneCol$0$0             main
C:   00000155  _LS_DisplayOneCol                  main
C:   00000157  A$main$815                         main
C:   00000157  C$LatticeScreen.c$87$1_0$40        main
C:   00000159  A$main$816                         main
C:   0000015B  A$main$817                         main
C:   0000015D  A$main$820                         main
C:   0000015D  C$LatticeScreen.c$89$2_0$41        main
C:   0000015F  A$main$821                         main
C:   00000161  A$main$822                         main
C:   00000163  A$main$823                         main
C:   00000165  A$main$824                         main
C:   00000167  A$main$826                         main
C:   00000169  A$main$828                         main
C:   0000016C  A$main$829                         main
C:   0000016E  A$main$830                         main
C:   0000016F  A$main$831                         main
C:   00000170  A$main$832                         main
C:   00000172  A$main$833                         main
C:   00000175  A$main$839                         main
C:   00000175  C$LatticeScreen.c$92$1_0$40        main
C:   00000175  XG$LS_DisplayOneCol$0$0            main
C:   00000176  A$main$852                         main
C:   00000176  C$LatticeScreen.c$96$1_0$42        main
C:   00000176  C$LatticeScreen.c$99$1_0$42        main
C:   00000176  G$LS_Refresh$0$0                   main
C:   00000176  _LS_Refresh                        main
C:   00000178  A$main$853                         main
C:   00000179  A$main$854                         main
C:   0000017B  A$main$855                         main
C:   0000017C  A$main$856                         main
C:   0000017E  A$main$857                         main
C:   00000180  A$main$858                         main
C:   00000182  A$main$859                         main
C:   00000184  A$main$860                         main
C:   00000185  A$main$861                         main
ASxxxx Linker V03.00 + NoICE + sdld,  page 27.
Hexadecimal  [32-Bits]

Area                                    Addr        Size        Decimal Bytes (Attributes)
--------------------------------        ----        ----        ------- ----- ------------
CSEG                                000000D2    0000075C =        1884. bytes (REL,CON,CODE)

      Value  Global                              Global Defined In Module
      -----  --------------------------------   ------------------------
C:   00000186  A$main$862                         main
C:   00000187  A$main$863                         main
C:   00000189  A$main$864                         main
C:   0000018C  A$main$867                         main
C:   0000018C  C$LatticeScreen.c$100$1_0$42       main
C:   0000018E  A$main$868                         main
C:   00000191  A$main$870                         main
C:   00000193  A$main$873                         main
C:   00000193  C$LatticeScreen.c$102$2_0$43       main
C:   00000195  A$main$874                         main
C:   00000197  A$main$880                         main
C:   00000197  C$LatticeScreen.c$105$1_0$42       main
C:   00000197  XG$LS_Refresh$0$0                  main
C:   00000198  A$main$895                         main
C:   00000198  C$LatticeScreen.c$208$1_0$45       main
C:   00000198  G$LS_Show_Char_Font5x7$0$0         main
C:   00000198  _LS_Show_Char_Font5x7              main
C:   0000019A  A$main$898                         main
C:   0000019A  C$LatticeScreen.c$210$1_0$45       main
C:   0000019D  A$main$900                         main
C:   0000019F  A$main$903                         main
C:   0000019F  C$LatticeScreen.c$211$1_0$45       main
C:   000001A2  A$main$907                         main
C:   000001A2  C$LatticeScreen.c$212$1_0$45       main
C:   000001A4  A$main$908                         main
C:   000001A6  A$main$911                         main
C:   000001A6  C$LatticeScreen.c$213$1_0$45       main
C:   000001A8  A$main$912                         main
C:   000001AA  A$main$915                         main
C:   000001AA  C$LatticeScreen.c$214$1_0$45       main
C:   000001AC  A$main$918                         main
C:   000001AC  C$LatticeScreen.c$217$1_1$46       main
C:   000001AD  A$main$919                         main
C:   000001AE  A$main$920                         main
C:   000001AF  A$main$921                         main
C:   000001B0  A$main$922                         main
C:   000001B2  A$main$923                         main
C:   000001B4  A$main$924                         main
C:   000001B5  A$main$925                         main
C:   000001B7  A$main$926                         main
C:   000001B9  A$main$927                         main
C:   000001BC  A$main$928                         main
C:   000001BF  A$main$929                         main
C:   000001C1  A$main$930                         main
C:   000001C3  A$main$933                         main
C:   000001C5  A$main$937                         main
C:   000001C5  C$LatticeScreen.c$222$3_1$48       main
C:   000001C7  A$main$938                         main
C:   000001C9  A$main$939                         main
C:   000001CA  A$main$940                         main
C:   000001CC  A$main$941                         main
ASxxxx Linker V03.00 + NoICE + sdld,  page 28.
Hexadecimal  [32-Bits]

Area                                    Addr        Size        Decimal Bytes (Attributes)
--------------------------------        ----        ----        ------- ----- ------------
CSEG                                000000D2    0000075C =        1884. bytes (REL,CON,CODE)

      Value  Global                              Global Defined In Module
      -----  --------------------------------   ------------------------
C:   000001CD  A$main$944                         main
C:   000001CD  C$LatticeScreen.c$223$3_1$48       main
C:   000001CF  A$main$945                         main
C:   000001D1  A$main$946                         main
C:   000001D2  A$main$947                         main
C:   000001D3  A$main$948                         main
C:   000001D4  A$main$949                         main
C:   000001D5  A$main$950                         main
C:   000001D6  A$main$951                         main
C:   000001D7  A$main$952                         main
C:   000001D8  A$main$953                         main
C:   000001DA  A$main$954                         main
C:   000001DC  A$main$955                         main
C:   000001DD  A$main$956                         main
C:   000001DF  A$main$957                         main
C:   000001E1  A$main$958                         main
C:   000001E2  A$main$959                         main
C:   000001E3  A$main$960                         main
C:   000001E6  A$main$961                         main
C:   000001E8  A$main$962                         main
C:   000001EA  A$main$963                         main
C:   000001EC  A$main$965                         main
C:   000001EE  A$main$966                         main
C:   000001F0  A$main$970                         main
C:   000001F0  C$LatticeScreen.c$224$3_1$48       main
C:   000001F2  A$main$971                         main
C:   000001F4  A$main$972                         main
C:   000001F5  A$main$973                         main
C:   000001F6  A$main$974                         main
C:   000001F7  A$main$975                         main
C:   000001F8  A$main$976                         main
C:   000001F9  A$main$977                         main
C:   000001FA  A$main$978                         main
C:   000001FB  A$main$979                         main
C:   000001FD  A$main$980                         main
C:   000001FF  A$main$981                         main
C:   00000200  A$main$982                         main
C:   00000202  A$main$983                         main
C:   00000204  A$main$984                         main
C:   00000205  A$main$985                         main
C:   00000206  A$main$986                         main
C:   00000209  A$main$987                         main
C:   0000020B  A$main$988                         main
C:   0000020D  A$main$989                         main
C:   0000020F  A$main$991                         main
C:   00000211  A$main$992                         main
C:   00000213  A$main$994                         main
C:   00000214  A$main$995                         main
C:   00000215  A$main$996                         main
C:   00000216  A$main$999                         main
C:   00000216  C$LatticeScreen.c$225$3_1$48       main
ASxxxx Linker V03.00 + NoICE + sdld,  page 29.
Hexadecimal  [32-Bits]

Area                                    Addr        Size        Decimal Bytes (Attributes)
--------------------------------        ----        ----        ------- ----- ------------
CSEG                                000000D2    0000075C =        1884. bytes (REL,CON,CODE)

      Value  Global                              Global Defined In Module
      -----  --------------------------------   ------------------------
C:   00000218  A$main$1000                        main
C:   0000021A  A$main$1001                        main
C:   0000021B  A$main$1002                        main
C:   0000021C  A$main$1003                        main
C:   0000021D  A$main$1004                        main
C:   0000021E  A$main$1005                        main
C:   0000021F  A$main$1006                        main
C:   00000220  A$main$1007                        main
C:   00000221  A$main$1008                        main
C:   00000223  A$main$1009                        main
C:   00000225  A$main$1010                        main
C:   00000226  A$main$1011                        main
C:   00000228  A$main$1012                        main
C:   0000022A  A$main$1013                        main
C:   0000022B  A$main$1014                        main
C:   0000022C  A$main$1015                        main
C:   0000022F  A$main$1016                        main
C:   00000231  A$main$1017                        main
C:   00000233  A$main$1018                        main
C:   00000235  A$main$1020                        main
C:   00000237  A$main$1021                        main
C:   00000239  A$main$1023                        main
C:   0000023A  A$main$1024                        main
C:   0000023B  A$main$1025                        main
C:   0000023C  A$main$1028                        main
C:   0000023C  C$LatticeScreen.c$226$3_1$48       main
C:   0000023E  A$main$1029                        main
C:   00000240  A$main$1030                        main
C:   00000241  A$main$1031                        main
C:   00000242  A$main$1032                        main
C:   00000243  A$main$1033                        main
C:   00000244  A$main$1034                        main
C:   00000245  A$main$1035                        main
C:   00000246  A$main$1036                        main
C:   00000247  A$main$1037                        main
C:   00000249  A$main$1038                        main
C:   0000024B  A$main$1039                        main
C:   0000024C  A$main$1040                        main
C:   0000024E  A$main$1041                        main
C:   00000250  A$main$1042                        main
C:   00000251  A$main$1043                        main
C:   00000252  A$main$1044                        main
C:   00000255  A$main$1045                        main
C:   00000257  A$main$1046                        main
C:   00000259  A$main$1047                        main
C:   0000025B  A$main$1049                        main
C:   0000025D  A$main$1050                        main
C:   0000025F  A$main$1052                        main
C:   00000260  A$main$1053                        main
C:   00000261  A$main$1054                        main
C:   00000262  A$main$1057                        main
ASxxxx Linker V03.00 + NoICE + sdld,  page 30.
Hexadecimal  [32-Bits]

Area                                    Addr        Size        Decimal Bytes (Attributes)
--------------------------------        ----        ----        ------- ----- ------------
CSEG                                000000D2    0000075C =        1884. bytes (REL,CON,CODE)

      Value  Global                              Global Defined In Module
      -----  --------------------------------   ------------------------
C:   00000262  C$LatticeScreen.c$227$3_1$48       main
C:   00000264  A$main$1058                        main
C:   00000266  A$main$1059                        main
C:   00000267  A$main$1060                        main
C:   00000268  A$main$1061                        main
C:   00000269  A$main$1062                        main
C:   0000026A  A$main$1063                        main
C:   0000026B  A$main$1064                        main
C:   0000026C  A$main$1065                        main
C:   0000026D  A$main$1066                        main
C:   0000026F  A$main$1067                        main
C:   00000271  A$main$1068                        main
C:   00000272  A$main$1069                        main
C:   00000274  A$main$1070                        main
C:   00000276  A$main$1071                        main
C:   00000277  A$main$1072                        main
C:   00000278  A$main$1073                        main
C:   0000027B  A$main$1074                        main
C:   0000027D  A$main$1075                        main
C:   0000027F  A$main$1076                        main
C:   00000281  A$main$1078                        main
C:   00000283  A$main$1079                        main
C:   00000285  A$main$1081                        main
C:   00000286  A$main$1082                        main
C:   00000287  A$main$1083                        main
C:   00000288  A$main$1086                        main
C:   00000288  C$LatticeScreen.c$228$3_1$48       main
C:   0000028A  A$main$1087                        main
C:   0000028C  A$main$1088                        main
C:   0000028D  A$main$1089                        main
C:   0000028E  A$main$1090                        main
C:   0000028F  A$main$1091                        main
C:   00000290  A$main$1092                        main
C:   00000291  A$main$1093                        main
C:   00000292  A$main$1094                        main
C:   00000293  A$main$1095                        main
C:   00000295  A$main$1096                        main
C:   00000297  A$main$1097                        main
C:   00000298  A$main$1098                        main
C:   0000029A  A$main$1099                        main
C:   0000029C  A$main$1100                        main
C:   0000029D  A$main$1101                        main
C:   0000029E  A$main$1102                        main
C:   000002A1  A$main$1103                        main
C:   000002A3  A$main$1104                        main
C:   000002A5  A$main$1105                        main
C:   000002A7  A$main$1107                        main
C:   000002A9  A$main$1108                        main
C:   000002AB  A$main$1110                        main
C:   000002AC  A$main$1111                        main
C:   000002AD  A$main$1112                        main
ASxxxx Linker V03.00 + NoICE + sdld,  page 31.
Hexadecimal  [32-Bits]

Area                                    Addr        Size        Decimal Bytes (Attributes)
--------------------------------        ----        ----        ------- ----- ------------
CSEG                                000000D2    0000075C =        1884. bytes (REL,CON,CODE)

      Value  Global                              Global Defined In Module
      -----  --------------------------------   ------------------------
C:   000002AE  A$main$1115                        main
C:   000002AE  C$LatticeScreen.c$229$3_1$48       main
C:   000002B0  A$main$1116                        main
C:   000002B2  A$main$1117                        main
C:   000002B3  A$main$1118                        main
C:   000002B4  A$main$1119                        main
C:   000002B5  A$main$1120                        main
C:   000002B6  A$main$1121                        main
C:   000002B7  A$main$1122                        main
C:   000002B8  A$main$1123                        main
C:   000002B9  A$main$1124                        main
C:   000002BB  A$main$1125                        main
C:   000002BD  A$main$1126                        main
C:   000002BE  A$main$1127                        main
C:   000002C0  A$main$1128                        main
C:   000002C2  A$main$1129                        main
C:   000002C3  A$main$1130                        main
C:   000002C4  A$main$1131                        main
C:   000002C7  A$main$1132                        main
C:   000002C9  A$main$1133                        main
C:   000002CB  A$main$1134                        main
C:   000002CD  A$main$1136                        main
C:   000002CF  A$main$1137                        main
C:   000002D1  A$main$1139                        main
C:   000002D2  A$main$1140                        main
C:   000002D3  A$main$1141                        main
C:   000002D4  A$main$1144                        main
C:   000002D4  C$LatticeScreen.c$230$3_1$48       main
C:   000002D6  A$main$1145                        main
C:   000002D8  A$main$1146                        main
C:   000002D9  A$main$1147                        main
C:   000002DA  A$main$1148                        main
C:   000002DB  A$main$1149                        main
C:   000002DC  A$main$1150                        main
C:   000002DD  A$main$1151                        main
C:   000002DE  A$main$1152                        main
C:   000002DF  A$main$1153                        main
C:   000002E1  A$main$1154                        main
C:   000002E3  A$main$1155                        main
C:   000002E4  A$main$1156                        main
C:   000002E6  A$main$1157                        main
C:   000002E8  A$main$1158                        main
C:   000002E9  A$main$1159                        main
C:   000002EA  A$main$1160                        main
C:   000002ED  A$main$1161                        main
C:   000002EF  A$main$1162                        main
C:   000002F1  A$main$1163                        main
C:   000002F3  A$main$1165                        main
C:   000002F5  A$main$1166                        main
C:   000002F7  A$main$1168                        main
C:   000002F8  A$main$1169                        main
ASxxxx Linker V03.00 + NoICE + sdld,  page 32.
Hexadecimal  [32-Bits]

Area                                    Addr        Size        Decimal Bytes (Attributes)
--------------------------------        ----        ----        ------- ----- ------------
CSEG                                000000D2    0000075C =        1884. bytes (REL,CON,CODE)

      Value  Global                              Global Defined In Module
      -----  --------------------------------   ------------------------
C:   000002F9  A$main$1170                        main
C:   000002FA  A$main$1173                        main
C:   000002FA  C$LatticeScreen.c$218$2_1$47       main
C:   000002FB  A$main$1174                        main
C:   000002FE  A$main$1176                        main
C:   00000300  A$main$1177                        main
C:   00000303  A$main$1184                        main
C:   00000303  C$LatticeScreen.c$234$2_1$45       main
C:   00000303  XG$LS_Show_Char_Font5x7$0$0        main
C:   00000304  A$main$1201                        main
C:   00000304  C$main.c$25$2_1$49                 main
C:   00000304  C$main.c$28$1_0$49                 main
C:   00000304  G$systick_init$0$0                 main
C:   00000304  _systick_init                      main
C:   00000307  A$main$1204                        main
C:   00000307  C$main.c$29$1_0$49                 main
C:   0000030A  A$main$1207                        main
C:   0000030A  C$main.c$30$1_0$49                 main
C:   0000030D  A$main$1210                        main
C:   0000030D  C$main.c$31$1_0$49                 main
C:   00000310  A$main$1214                        main
C:   00000310  C$main.c$32$1_0$49                 main
C:   00000312  A$main$1218                        main
C:   00000312  C$main.c$33$1_0$49                 main
C:   00000314  A$main$1222                        main
C:   00000314  C$main.c$34$1_0$49                 main
C:   00000316  A$main$1225                        main
C:   00000316  C$main.c$39$1_1$50                 main
C:   00000319  A$main$1228                        main
C:   00000319  C$main.c$40$1_1$50                 main
C:   0000031C  A$main$1233                        main
C:   0000031C  C$main.c$42$1_1$49                 main
C:   0000031C  XG$systick_init$0$0                main
C:   0000031D  A$main$1254                        main
C:   0000031D  C$main.c$49$1_1$52                 main
C:   0000031D  G$systick_interrupt$0$0            main
C:   0000031D  _systick_interrupt                 main
C:   0000031F  A$main$1255                        main
C:   00000321  A$main$1256                        main
C:   00000323  A$main$1257                        main
C:   00000325  A$main$1258                        main
C:   00000327  A$main$1259                        main
C:   00000329  A$main$1260                        main
C:   0000032B  A$main$1261                        main
C:   0000032D  A$main$1262                        main
C:   0000032F  A$main$1263                        main
C:   00000331  A$main$1264                        main
C:   00000333  A$main$1265                        main
C:   00000335  A$main$1266                        main
C:   00000337  A$main$1267                        main
C:   00000339  A$main$1268                        main
ASxxxx Linker V03.00 + NoICE + sdld,  page 33.
Hexadecimal  [32-Bits]

Area                                    Addr        Size        Decimal Bytes (Attributes)
--------------------------------        ----        ----        ------- ----- ------------
CSEG                                000000D2    0000075C =        1884. bytes (REL,CON,CODE)

      Value  Global                              Global Defined In Module
      -----  --------------------------------   ------------------------
C:   0000033C  A$main$1271                        main
C:   0000033C  C$main.c$51$1_0$52                 main
C:   0000033E  A$main$1272                        main
C:   0000033F  A$main$1273                        main
C:   00000342  A$main$1274                        main
C:   00000343  A$main$1275                        main
C:   00000344  A$main$1276                        main
C:   00000347  A$main$1277                        main
C:   00000348  A$main$1278                        main
C:   00000349  A$main$1279                        main
C:   0000034C  A$main$1280                        main
C:   0000034D  A$main$1281                        main
C:   0000034E  A$main$1282                        main
C:   00000351  A$main$1283                        main
C:   00000352  A$main$1284                        main
C:   00000353  A$main$1285                        main
C:   00000356  A$main$1286                        main
C:   00000357  A$main$1287                        main
C:   00000358  A$main$1288                        main
C:   0000035B  A$main$1289                        main
C:   0000035C  A$main$1290                        main
C:   0000035D  A$main$1291                        main
C:   00000360  A$main$1292                        main
C:   00000361  A$main$1293                        main
C:   00000362  A$main$1297                        main
C:   00000362  C$main.c$52$1_0$52                 main
C:   00000364  A$main$1298                        main
C:   00000365  A$main$1299                        main
C:   00000367  A$main$1302                        main
C:   00000367  C$main.c$54$2_0$53                 main
C:   00000369  A$main$1303                        main
C:   0000036B  A$main$1304                        main
C:   0000036C  A$main$1305                        main
C:   0000036E  A$main$1306                        main
C:   0000036F  A$main$1307                        main
C:   00000370  A$main$1308                        main
C:   00000371  A$main$1309                        main
C:   00000373  A$main$1310                        main
C:   00000374  A$main$1311                        main
C:   00000375  A$main$1312                        main
C:   00000376  A$main$1313                        main
C:   00000378  A$main$1314                        main
C:   00000379  A$main$1315                        main
C:   0000037A  A$main$1316                        main
C:   0000037B  A$main$1317                        main
C:   0000037D  A$main$1318                        main
C:   0000037E  A$main$1319                        main
C:   0000037F  A$main$1320                        main
C:   00000380  A$main$1321                        main
C:   00000382  A$main$1322                        main
C:   00000383  A$main$1323                        main
ASxxxx Linker V03.00 + NoICE + sdld,  page 34.
Hexadecimal  [32-Bits]

Area                                    Addr        Size        Decimal Bytes (Attributes)
--------------------------------        ----        ----        ------- ----- ------------
CSEG                                000000D2    0000075C =        1884. bytes (REL,CON,CODE)

      Value  Global                              Global Defined In Module
      -----  --------------------------------   ------------------------
C:   00000384  A$main$1324                        main
C:   00000385  A$main$1325                        main
C:   00000387  A$main$1326                        main
C:   00000388  A$main$1327                        main
C:   00000389  A$main$1328                        main
C:   0000038A  A$main$1329                        main
C:   0000038C  A$main$1330                        main
C:   0000038D  A$main$1331                        main
C:   0000038E  A$main$1332                        main
C:   0000038F  A$main$1333                        main
C:   00000391  A$main$1334                        main
C:   00000393  A$main$1335                        main
C:   00000394  A$main$1336                        main
C:   00000396  A$main$1337                        main
C:   00000397  A$main$1338                        main
C:   00000399  A$main$1339                        main
C:   0000039A  A$main$1340                        main
C:   0000039B  A$main$1341                        main
C:   0000039D  A$main$1342                        main
C:   0000039E  A$main$1343                        main
C:   0000039F  A$main$1344                        main
C:   000003A1  A$main$1345                        main
C:   000003A2  A$main$1346                        main
C:   000003A3  A$main$1347                        main
C:   000003A5  A$main$1348                        main
C:   000003A6  A$main$1349                        main
C:   000003A7  A$main$1350                        main
C:   000003A9  A$main$1351                        main
C:   000003AA  A$main$1352                        main
C:   000003AB  A$main$1353                        main
C:   000003AD  A$main$1354                        main
C:   000003AE  A$main$1355                        main
C:   000003AF  A$main$1356                        main
C:   000003B1  A$main$1357                        main
C:   000003B2  A$main$1358                        main
C:   000003B3  A$main$1359                        main
C:   000003B5  A$main$1362                        main
C:   000003B5  C$main.c$56$3_0$54                 main
C:   000003B7  A$main$1363                        main
C:   000003B9  A$main$1364                        main
C:   000003BC  A$main$1365                        main
C:   000003BF  A$main$1366                        main
C:   000003C2  A$main$1367                        main
C:   000003C5  A$main$1368                        main
C:   000003C8  A$main$1371                        main
C:   000003C8  C$main.c$57$3_0$54                 main
C:   000003CA  A$main$1372                        main
C:   000003CC  A$main$1376                        main
C:   000003CC  C$main.c$61$1_0$52                 main
C:   000003CE  A$main$1379                        main
C:   000003CE  C$main.c$63$1_0$52                 main
ASxxxx Linker V03.00 + NoICE + sdld,  page 35.
Hexadecimal  [32-Bits]

Area                                    Addr        Size        Decimal Bytes (Attributes)
--------------------------------        ----        ----        ------- ----- ------------
CSEG                                000000D2    0000075C =        1884. bytes (REL,CON,CODE)

      Value  Global                              Global Defined In Module
      -----  --------------------------------   ------------------------
C:   000003D1  A$main$1380                        main
C:   000003D4  A$main$1381                        main
C:   000003D7  A$main$1384                        main
C:   000003D9  A$main$1385                        main
C:   000003DB  A$main$1386                        main
C:   000003DD  A$main$1387                        main
C:   000003DF  A$main$1388                        main
C:   000003E1  A$main$1389                        main
C:   000003E3  A$main$1390                        main
C:   000003E5  A$main$1391                        main
C:   000003E7  A$main$1392                        main
C:   000003E9  A$main$1393                        main
C:   000003EB  A$main$1394                        main
C:   000003ED  A$main$1395                        main
C:   000003EF  A$main$1396                        main
C:   000003F1  A$main$1397                        main
C:   000003F3  A$main$1400                        main
C:   000003F3  C$main.c$64$1_0$52                 main
C:   000003F3  XG$systick_interrupt$0$0           main
C:   000003F4  A$main$1426                        main
C:   000003F4  C$main.c$78$1_0$55                 main
C:   000003F4  C$main.c$84$1_0$55                 main
C:   000003F4  G$Uart_Init$0$0                    main
C:   000003F4  _Uart_Init                         main
C:   000003F7  A$main$1429                        main
C:   000003F7  C$main.c$85$1_0$55                 main
C:   000003FA  A$main$1432                        main
C:   000003FA  C$main.c$86$1_0$55                 main
C:   000003FD  A$main$1435                        main
C:   000003FD  C$main.c$98$1_0$55                 main
C:   00000400  A$main$1438                        main
C:   00000400  C$main.c$105$1_0$55                main
C:   00000403  A$main$1441                        main
C:   00000403  C$main.c$106$1_0$55                main
C:   00000406  A$main$1444                        main
C:   00000406  C$main.c$107$1_0$55                main
C:   00000409  A$main$1447                        main
C:   00000409  C$main.c$108$1_0$55                main
C:   0000040C  A$main$1451                        main
C:   0000040C  C$main.c$109$1_0$55                main
C:   0000040E  A$main$1455                        main
C:   0000040E  C$main.c$110$1_0$55                main
C:   00000410  A$main$1460                        main
C:   00000410  C$main.c$111$1_0$55                main
C:   00000410  XG$Uart_Init$0$0                   main
C:   00000411  A$main$1473                        main
C:   00000411  C$main.c$112$1_0$57                main
C:   00000411  G$Uart_Send$0$0                    main
C:   00000411  _Uart_Send                         main
C:   00000413  A$main$1477                        main
C:   00000413  C$main.c$114$1_0$57                main
ASxxxx Linker V03.00 + NoICE + sdld,  page 36.
Hexadecimal  [32-Bits]

Area                                    Addr        Size        Decimal Bytes (Attributes)
--------------------------------        ----        ----        ------- ----- ------------
CSEG                                000000D2    0000075C =        1884. bytes (REL,CON,CODE)

      Value  Global                              Global Defined In Module
      -----  --------------------------------   ------------------------
C:   00000416  A$main$1480                        main
C:   00000416  C$main.c$115$1_0$57                main
C:   00000418  A$main$1483                        main
C:   00000418  C$main.c$116$1_0$57                main
C:   0000041A  A$main$1487                        main
C:   0000041A  C$main.c$132$1_0$57                main
C:   0000041C  A$main$1490                        main
C:   0000041C  C$main.c$133$1_0$57                main
C:   0000041F  A$main$1495                        main
C:   0000041F  C$main.c$134$1_0$57                main
C:   0000041F  XG$Uart_Send$0$0                   main
C:   00000420  A$main$1506                        main
C:   00000420  C$main.c$138$1_0$61                main
C:   00000420  G$Uart_Interrupt$0$0               main
C:   00000420  _Uart_Interrupt                    main
C:   00000422  A$main$1507                        main
C:   00000424  A$main$1508                        main
C:   00000426  A$main$1509                        main
C:   00000428  A$main$1510                        main
C:   0000042A  A$main$1511                        main
C:   0000042C  A$main$1512                        main
C:   0000042E  A$main$1513                        main
C:   00000430  A$main$1514                        main
C:   00000432  A$main$1515                        main
C:   00000434  A$main$1516                        main
C:   00000436  A$main$1517                        main
C:   00000438  A$main$1518                        main
C:   0000043A  A$main$1519                        main
C:   0000043C  A$main$1520                        main
C:   0000043F  A$main$1526                        main
C:   0000043F  C$main.c$140$1_0$61                main
C:   0000043F  C$main.c$142$2_0$62                main
C:   00000442  A$main$1527                        main
C:   00000444  A$main$1532                        main
C:   00000444  C$main.c$143$2_0$62                main
C:   00000446  A$main$1536                        main
C:   00000446  C$main.c$145$1_0$61                main
C:   00000449  A$main$1539                        main
C:   00000449  C$main.c$159$2_0$63                main
C:   0000044B  A$main$1540                        main
C:   0000044D  A$main$1541                        main
C:   0000044F  A$main$1542                        main
C:   00000450  A$main$1543                        main
C:   00000451  A$main$1544                        main
C:   00000452  A$main$1545                        main
C:   00000453  A$main$1546                        main
C:   00000455  A$main$1547                        main
C:   00000456  A$main$1548                        main
C:   00000458  A$main$1551                        main
C:   00000458  C$main.c$160$2_0$63                main
C:   0000045A  A$main$1552                        main
ASxxxx Linker V03.00 + NoICE + sdld,  page 37.
Hexadecimal  [32-Bits]

Area                                    Addr        Size        Decimal Bytes (Attributes)
--------------------------------        ----        ----        ------- ----- ------------
CSEG                                000000D2    0000075C =        1884. bytes (REL,CON,CODE)

      Value  Global                              Global Defined In Module
      -----  --------------------------------   ------------------------
C:   0000045D  A$main$1554                        main
C:   0000045F  A$main$1557                        main
C:   0000045F  C$main.c$162$3_0$64                main
C:   00000462  A$main$1558                        main
C:   00000465  A$main$1559                        main
C:   00000468  A$main$1560                        main
C:   0000046B  A$main$1563                        main
C:   0000046B  C$main.c$163$3_0$64                main
C:   0000046D  A$main$1564                        main
C:   0000046F  A$main$1568                        main
C:   0000046F  C$main.c$165$2_0$63                main
C:   00000471  A$main$1569                        main
C:   00000473  A$main$1570                        main
C:   00000474  A$main$1571                        main
C:   00000475  A$main$1572                        main
C:   00000476  A$main$1573                        main
C:   00000477  A$main$1574                        main
C:   00000478  A$main$1575                        main
C:   00000479  A$main$1576                        main
C:   0000047A  A$main$1577                        main
C:   0000047B  A$main$1578                        main
C:   0000047C  A$main$1579                        main
C:   0000047D  A$main$1580                        main
C:   0000047E  A$main$1581                        main
C:   0000047F  A$main$1582                        main
C:   00000480  A$main$1583                        main
C:   00000481  A$main$1584                        main
C:   00000482  A$main$1585                        main
C:   00000483  A$main$1586                        main
C:   00000484  A$main$1587                        main
C:   00000485  A$main$1588                        main
C:   00000486  A$main$1589                        main
C:   00000487  A$main$1590                        main
C:   00000488  A$main$1591                        main
C:   00000489  A$main$1592                        main
C:   0000048A  A$main$1593                        main
C:   0000048B  A$main$1594                        main
C:   0000048C  A$main$1595                        main
C:   0000048D  A$main$1596                        main
C:   0000048E  A$main$1597                        main
C:   0000048F  A$main$1598                        main
C:   00000490  A$main$1599                        main
C:   00000491  A$main$1603                        main
C:   00000491  C$main.c$166$2_0$63                main
C:   00000493  A$main$1607                        main
C:   00000495  A$main$1608                        main
C:   00000497  A$main$1609                        main
C:   00000499  A$main$1610                        main
C:   0000049B  A$main$1611                        main
C:   0000049D  A$main$1612                        main
C:   0000049F  A$main$1613                        main
ASxxxx Linker V03.00 + NoICE + sdld,  page 38.
Hexadecimal  [32-Bits]

Area                                    Addr        Size        Decimal Bytes (Attributes)
--------------------------------        ----        ----        ------- ----- ------------
CSEG                                000000D2    0000075C =        1884. bytes (REL,CON,CODE)

      Value  Global                              Global Defined In Module
      -----  --------------------------------   ------------------------
C:   000004A1  A$main$1614                        main
C:   000004A3  A$main$1615                        main
C:   000004A5  A$main$1616                        main
C:   000004A7  A$main$1617                        main
C:   000004A9  A$main$1618                        main
C:   000004AB  A$main$1619                        main
C:   000004AD  A$main$1620                        main
C:   000004AF  A$main$1623                        main
C:   000004AF  C$main.c$168$1_0$61                main
C:   000004AF  XG$Uart_Interrupt$0$0              main
C:   000004B0  A$main$1639                        main
C:   000004B0  C$main.c$170$1_0$65                main
C:   000004B0  C$main.c$175$1_0$65                main
C:   000004B0  G$Clk_In_Init$0$0                  main
C:   000004B0  _Clk_In_Init                       main
C:   000004B3  A$main$1642                        main
C:   000004B3  C$main.c$176$1_0$65                main
C:   000004B6  A$main$1646                        main
C:   000004B6  C$main.c$178$1_0$65                main
C:   000004B8  A$main$1650                        main
C:   000004B8  C$main.c$180$1_0$65                main
C:   000004BA  A$main$1654                        main
C:   000004BA  C$main.c$181$1_0$65                main
C:   000004BC  A$main$1658                        main
C:   000004BC  C$main.c$182$1_0$65                main
C:   000004BE  A$main$1662                        main
C:   000004BE  C$main.c$183$1_0$65                main
C:   000004C0  A$main$1667                        main
C:   000004C0  C$main.c$185$1_0$65                main
C:   000004C0  XG$Clk_In_Init$0$0                 main
C:   000004C1  A$main$1678                        main
C:   000004C1  C$main.c$187$1_0$66                main
C:   000004C1  G$Clk_In_Interrupt$0$0             main
C:   000004C1  _Clk_In_Interrupt                  main
C:   000004C3  A$main$1679                        main
C:   000004C5  A$main$1680                        main
C:   000004C7  A$main$1681                        main
C:   000004C9  A$main$1682                        main
C:   000004CB  A$main$1683                        main
C:   000004CD  A$main$1684                        main
C:   000004CF  A$main$1685                        main
C:   000004D1  A$main$1686                        main
C:   000004D3  A$main$1687                        main
C:   000004D5  A$main$1688                        main
C:   000004D7  A$main$1689                        main
C:   000004D9  A$main$1690                        main
C:   000004DB  A$main$1691                        main
C:   000004DD  A$main$1692                        main
C:   000004E0  A$main$1698                        main
C:   000004E0  C$main.c$189$1_0$66                main
C:   000004E0  C$main.c$191$2_0$67                main
ASxxxx Linker V03.00 + NoICE + sdld,  page 39.
Hexadecimal  [32-Bits]

Area                                    Addr        Size        Decimal Bytes (Attributes)
--------------------------------        ----        ----        ------- ----- ------------
CSEG                                000000D2    0000075C =        1884. bytes (REL,CON,CODE)

      Value  Global                              Global Defined In Module
      -----  --------------------------------   ------------------------
C:   000004E3  A$main$1699                        main
C:   000004E5  A$main$1704                        main
C:   000004E5  C$main.c$192$2_0$67                main
C:   000004E7  A$main$1707                        main
C:   000004E7  C$main.c$193$2_0$67                main
C:   000004E9  A$main$1708                        main
C:   000004EA  A$main$1709                        main
C:   000004EB  A$main$1710                        main
C:   000004EC  A$main$1711                        main
C:   000004ED  A$main$1712                        main
C:   000004EE  A$main$1713                        main
C:   000004EF  A$main$1714                        main
C:   000004F0  A$main$1715                        main
C:   000004F1  A$main$1716                        main
C:   000004F2  A$main$1717                        main
C:   000004F3  A$main$1718                        main
C:   000004F4  A$main$1719                        main
C:   000004F5  A$main$1720                        main
C:   000004F6  A$main$1721                        main
C:   000004F7  A$main$1722                        main
C:   000004F8  A$main$1723                        main
C:   000004F9  A$main$1727                        main
C:   000004F9  C$main.c$195$1_0$66                main
C:   000004FC  A$main$1730                        main
C:   000004FE  A$main$1731                        main
C:   00000500  A$main$1732                        main
C:   00000502  A$main$1733                        main
C:   00000504  A$main$1734                        main
C:   00000506  A$main$1735                        main
C:   00000508  A$main$1736                        main
C:   0000050A  A$main$1737                        main
C:   0000050C  A$main$1738                        main
C:   0000050E  A$main$1739                        main
C:   00000510  A$main$1740                        main
C:   00000512  A$main$1741                        main
C:   00000514  A$main$1742                        main
C:   00000516  A$main$1743                        main
C:   00000518  A$main$1746                        main
C:   00000518  C$main.c$196$1_0$66                main
C:   00000518  XG$Clk_In_Interrupt$0$0            main
C:   00000519  A$main$1759                        main
C:   00000519  C$main.c$200$1_0$68                main
C:   00000519  C$main.c$202$1_0$68                main
C:   00000519  G$On_SysTick_Timer$0$0             main
C:   00000519  _On_SysTick_Timer                  main
C:   0000051C  A$main$1764                        main
C:   0000051C  C$main.c$203$1_0$68                main
C:   0000051C  XG$On_SysTick_Timer$0$0            main
C:   0000051D  A$main$1779                        main
C:   0000051D  C$main.c$205$1_0$70                main
C:   0000051D  G$On_Uart_Idle$0$0                 main
ASxxxx Linker V03.00 + NoICE + sdld,  page 40.
Hexadecimal  [32-Bits]

Area                                    Addr        Size        Decimal Bytes (Attributes)
--------------------------------        ----        ----        ------- ----- ------------
CSEG                                000000D2    0000075C =        1884. bytes (REL,CON,CODE)

      Value  Global                              Global Defined In Module
      -----  --------------------------------   ------------------------
C:   0000051D  _On_Uart_Idle                      main
C:   0000051F  A$main$1782                        main
C:   0000051F  C$main.c$207$1_0$70                main
C:   00000521  A$main$1783                        main
C:   00000524  A$main$1784                        main
C:   00000525  A$main$1785                        main
C:   00000528  A$main$1786                        main
C:   0000052A  A$main$1788                        main
C:   0000052C  A$main$1792                        main
C:   0000052E  A$main$1796                        main
C:   0000052E  C$main.c$212$4_0$73                main
C:   0000052F  A$main$1797                        main
C:   00000531  A$main$1798                        main
C:   00000532  A$main$1799                        main
C:   00000533  A$main$1800                        main
C:   00000534  A$main$1801                        main
C:   00000535  A$main$1802                        main
C:   00000537  A$main$1803                        main
C:   00000539  A$main$1806                        main
C:   00000539  C$main.c$210$3_0$72                main
C:   0000053A  A$main$1807                        main
C:   0000053D  A$main$1809                        main
C:   0000053F  A$main$1815                        main
C:   0000053F  C$main.c$215$1_0$70                main
C:   0000053F  XG$On_Uart_Idle$0$0                main
C:   00000540  A$main$1835                        main
C:   00000540  C$main.c$216$1_0$75                main
C:   00000540  C$main.c$219$1_0$75                main
C:   00000540  C$main.c$221$1_0$75                main
C:   00000540  G$On_Uart_Buff_Full$0$0            main
C:   00000540  XG$On_Uart_Buff_Full$0$0           main
C:   00000540  _On_Uart_Buff_Full                 main
C:   00000541  A$main$1850                        main
C:   00000541  C$main.c$223$1_0$76                main
C:   00000541  C$main.c$225$1_0$76                main
C:   00000541  G$main$0$0                         main
C:   00000541  _main                              main
C:   00000544  A$main$1853                        main
C:   00000544  C$main.c$226$1_0$76                main
C:   00000547  A$main$1856                        main
C:   00000547  C$main.c$227$1_0$76                main
C:   0000054A  A$main$1859                        main
C:   0000054A  C$main.c$228$1_0$76                main
C:   0000054D  A$main$1865                        main
C:   0000054D  C$main.c$230$1_0$76                main
C:   0000054D  C$main.c$245$1_0$76                main
C:   00000550  A$main$1866                        main
C:   00000553  A$main$1867                        main
C:   00000554  A$main$1868                        main
C:   00000556  A$main$1869                        main
C:   00000558  A$main$1870                        main
ASxxxx Linker V03.00 + NoICE + sdld,  page 41.
Hexadecimal  [32-Bits]

Area                                    Addr        Size        Decimal Bytes (Attributes)
--------------------------------        ----        ----        ------- ----- ------------
CSEG                                000000D2    0000075C =        1884. bytes (REL,CON,CODE)

      Value  Global                              Global Defined In Module
      -----  --------------------------------   ------------------------
C:   0000055A  A$main$1871                        main
C:   0000055C  A$main$1872                        main
C:   0000055E  A$main$1873                        main
C:   00000560  A$main$1874                        main
C:   00000562  A$main$1875                        main
C:   00000564  A$main$1876                        main
C:   00000565  A$main$1877                        main
C:   00000567  A$main$1878                        main
C:   00000568  A$main$1879                        main
C:   0000056A  A$main$1880                        main
C:   0000056B  A$main$1881                        main
C:   0000056C  A$main$1882                        main
C:   0000056D  A$main$1883                        main
C:   0000056F  A$main$1884                        main
C:   00000570  A$main$1885                        main
C:   00000572  A$main$1886                        main
C:   00000573  A$main$1887                        main
C:   00000575  A$main$1888                        main
C:   00000576  A$main$1889                        main
C:   00000578  A$main$1890                        main
C:   0000057B  A$main$1891                        main
C:   0000057E  A$main$1892                        main
C:   00000581  A$main$1893                        main
C:   00000584  A$main$1894                        main
C:   00000586  A$main$1895                        main
C:   00000588  A$main$1896                        main
C:   0000058A  A$main$1897                        main
C:   0000058C  A$main$1898                        main
C:   0000058E  A$main$1899                        main
C:   00000591  A$main$1900                        main
C:   00000592  A$main$1901                        main
C:   00000594  A$main$1902                        main
C:   00000596  A$main$1903                        main
C:   00000598  A$main$1904                        main
C:   0000059A  A$main$1905                        main
C:   0000059C  A$main$1906                        main
C:   0000059E  A$main$1907                        main
C:   000005A0  A$main$1908                        main
C:   000005A3  A$main$1909                        main
C:   000005A6  A$main$1910                        main
C:   000005A9  A$main$1911                        main
C:   000005AB  A$main$1912                        main
C:   000005AD  A$main$1913                        main
C:   000005AF  A$main$1914                        main
C:   000005B1  A$main$1915                        main
C:   000005B3  A$main$1916                        main
C:   000005B6  A$main$1917                        main
C:   000005B9  A$main$1918                        main
C:   000005BC  A$main$1919                        main
C:   000005BF  A$main$1920                        main
C:   000005C1  A$main$1921                        main
ASxxxx Linker V03.00 + NoICE + sdld,  page 42.
Hexadecimal  [32-Bits]

Area                                    Addr        Size        Decimal Bytes (Attributes)
--------------------------------        ----        ----        ------- ----- ------------
CSEG                                000000D2    0000075C =        1884. bytes (REL,CON,CODE)

      Value  Global                              Global Defined In Module
      -----  --------------------------------   ------------------------
C:   000005C3  A$main$1922                        main
C:   000005C5  A$main$1923                        main
C:   000005C7  A$main$1924                        main
C:   000005C9  A$main$1925                        main
C:   000005CB  A$main$1926                        main
C:   000005CD  A$main$1927                        main
C:   000005CE  A$main$1928                        main
C:   000005D0  A$main$1929                        main
C:   000005D3  A$main$1930                        main
C:   000005D6  A$main$1935                        main
C:   000005D6  C$main.c$248$1_0$76                main
C:   000005D6  XG$main$0$0                        main
C:   000005D7  __modulonglong                     _modulonglong
C:   00000710  __divulonglong                     _divulonglong
C:   0000080D  __mulint                           _mulint
C:   0000080D  __mulint_dummy                     _mulint
C:   0000082A  __sdcc_external_startup            _startup

ASxxxx Linker V03.00 + NoICE + sdld,  page 43.
Hexadecimal  [32-Bits]

Area                                    Addr        Size        Decimal Bytes (Attributes)
--------------------------------        ----        ----        ------- ----- ------------
CONST                               0000082E    000001E0 =         480. bytes (REL,CON,CODE)

      Value  Global                              Global Defined In Module
      -----  --------------------------------   ------------------------
C:   0000082E  G$Font5x7$0_0$0                    main
C:   0000082E  _Font5x7                           main

ASxxxx Linker V03.00 + NoICE + sdld,  page 44.

Files Linked                              [ module(s) ]

main.rel                                  [  ]


Libraries Linked                          [ object file ]

D:\windows_10_software\Program Files\SDCC\bin\..\lib\small/mcs51.lib
                                          [ crtclear.rel ]
D:\windows_10_software\Program Files\SDCC\bin\..\lib\small/mcs51.lib
                                          [ crtxinit.rel ]
D:\windows_10_software\Program Files\SDCC\bin\..\lib\small/liblonglong.lib
                                          [ _modulonglong.rel ]
D:\windows_10_software\Program Files\SDCC\bin\..\lib\small/liblonglong.lib
                                          [ _divulonglong.rel ]
D:\windows_10_software\Program Files\SDCC\bin\..\lib\small/libint.lib
                                          [ _mulint.rel ]
D:\windows_10_software\Program Files\SDCC\bin\..\lib\small/mcs51.lib
                                          [ crtxclear.rel ]
D:\windows_10_software\Program Files\SDCC\bin\..\lib\small/mcs51.lib
                                          [ crtpagesfr.rel ]
D:\windows_10_software\Program Files\SDCC\bin\..\lib\small/mcs51.lib
                                          [ crtstart.rel ]
D:\windows_10_software\Program Files\SDCC\bin\..\lib\small/libsdcc.lib
                                          [ _startup.rel ]

ASxxxx Linker V03.00 + NoICE + sdld,  page 45.

User Base Address Definitions

HOME = 0x0000
XSEG = 0x0001
PSEG = 0x0001
ISEG = 0x0000
BSEG = 0x0000

